date and time: 
2020年 05月 04日 星期1 11:29:43 CST
 
os version: 
Ubuntu 18.04.4 LTS \n \l

 
hardware information: 
Linux bwhe-THTF-T-Series 5.3.0-46-generic #38~18.04.1-Ubuntu SMP Tue Mar 31 04:17:56 UTC 2020 x86_64 x86_64 x86_64 GNU/Linux
processor	: 0
vendor_id	: GenuineIntel
cpu family	: 6
model		: 78
model name	: Intel(R) Core(TM) i7-6500U CPU @ 2.50GHz
stepping	: 3
microcode	: 0xd6
cpu MHz		: 886.910
cache size	: 4096 KB
physical id	: 0
siblings	: 4
core id		: 0
cpu cores	: 2
apicid		: 0
initial apicid	: 0
fpu		: yes
fpu_exception	: yes
cpuid level	: 22
wp		: yes
flags		: fpu vme de pse tsc msr pae mce cx8 apic sep mtrr pge mca cmov pat pse36 clflush dts acpi mmx fxsr sse sse2 ss ht tm pbe syscall nx pdpe1gb rdtscp lm constant_tsc art arch_perfmon pebs bts rep_good nopl xtopology nonstop_tsc cpuid aperfmperf pni pclmulqdq dtes64 monitor ds_cpl vmx est tm2 ssse3 sdbg fma cx16 xtpr pdcm pcid sse4_1 sse4_2 x2apic movbe popcnt tsc_deadline_timer aes xsave avx f16c rdrand lahf_lm abm 3dnowprefetch cpuid_fault epb invpcid_single pti ssbd ibrs ibpb stibp tpr_shadow vnmi flexpriority ept vpid ept_ad fsgsbase tsc_adjust bmi1 avx2 smep bmi2 erms invpcid mpx rdseed adx smap clflushopt intel_pt xsaveopt xsavec xgetbv1 xsaves dtherm ida arat pln pts hwp hwp_notify hwp_act_window hwp_epp md_clear flush_l1d
bugs		: cpu_meltdown spectre_v1 spectre_v2 spec_store_bypass l1tf mds swapgs itlb_multihit
bogomips	: 5199.98
clflush size	: 64
cache_alignment	: 64
address sizes	: 39 bits physical, 48 bits virtual
power management:

processor	: 1
vendor_id	: GenuineIntel
cpu family	: 6
model		: 78
model name	: Intel(R) Core(TM) i7-6500U CPU @ 2.50GHz
stepping	: 3
microcode	: 0xd6
cpu MHz		: 1160.872
cache size	: 4096 KB
physical id	: 0
siblings	: 4
core id		: 1
cpu cores	: 2
apicid		: 2
initial apicid	: 2
fpu		: yes
fpu_exception	: yes
cpuid level	: 22
wp		: yes
flags		: fpu vme de pse tsc msr pae mce cx8 apic sep mtrr pge mca cmov pat pse36 clflush dts acpi mmx fxsr sse sse2 ss ht tm pbe syscall nx pdpe1gb rdtscp lm constant_tsc art arch_perfmon pebs bts rep_good nopl xtopology nonstop_tsc cpuid aperfmperf pni pclmulqdq dtes64 monitor ds_cpl vmx est tm2 ssse3 sdbg fma cx16 xtpr pdcm pcid sse4_1 sse4_2 x2apic movbe popcnt tsc_deadline_timer aes xsave avx f16c rdrand lahf_lm abm 3dnowprefetch cpuid_fault epb invpcid_single pti ssbd ibrs ibpb stibp tpr_shadow vnmi flexpriority ept vpid ept_ad fsgsbase tsc_adjust bmi1 avx2 smep bmi2 erms invpcid mpx rdseed adx smap clflushopt intel_pt xsaveopt xsavec xgetbv1 xsaves dtherm ida arat pln pts hwp hwp_notify hwp_act_window hwp_epp md_clear flush_l1d
bugs		: cpu_meltdown spectre_v1 spectre_v2 spec_store_bypass l1tf mds swapgs itlb_multihit
bogomips	: 5199.98
clflush size	: 64
cache_alignment	: 64
address sizes	: 39 bits physical, 48 bits virtual
power management:

processor	: 2
vendor_id	: GenuineIntel
cpu family	: 6
model		: 78
model name	: Intel(R) Core(TM) i7-6500U CPU @ 2.50GHz
stepping	: 3
microcode	: 0xd6
cpu MHz		: 769.656
cache size	: 4096 KB
physical id	: 0
siblings	: 4
core id		: 0
cpu cores	: 2
apicid		: 1
initial apicid	: 1
fpu		: yes
fpu_exception	: yes
cpuid level	: 22
wp		: yes
flags		: fpu vme de pse tsc msr pae mce cx8 apic sep mtrr pge mca cmov pat pse36 clflush dts acpi mmx fxsr sse sse2 ss ht tm pbe syscall nx pdpe1gb rdtscp lm constant_tsc art arch_perfmon pebs bts rep_good nopl xtopology nonstop_tsc cpuid aperfmperf pni pclmulqdq dtes64 monitor ds_cpl vmx est tm2 ssse3 sdbg fma cx16 xtpr pdcm pcid sse4_1 sse4_2 x2apic movbe popcnt tsc_deadline_timer aes xsave avx f16c rdrand lahf_lm abm 3dnowprefetch cpuid_fault epb invpcid_single pti ssbd ibrs ibpb stibp tpr_shadow vnmi flexpriority ept vpid ept_ad fsgsbase tsc_adjust bmi1 avx2 smep bmi2 erms invpcid mpx rdseed adx smap clflushopt intel_pt xsaveopt xsavec xgetbv1 xsaves dtherm ida arat pln pts hwp hwp_notify hwp_act_window hwp_epp md_clear flush_l1d
bugs		: cpu_meltdown spectre_v1 spectre_v2 spec_store_bypass l1tf mds swapgs itlb_multihit
bogomips	: 5199.98
clflush size	: 64
cache_alignment	: 64
address sizes	: 39 bits physical, 48 bits virtual
power management:

processor	: 3
vendor_id	: GenuineIntel
cpu family	: 6
model		: 78
model name	: Intel(R) Core(TM) i7-6500U CPU @ 2.50GHz
stepping	: 3
microcode	: 0xd6
cpu MHz		: 860.814
cache size	: 4096 KB
physical id	: 0
siblings	: 4
core id		: 1
cpu cores	: 2
apicid		: 3
initial apicid	: 3
fpu		: yes
fpu_exception	: yes
cpuid level	: 22
wp		: yes
flags		: fpu vme de pse tsc msr pae mce cx8 apic sep mtrr pge mca cmov pat pse36 clflush dts acpi mmx fxsr sse sse2 ss ht tm pbe syscall nx pdpe1gb rdtscp lm constant_tsc art arch_perfmon pebs bts rep_good nopl xtopology nonstop_tsc cpuid aperfmperf pni pclmulqdq dtes64 monitor ds_cpl vmx est tm2 ssse3 sdbg fma cx16 xtpr pdcm pcid sse4_1 sse4_2 x2apic movbe popcnt tsc_deadline_timer aes xsave avx f16c rdrand lahf_lm abm 3dnowprefetch cpuid_fault epb invpcid_single pti ssbd ibrs ibpb stibp tpr_shadow vnmi flexpriority ept vpid ept_ad fsgsbase tsc_adjust bmi1 avx2 smep bmi2 erms invpcid mpx rdseed adx smap clflushopt intel_pt xsaveopt xsavec xgetbv1 xsaves dtherm ida arat pln pts hwp hwp_notify hwp_act_window hwp_epp md_clear flush_l1d
bugs		: cpu_meltdown spectre_v1 spectre_v2 spec_store_bypass l1tf mds swapgs itlb_multihit
bogomips	: 5199.98
clflush size	: 64
cache_alignment	: 64
address sizes	: 39 bits physical, 48 bits virtual
power management:

MemTotal:        8067084 kB
MemFree:         4975916 kB
MemAvailable:    6449328 kB
Buffers:           90140 kB
Cached:          1823408 kB
SwapCached:            0 kB
Active:          1907832 kB
Inactive:         726224 kB
Active(anon):     898096 kB
Inactive(anon):    76516 kB
Active(file):    1009736 kB
Inactive(file):   649708 kB
Unevictable:      185484 kB
Mlocked:            7340 kB
SwapTotal:       9764860 kB
SwapFree:        9764860 kB
Dirty:               248 kB
Writeback:             0 kB
AnonPages:        905756 kB
Mapped:           446216 kB
Shmem:            254116 kB
KReclaimable:      74516 kB
Slab:             124440 kB
SReclaimable:      74516 kB
SUnreclaim:        49924 kB
KernelStack:        9636 kB
PageTables:        43420 kB
NFS_Unstable:          0 kB
Bounce:                0 kB
WritebackTmp:          0 kB
CommitLimit:    13798400 kB
Committed_AS:    5219340 kB
VmallocTotal:   34359738367 kB
VmallocUsed:       29020 kB
VmallocChunk:          0 kB
Percpu:             1344 kB
HardwareCorrupted:     0 kB
AnonHugePages:         0 kB
ShmemHugePages:        0 kB
ShmemPmdMapped:        0 kB
CmaTotal:              0 kB
CmaFree:               0 kB
HugePages_Total:       0
HugePages_Free:        0
HugePages_Rsvd:        0
HugePages_Surp:        0
Hugepagesize:       2048 kB
Hugetlb:               0 kB
DirectMap4k:      182412 kB
DirectMap2M:     4974592 kB
DirectMap1G:     4194304 kB
 
uptime: 
 11:29:43 up 28 min,  1 user,  load average: 0.55, 0.34, 0.28
 
service information: 
 [ + ]  acpid
 [ - ]  alsa-utils
 [ - ]  anacron
 [ + ]  apparmor
 [ + ]  apport
 [ + ]  avahi-daemon
 [ + ]  binfmt-support
 [ + ]  bluetooth
 [ - ]  console-setup.sh
 [ + ]  cron
 [ + ]  cups
 [ + ]  cups-browsed
 [ + ]  dbus
 [ - ]  dns-clean
 [ + ]  gdm3
 [ + ]  grub-common
 [ - ]  hwclock.sh
 [ + ]  irqbalance
 [ + ]  kerneloops
 [ - ]  keyboard-setup.sh
 [ + ]  kmod
 [ + ]  network-manager
 [ + ]  networking
 [ - ]  plymouth
 [ - ]  plymouth-log
 [ - ]  pppd-dns
 [ + ]  procps
 [ - ]  rsync
 [ + ]  rsyslog
 [ - ]  saned
 [ + ]  speech-dispatcher
 [ - ]  spice-vdagent
 [ + ]  ssh
 [ + ]  udev
 [ + ]  ufw
 [ + ]  unattended-upgrades
 [ - ]  uuidd
 [ + ]  whoopsie
 [ - ]  x11-common
 
nic information: 
enp3s0f1: flags=4099<UP,BROADCAST,MULTICAST>  mtu 1500
        ether b0:25:aa:24:52:1d  txqueuelen 1000  (Ethernet)
        RX packets 0  bytes 0 (0.0 B)
        RX errors 0  dropped 0  overruns 0  frame 0
        TX packets 0  bytes 0 (0.0 B)
        TX errors 0  dropped 0 overruns 0  carrier 0  collisions 0

lo: flags=73<UP,LOOPBACK,RUNNING>  mtu 65536
        inet 127.0.0.1  netmask 255.0.0.0
        inet6 ::1  prefixlen 128  scopeid 0x10<host>
        loop  txqueuelen 1000  (Local Loopback)
        RX packets 300  bytes 27687 (27.6 KB)
        RX errors 0  dropped 0  overruns 0  frame 0
        TX packets 300  bytes 27687 (27.6 KB)
        TX errors 0  dropped 0 overruns 0  carrier 0  collisions 0

wlp2s0: flags=4163<UP,BROADCAST,RUNNING,MULTICAST>  mtu 1500
        inet 192.168.0.105  netmask 255.255.255.0  broadcast 192.168.0.255
        inet6 fe80::1538:c28d:c74f:af30  prefixlen 64  scopeid 0x20<link>
        ether 88:b1:11:f7:fa:67  txqueuelen 1000  (Ethernet)
        RX packets 2772  bytes 1804585 (1.8 MB)
        RX errors 0  dropped 0  overruns 0  frame 0
        TX packets 2583  bytes 698342 (698.3 KB)
        TX errors 0  dropped 0 overruns 0  carrier 0  collisions 0

 
route information: 
Kernel IP routing table
Destination     Gateway         Genmask         Flags   MSS Window  irtt Iface
0.0.0.0         192.168.0.1     0.0.0.0         UG        0 0          0 wlp2s0
169.254.0.0     0.0.0.0         255.255.0.0     U         0 0          0 wlp2s0
192.168.0.0     0.0.0.0         255.255.255.0   U         0 0          0 wlp2s0
 
arp information: 
? (192.168.0.1) at 48:0e:ec:df:39:51 [ether] on wlp2s0
? (192.168.0.100) at 0c:20:d3:e5:1a:65 [ether] on wlp2s0
 
information of processes 
USER       PID %CPU %MEM    VSZ   RSS TTY      STAT START   TIME COMMAND
root         1  0.1  0.1 225588  9296 ?        -    11:00   0:02 /sbin/init splash
root         -  0.1    -      -     - -        Ss   11:00   0:02 -
root         2  0.0  0.0      0     0 ?        -    11:00   0:00 [kthreadd]
root         -  0.0    -      -     - -        S    11:00   0:00 -
root         3  0.0  0.0      0     0 ?        -    11:00   0:00 [rcu_gp]
root         -  0.0    -      -     - -        I<   11:00   0:00 -
root         4  0.0  0.0      0     0 ?        -    11:00   0:00 [rcu_par_gp]
root         -  0.0    -      -     - -        I<   11:00   0:00 -
root         6  0.0  0.0      0     0 ?        -    11:00   0:00 [kworker/0:0H-kb]
root         -  0.0    -      -     - -        I<   11:00   0:00 -
root         9  0.0  0.0      0     0 ?        -    11:00   0:00 [mm_percpu_wq]
root         -  0.0    -      -     - -        I<   11:00   0:00 -
root        10  0.0  0.0      0     0 ?        -    11:00   0:00 [ksoftirqd/0]
root         -  0.0    -      -     - -        S    11:00   0:00 -
root        11  0.1  0.0      0     0 ?        -    11:00   0:02 [rcu_sched]
root         -  0.1    -      -     - -        I    11:00   0:02 -
root        12  0.0  0.0      0     0 ?        -    11:00   0:00 [migration/0]
root         -  0.0    -      -     - -        S    11:00   0:00 -
root        13  0.0  0.0      0     0 ?        -    11:00   0:00 [idle_inject/0]
root         -  0.0    -      -     - -        S    11:00   0:00 -
root        14  0.0  0.0      0     0 ?        -    11:00   0:00 [cpuhp/0]
root         -  0.0    -      -     - -        S    11:00   0:00 -
root        15  0.0  0.0      0     0 ?        -    11:00   0:00 [cpuhp/1]
root         -  0.0    -      -     - -        S    11:00   0:00 -
root        16  0.0  0.0      0     0 ?        -    11:00   0:00 [idle_inject/1]
root         -  0.0    -      -     - -        S    11:00   0:00 -
root        17  0.0  0.0      0     0 ?        -    11:00   0:00 [migration/1]
root         -  0.0    -      -     - -        S    11:00   0:00 -
root        18  0.0  0.0      0     0 ?        -    11:00   0:00 [ksoftirqd/1]
root         -  0.0    -      -     - -        S    11:00   0:00 -
root        19  0.0  0.0      0     0 ?        -    11:00   0:00 [kworker/1:0-eve]
root         -  0.0    -      -     - -        I    11:00   0:00 -
root        20  0.0  0.0      0     0 ?        -    11:00   0:00 [kworker/1:0H-kb]
root         -  0.0    -      -     - -        I<   11:00   0:00 -
root        21  0.0  0.0      0     0 ?        -    11:00   0:00 [cpuhp/2]
root         -  0.0    -      -     - -        S    11:00   0:00 -
root        22  0.0  0.0      0     0 ?        -    11:00   0:00 [idle_inject/2]
root         -  0.0    -      -     - -        S    11:00   0:00 -
root        23  0.0  0.0      0     0 ?        -    11:00   0:00 [migration/2]
root         -  0.0    -      -     - -        S    11:00   0:00 -
root        24  0.0  0.0      0     0 ?        -    11:00   0:00 [ksoftirqd/2]
root         -  0.0    -      -     - -        S    11:00   0:00 -
root        26  0.0  0.0      0     0 ?        -    11:00   0:00 [kworker/2:0H-kb]
root         -  0.0    -      -     - -        I<   11:00   0:00 -
root        27  0.0  0.0      0     0 ?        -    11:00   0:00 [cpuhp/3]
root         -  0.0    -      -     - -        S    11:00   0:00 -
root        28  0.0  0.0      0     0 ?        -    11:00   0:00 [idle_inject/3]
root         -  0.0    -      -     - -        S    11:00   0:00 -
root        29  0.0  0.0      0     0 ?        -    11:00   0:00 [migration/3]
root         -  0.0    -      -     - -        S    11:00   0:00 -
root        30  0.0  0.0      0     0 ?        -    11:00   0:00 [ksoftirqd/3]
root         -  0.0    -      -     - -        S    11:00   0:00 -
root        31  0.0  0.0      0     0 ?        -    11:00   0:00 [kworker/3:0-eve]
root         -  0.0    -      -     - -        I    11:00   0:00 -
root        32  0.0  0.0      0     0 ?        -    11:00   0:00 [kworker/3:0H-kb]
root         -  0.0    -      -     - -        I<   11:00   0:00 -
root        33  0.0  0.0      0     0 ?        -    11:00   0:00 [kdevtmpfs]
root         -  0.0    -      -     - -        S    11:00   0:00 -
root        34  0.0  0.0      0     0 ?        -    11:00   0:00 [netns]
root         -  0.0    -      -     - -        I<   11:00   0:00 -
root        35  0.0  0.0      0     0 ?        -    11:00   0:00 [rcu_tasks_kthre]
root         -  0.0    -      -     - -        S    11:00   0:00 -
root        36  0.0  0.0      0     0 ?        -    11:00   0:00 [kauditd]
root         -  0.0    -      -     - -        S    11:00   0:00 -
root        38  0.0  0.0      0     0 ?        -    11:00   0:00 [khungtaskd]
root         -  0.0    -      -     - -        S    11:00   0:00 -
root        39  0.0  0.0      0     0 ?        -    11:00   0:00 [oom_reaper]
root         -  0.0    -      -     - -        S    11:00   0:00 -
root        40  0.0  0.0      0     0 ?        -    11:00   0:00 [writeback]
root         -  0.0    -      -     - -        I<   11:00   0:00 -
root        41  0.0  0.0      0     0 ?        -    11:00   0:00 [kcompactd0]
root         -  0.0    -      -     - -        S    11:00   0:00 -
root        42  0.0  0.0      0     0 ?        -    11:00   0:00 [ksmd]
root         -  0.0    -      -     - -        SN   11:00   0:00 -
root        43  0.0  0.0      0     0 ?        -    11:00   0:00 [khugepaged]
root         -  0.0    -      -     - -        SN   11:00   0:00 -
root       136  0.0  0.0      0     0 ?        -    11:00   0:00 [kintegrityd]
root         -  0.0    -      -     - -        I<   11:00   0:00 -
root       137  0.0  0.0      0     0 ?        -    11:00   0:00 [kblockd]
root         -  0.0    -      -     - -        I<   11:00   0:00 -
root       138  0.0  0.0      0     0 ?        -    11:00   0:00 [blkcg_punt_bio]
root         -  0.0    -      -     - -        I<   11:00   0:00 -
root       140  0.0  0.0      0     0 ?        -    11:00   0:00 [tpm_dev_wq]
root         -  0.0    -      -     - -        I<   11:00   0:00 -
root       141  0.0  0.0      0     0 ?        -    11:00   0:00 [ata_sff]
root         -  0.0    -      -     - -        I<   11:00   0:00 -
root       142  0.0  0.0      0     0 ?        -    11:00   0:00 [md]
root         -  0.0    -      -     - -        I<   11:00   0:00 -
root       143  0.0  0.0      0     0 ?        -    11:00   0:00 [edac-poller]
root         -  0.0    -      -     - -        I<   11:00   0:00 -
root       144  0.0  0.0      0     0 ?        -    11:00   0:00 [devfreq_wq]
root         -  0.0    -      -     - -        I<   11:00   0:00 -
root       145  0.0  0.0      0     0 ?        -    11:00   0:00 [watchdogd]
root         -  0.0    -      -     - -        S    11:00   0:00 -
root       148  0.0  0.0      0     0 ?        -    11:00   0:00 [kswapd0]
root         -  0.0    -      -     - -        S    11:00   0:00 -
root       150  0.0  0.0      0     0 ?        -    11:00   0:00 [ecryptfs-kthrea]
root         -  0.0    -      -     - -        S    11:00   0:00 -
root       153  0.0  0.0      0     0 ?        -    11:00   0:00 [kthrotld]
root         -  0.0    -      -     - -        I<   11:00   0:00 -
root       154  0.0  0.0      0     0 ?        -    11:00   0:00 [acpi_thermal_pm]
root         -  0.0    -      -     - -        I<   11:00   0:00 -
root       157  0.0  0.0      0     0 ?        -    11:00   0:00 [kworker/3:2-eve]
root         -  0.0    -      -     - -        I    11:00   0:00 -
root       158  0.0  0.0      0     0 ?        -    11:00   0:00 [ipv6_addrconf]
root         -  0.0    -      -     - -        I<   11:00   0:00 -
root       170  0.0  0.0      0     0 ?        -    11:00   0:00 [kstrp]
root         -  0.0    -      -     - -        I<   11:00   0:00 -
root       189  0.0  0.0      0     0 ?        -    11:00   0:00 [charger_manager]
root         -  0.0    -      -     - -        I<   11:00   0:00 -
root       239  0.0  0.0      0     0 ?        -    11:00   0:00 [scsi_eh_0]
root         -  0.0    -      -     - -        S    11:00   0:00 -
root       240  0.0  0.0      0     0 ?        -    11:00   0:00 [scsi_tmf_0]
root         -  0.0    -      -     - -        I<   11:00   0:00 -
root       241  0.0  0.0      0     0 ?        -    11:00   0:00 [scsi_eh_1]
root         -  0.0    -      -     - -        S    11:00   0:00 -
root       242  0.0  0.0      0     0 ?        -    11:00   0:00 [scsi_tmf_1]
root         -  0.0    -      -     - -        I<   11:00   0:00 -
root       245  0.0  0.0      0     0 ?        -    11:00   0:00 [kworker/3:1H-ev]
root         -  0.0    -      -     - -        I<   11:00   0:00 -
root       246  0.0  0.0      0     0 ?        -    11:00   0:00 [kworker/0:1H-ev]
root         -  0.0    -      -     - -        I<   11:00   0:00 -
root       247  0.0  0.0      0     0 ?        -    11:00   0:00 [kworker/1:1H-ev]
root         -  0.0    -      -     - -        I<   11:00   0:00 -
root       276  0.0  0.0      0     0 ?        -    11:00   0:00 [kworker/2:1H-ev]
root         -  0.0    -      -     - -        I<   11:00   0:00 -
root       279  0.0  0.0      0     0 ?        -    11:00   0:00 [jbd2/sda5-8]
root         -  0.0    -      -     - -        S    11:00   0:00 -
root       280  0.0  0.0      0     0 ?        -    11:00   0:00 [ext4-rsv-conver]
root         -  0.0    -      -     - -        I<   11:00   0:00 -
root       324  0.4  1.1 272520 94068 ?        -    11:00   0:07 /lib/systemd/systemd-journald
root         -  0.4    -      -     - -        S<s  11:00   0:07 -
root       344  0.0  0.0  46928  5096 ?        -    11:00   0:00 /lib/systemd/systemd-udevd
root         -  0.0    -      -     - -        Ss   11:00   0:00 -
root       365  0.0  0.0      0     0 ?        -    11:00   0:00 [loop0]
root         -  0.0    -      -     - -        S<   11:00   0:00 -
root       372  0.0  0.0      0     0 ?        -    11:00   0:00 [loop1]
root         -  0.0    -      -     - -        S<   11:00   0:00 -
root       380  0.0  0.0      0     0 ?        -    11:00   0:00 [loop2]
root         -  0.0    -      -     - -        S<   11:00   0:00 -
root       381  0.0  0.0      0     0 ?        -    11:00   0:00 [loop3]
root         -  0.0    -      -     - -        S<   11:00   0:00 -
root       382  0.0  0.0      0     0 ?        -    11:00   0:00 [loop4]
root         -  0.0    -      -     - -        S<   11:00   0:00 -
root       383  0.0  0.0      0     0 ?        -    11:00   0:00 [loop5]
root         -  0.0    -      -     - -        S<   11:00   0:00 -
root       384  0.0  0.0      0     0 ?        -    11:00   0:00 [loop6]
root         -  0.0    -      -     - -        S<   11:00   0:00 -
root       387  0.0  0.0      0     0 ?        -    11:00   0:00 [loop7]
root         -  0.0    -      -     - -        S<   11:00   0:00 -
root       388  0.0  0.0      0     0 ?        -    11:00   0:00 [loop8]
root         -  0.0    -      -     - -        S<   11:00   0:00 -
root       389  0.0  0.0      0     0 ?        -    11:00   0:00 [loop9]
root         -  0.0    -      -     - -        S<   11:00   0:00 -
root       390  0.0  0.0      0     0 ?        -    11:00   0:00 [loop10]
root         -  0.0    -      -     - -        S<   11:00   0:00 -
root       391  0.0  0.0      0     0 ?        -    11:00   0:00 [loop11]
root         -  0.0    -      -     - -        S<   11:00   0:00 -
root       392  0.0  0.0      0     0 ?        -    11:00   0:00 [loop12]
root         -  0.0    -      -     - -        S<   11:00   0:00 -
root       394  0.0  0.0      0     0 ?        -    11:00   0:00 [loop13]
root         -  0.0    -      -     - -        S<   11:00   0:00 -
root       395  0.0  0.0      0     0 ?        -    11:00   0:00 [loop14]
root         -  0.0    -      -     - -        S<   11:00   0:00 -
root       399  0.0  0.0      0     0 ?        -    11:00   0:00 [irq/63-smo8800]
root         -  0.0    -      -     - -        S    11:00   0:00 -
root       403  0.0  0.0      0     0 ?        -    11:00   0:00 [irq/129-mei_me]
root         -  0.0    -      -     - -        S    11:00   0:00 -
root       412  0.0  0.0      0     0 ?        -    11:00   0:00 [kworker/u9:1-hc]
root         -  0.0    -      -     - -        I<   11:00   0:00 -
root       415  0.0  0.0      0     0 ?        -    11:00   0:00 [kworker/u9:2-rb]
root         -  0.0    -      -     - -        I<   11:00   0:00 -
root       426  0.0  0.0      0     0 ?        -    11:00   0:00 [kmemstick]
root         -  0.0    -      -     - -        I<   11:00   0:00 -
root       441  0.0  0.0      0     0 ?        -    11:00   0:00 [cfg80211]
root         -  0.0    -      -     - -        I<   11:00   0:00 -
root       451  0.0  0.0      0     0 ?        -    11:00   0:00 [irq/132-iwlwifi]
root         -  0.0    -      -     - -        S    11:00   0:00 -
root       452  0.0  0.0      0     0 ?        -    11:00   0:00 [cryptd]
root         -  0.0    -      -     - -        I<   11:00   0:00 -
root       460  0.0  0.0      0     0 ?        -    11:00   0:00 [kworker/0:3-eve]
root         -  0.0    -      -     - -        I    11:00   0:00 -
root       515  0.0  0.0      0     0 ?        -    11:00   0:00 [nvkm-disp]
root         -  0.0    -      -     - -        I<   11:00   0:00 -
root       706  0.0  0.0      0     0 ?        -    11:00   0:00 [jbd2/sda6-8]
root         -  0.0    -      -     - -        S    11:00   0:00 -
root       707  0.0  0.0      0     0 ?        -    11:00   0:00 [ext4-rsv-conver]
root         -  0.0    -      -     - -        I<   11:00   0:00 -
root       773  0.0  0.0      0     0 ?        -    11:00   0:00 [jbd2/sdb6-8]
root         -  0.0    -      -     - -        S    11:00   0:00 -
root       774  0.0  0.0      0     0 ?        -    11:00   0:00 [ext4-rsv-conver]
root         -  0.0    -      -     - -        I<   11:00   0:00 -
systemd+   797  0.0  0.0 146116  3412 ?        -    11:00   0:00 /lib/systemd/systemd-timesyncd
systemd+     -  0.0    -      -     - -        Ssl  11:00   0:00 -
systemd+     -  0.0    -      -     - -        Ssl  11:00   0:00 -
systemd+   798  0.0  0.0  70768  5264 ?        -    11:00   0:00 /lib/systemd/systemd-resolved
systemd+     -  0.0    -      -     - -        Ss   11:00   0:00 -
root       920  0.0  0.0      0     0 ?        -    11:00   0:00 [kworker/1:3-eve]
root         -  0.0    -      -     - -        I    11:00   0:00 -
root       923  0.0  0.1 107688  8068 ?        -    11:00   0:00 /usr/sbin/cupsd -l
root         -  0.0    -      -     - -        Ss   11:00   0:00 -
root       925  0.0  0.0  38424  3604 ?        -    11:00   0:00 /usr/sbin/cron -f
root         -  0.0    -      -     - -        Ss   11:00   0:00 -
syslog     927  0.1  0.0 263032  4452 ?        -    11:00   0:02 /usr/sbin/rsyslogd -n
syslog       -  0.0    -      -     - -        Ssl  11:00   0:00 -
syslog       -  0.0    -      -     - -        Ssl  11:00   0:01 -
syslog       -  0.0    -      -     - -        Ssl  11:00   0:00 -
syslog       -  0.0    -      -     - -        Ssl  11:00   0:00 -
root       928  0.1  0.0   4548   848 ?        -    11:00   0:02 /usr/sbin/acpid
root         -  0.1    -      -     - -        Ss   11:00   0:02 -
root       929  0.0  0.1 187000  9508 ?        -    11:00   0:00 /usr/sbin/thermald --no-daemon --dbus-enable
root         -  0.0    -      -     - -        Ssl  11:00   0:00 -
root         -  0.0    -      -     - -        Ssl  11:00   0:00 -
root       931  0.0  0.0 110480  3480 ?        -    11:00   0:00 /usr/sbin/irqbalance --foreground
root         -  0.0    -      -     - -        Ssl  11:00   0:00 -
root         -  0.0    -      -     - -        Ssl  11:00   0:00 -
avahi      932  0.0  0.0  47256  3324 ?        -    11:00   0:00 avahi-daemon: running [bwhe-THTF-T-Series.local]
avahi        -  0.0    -      -     - -        Ss   11:00   0:00 -
root       934  0.0  0.0  36480  4516 ?        -    11:00   0:00 /usr/lib/bluetooth/bluetoothd
root         -  0.0    -      -     - -        Ss   11:00   0:00 -
message+   935  0.1  0.0  51724  6168 ?        -    11:00   0:02 /usr/bin/dbus-daemon --system --address=systemd: --nofork --nopidfile --systemd-activation --syslog-only
message+     -  0.1    -      -     - -        Ss   11:00   0:02 -
avahi      950  0.0  0.0  47072   340 ?        -    11:00   0:00 avahi-daemon: chroot helper
avahi        -  0.0    -      -     - -        S    11:00   0:00 -
root       955  0.0  0.0      0     0 ?        -    11:00   0:00 [ttm_swap]
root         -  0.0    -      -     - -        I<   11:00   0:00 -
root       962  0.0  0.1  45724  8268 ?        -    11:00   0:00 /sbin/wpa_supplicant -u -s -O /run/wpa_supplicant
root         -  0.0    -      -     - -        Ss   11:00   0:00 -
root       963  0.0  0.2 566780 18452 ?        -    11:00   0:01 /usr/sbin/NetworkManager --no-daemon
root         -  0.0    -      -     - -        Ssl  11:00   0:01 -
root         -  0.0    -      -     - -        Ssl  11:00   0:00 -
root         -  0.0    -      -     - -        Ssl  11:00   0:00 -
root       966  0.0  0.1 434324  9188 ?        -    11:00   0:00 /usr/sbin/ModemManager --filter-policy=strict
root         -  0.0    -      -     - -        Ssl  11:00   0:00 -
root         -  0.0    -      -     - -        Ssl  11:00   0:00 -
root         -  0.0    -      -     - -        Ssl  11:00   0:00 -
root       967  0.0  0.0 294896  7384 ?        -    11:00   0:01 /usr/lib/accountsservice/accounts-daemon
root         -  0.0    -      -     - -        Ssl  11:00   0:00 -
root         -  0.0    -      -     - -        Ssl  11:00   0:01 -
root         -  0.0    -      -     - -        Ssl  11:00   0:00 -
root       970  0.0  0.0  70728  6104 ?        -    11:00   0:01 /lib/systemd/systemd-logind
root         -  0.0    -      -     - -        Ss   11:00   0:01 -
root       993  0.0  0.1 503680 11984 ?        -    11:00   0:00 /usr/lib/udisks2/udisksd
root         -  0.0    -      -     - -        Ssl  11:00   0:00 -
root         -  0.0    -      -     - -        Ssl  11:00   0:00 -
root         -  0.0    -      -     - -        Ssl  11:00   0:00 -
root         -  0.0    -      -     - -        Ssl  11:00   0:00 -
root         -  0.0    -      -     - -        Ssl  11:00   0:00 -
root       995  0.0  0.2 177644 17652 ?        -    11:00   0:00 /usr/bin/python3 /usr/bin/networkd-dispatcher --run-startup-triggers
root         -  0.0    -      -     - -        Ssl  11:00   0:00 -
root         -  0.0    -      -     - -        Ssl  11:00   0:00 -
root       997  0.0  0.3 1527768 25876 ?       -    11:00   0:01 /usr/lib/snapd/snapd
root         -  0.0    -      -     - -        Ssl  11:00   0:00 -
root         -  0.0    -      -     - -        Ssl  11:00   0:00 -
root         -  0.0    -      -     - -        Ssl  11:00   0:00 -
root         -  0.0    -      -     - -        Ssl  11:00   0:00 -
root         -  0.0    -      -     - -        Ssl  11:00   0:00 -
root         -  0.0    -      -     - -        Ssl  11:00   0:00 -
root         -  0.0    -      -     - -        Ssl  11:00   0:00 -
root         -  0.0    -      -     - -        Ssl  11:00   0:00 -
root         -  0.0    -      -     - -        Ssl  11:00   0:00 -
root         -  0.0    -      -     - -        Ssl  11:00   0:00 -
root         -  0.0    -      -     - -        Ssl  11:00   0:00 -
root         -  0.0    -      -     - -        Ssl  11:00   0:00 -
root         -  0.0    -      -     - -        Ssl  11:00   0:00 -
root         -  0.0    -      -     - -        Ssl  11:00   0:00 -
root         -  0.0    -      -     - -        Ssl  11:00   0:00 -
root         -  0.0    -      -     - -        Ssl  11:05   0:00 -
root         -  0.0    -      -     - -        Ssl  11:05   0:00 -
root         -  0.0    -      -     - -        Ssl  11:05   0:00 -
root         -  0.0    -      -     - -        Ssl  11:05   0:00 -
root         -  0.0    -      -     - -        Ssl  11:05   0:00 -
root         -  0.0    -      -     - -        Ssl  11:05   0:00 -
root      1013  0.0  0.1 303440 10216 ?        -    11:00   0:00 /usr/lib/policykit-1/polkitd --no-debug
root         -  0.0    -      -     - -        Ssl  11:00   0:00 -
root         -  0.0    -      -     - -        Ssl  11:00   0:00 -
root         -  0.0    -      -     - -        Ssl  11:00   0:00 -
root      1015  0.0  0.1 303656 11028 ?        -    11:00   0:00 /usr/sbin/cups-browsed
root         -  0.0    -      -     - -        Ssl  11:00   0:00 -
root         -  0.0    -      -     - -        Ssl  11:00   0:00 -
root         -  0.0    -      -     - -        Ssl  11:00   0:00 -
root      1026  0.0  0.2 194352 20344 ?        -    11:00   0:00 /usr/bin/python3 /usr/share/unattended-upgrades/unattended-upgrade-shutdown --wait-for-signal
root         -  0.0    -      -     - -        Ssl  11:00   0:00 -
root         -  0.0    -      -     - -        Ssl  11:00   0:00 -
root      1043  0.0  0.0  72296  5808 ?        -    11:00   0:00 /usr/sbin/sshd -D
root         -  0.0    -      -     - -        Ss   11:00   0:00 -
root      1044  0.0  0.1 308188  8188 ?        -    11:00   0:00 /usr/sbin/gdm3
root         -  0.0    -      -     - -        Ssl  11:00   0:00 -
root         -  0.0    -      -     - -        Ssl  11:00   0:00 -
root         -  0.0    -      -     - -        Ssl  11:00   0:00 -
root      1056  0.0  0.1 261556  8656 ?        -    11:00   0:00 gdm-session-worker [pam/gdm-launch-environment]
root         -  0.0    -      -     - -        Sl   11:00   0:00 -
root         -  0.0    -      -     - -        Sl   11:00   0:00 -
root         -  0.0    -      -     - -        Sl   11:00   0:00 -
gdm       1073  0.0  0.1  77016  8164 ?        -    11:00   0:00 /lib/systemd/systemd --user
gdm          -  0.0    -      -     - -        Ss   11:00   0:00 -
gdm       1074  0.0  0.0 114196  2736 ?        -    11:00   0:00 (sd-pam)
gdm          -  0.0    -      -     - -        S    11:00   0:00 -
gdm       1085  0.0  0.0 197796  5904 tty1     -    11:00   0:00 /usr/lib/gdm3/gdm-wayland-session gnome-session --autostart /usr/share/gdm/greeter/autostart
gdm          -  0.0    -      -     - -        Ssl+ 11:00   0:00 -
gdm          -  0.0    -      -     - -        Ssl+ 11:00   0:00 -
gdm          -  0.0    -      -     - -        Ssl+ 11:00   0:00 -
gdm       1087  0.0  0.0  50316  4652 ?        -    11:00   0:00 /usr/bin/dbus-daemon --session --address=systemd: --nofork --nopidfile --systemd-activation --syslog-only
gdm          -  0.0    -      -     - -        Ss   11:00   0:00 -
gdm       1089  0.0  0.1 558968 14208 tty1     -    11:00   0:00 /usr/lib/gnome-session/gnome-session-binary --autostart /usr/share/gdm/greeter/autostart
gdm          -  0.0    -      -     - -        Sl+  11:00   0:00 -
gdm          -  0.0    -      -     - -        Sl+  11:00   0:00 -
gdm          -  0.0    -      -     - -        Sl+  11:00   0:00 -
gdm          -  0.0    -      -     - -        Sl+  11:00   0:00 -
gdm       1102  0.3  2.0 3499988 162264 tty1   -    11:00   0:06 /usr/bin/gnome-shell
gdm          -  0.2    -      -     - -        Sl+  11:00   0:05 -
gdm          -  0.0    -      -     - -        Sl+  11:00   0:00 -
gdm          -  0.0    -      -     - -        Sl+  11:00   0:00 -
gdm          -  0.0    -      -     - -        Sl+  11:00   0:00 -
gdm          -  0.0    -      -     - -        Sl+  11:00   0:00 -
gdm          -  0.0    -      -     - -        Sl+  11:00   0:00 -
gdm          -  0.0    -      -     - -        Sl+  11:00   0:00 -
gdm          -  0.0    -      -     - -        Sl+  11:00   0:00 -
gdm          -  0.0    -      -     - -        Sl+  11:00   0:00 -
gdm          -  0.0    -      -     - -        Sl+  11:00   0:00 -
gdm          -  0.0    -      -     - -        Sl+  11:00   0:00 -
gdm          -  0.0    -      -     - -        Sl+  11:00   0:00 -
gdm          -  0.0    -      -     - -        Sl+  11:00   0:00 -
gdm          -  0.0    -      -     - -        Sl+  11:00   0:00 -
gdm          -  0.0    -      -     - -        Sl+  11:00   0:00 -
root      1109  0.0  0.1 322452  9056 ?        -    11:00   0:00 /usr/lib/upower/upowerd
root         -  0.0    -      -     - -        Ssl  11:00   0:00 -
root         -  0.0    -      -     - -        Ssl  11:00   0:00 -
root         -  0.0    -      -     - -        Ssl  11:00   0:00 -
gdm       1181  0.0  0.6 628624 49932 tty1     -    11:00   0:00 /usr/bin/Xwayland :1024 -rootless -terminate -accessx -core -listen 4 -listen 5 -displayfd 6
gdm          -  0.0    -      -     - -        Sl+  11:00   0:00 -
gdm          -  0.0    -      -     - -        Sl+  11:00   0:00 -
gdm          -  0.0    -      -     - -        Sl+  11:00   0:00 -
gdm          -  0.0    -      -     - -        Sl+  11:00   0:00 -
gdm          -  0.0    -      -     - -        Sl+  11:00   0:00 -
gdm          -  0.0    -      -     - -        Sl+  11:00   0:00 -
gdm       1191  0.0  0.0 349264  6032 ?        -    11:00   0:00 /usr/lib/at-spi2-core/at-spi-bus-launcher
gdm          -  0.0    -      -     - -        Ssl  11:00   0:00 -
gdm          -  0.0    -      -     - -        Ssl  11:00   0:00 -
gdm          -  0.0    -      -     - -        Ssl  11:00   0:00 -
gdm          -  0.0    -      -     - -        Ssl  11:00   0:00 -
gdm       1196  0.0  0.0  49924  3792 ?        -    11:00   0:00 /usr/bin/dbus-daemon --config-file=/usr/share/defaults/at-spi2/accessibility.conf --nofork --print-address 3
gdm          -  0.0    -      -     - -        S    11:00   0:00 -
gdm       1198  0.0  0.0 220764  5836 ?        -    11:00   0:00 /usr/lib/at-spi2-core/at-spi2-registryd --use-gnome-session
gdm          -  0.0    -      -     - -        Sl   11:00   0:00 -
gdm          -  0.0    -      -     - -        Sl   11:00   0:00 -
gdm          -  0.0    -      -     - -        Sl   11:00   0:00 -
gdm       1202  0.0  0.1 1415668 11788 ?       -    11:00   0:00 /usr/bin/pulseaudio --daemonize=no
gdm          -  0.0    -      -     - -        Ssl  11:00   0:00 -
gdm          -  0.0    -      -     - -        Ssl  11:00   0:00 -
gdm          -  0.0    -      -     - -        Ssl  11:00   0:00 -
rtkit     1203  0.0  0.0 183504  2992 ?        -    11:00   0:00 /usr/lib/rtkit/rtkit-daemon
rtkit        -  0.0    -      -     - -        SNsl 11:00   0:00 -
rtkit        -  0.0    -      -     - -        Ssl  11:00   0:00 -
rtkit        -  0.0    -      -     - -        SNsl 11:00   0:00 -
gdm       1217  0.0  0.0 361368  7876 tty1     -    11:00   0:00 ibus-daemon --xim --panel disable
gdm          -  0.0    -      -     - -        Sl   11:00   0:00 -
gdm          -  0.0    -      -     - -        Sl   11:00   0:00 -
gdm          -  0.0    -      -     - -        Sl   11:00   0:00 -
gdm       1220  0.0  0.0 280744  6060 tty1     -    11:00   0:00 /usr/lib/ibus/ibus-dconf
gdm          -  0.0    -      -     - -        Sl   11:00   0:00 -
gdm          -  0.0    -      -     - -        Sl   11:00   0:00 -
gdm          -  0.0    -      -     - -        Sl   11:00   0:00 -
gdm          -  0.0    -      -     - -        Sl   11:00   0:00 -
gdm       1222  0.0  0.3 489232 29336 tty1     -    11:00   0:00 /usr/lib/ibus/ibus-x11 --kill-daemon
gdm          -  0.0    -      -     - -        Sl   11:00   0:00 -
gdm          -  0.0    -      -     - -        Sl   11:00   0:00 -
gdm          -  0.0    -      -     - -        Sl   11:00   0:00 -
gdm          -  0.0    -      -     - -        Sl   11:00   0:00 -
gdm       1228  0.0  0.0 278556  6212 ?        -    11:00   0:00 /usr/lib/ibus/ibus-portal
gdm          -  0.0    -      -     - -        Sl   11:00   0:00 -
gdm          -  0.0    -      -     - -        Sl   11:00   0:00 -
gdm          -  0.0    -      -     - -        Sl   11:00   0:00 -
gdm       1233  0.0  0.0 271560  5264 ?        -    11:00   0:00 /usr/libexec/xdg-permission-store
gdm          -  0.0    -      -     - -        Ssl  11:00   0:00 -
gdm          -  0.0    -      -     - -        Ssl  11:00   0:00 -
gdm          -  0.0    -      -     - -        Ssl  11:00   0:00 -
root      1241  0.0  0.0 296872  7076 ?        -    11:00   0:00 /usr/lib/x86_64-linux-gnu/boltd
root         -  0.0    -      -     - -        Ssl  11:00   0:00 -
root         -  0.0    -      -     - -        Ssl  11:00   0:00 -
root         -  0.0    -      -     - -        Ssl  11:00   0:00 -
root      1242  0.8  0.4 448768 38380 ?        -    11:00   0:14 /usr/lib/packagekit/packagekitd
root         -  0.0    -      -     - -        Ssl  11:00   0:00 -
root         -  0.0    -      -     - -        Ssl  11:00   0:00 -
root         -  0.0    -      -     - -        Ssl  11:00   0:00 -
gdm       1246  0.0  0.3 639912 30864 tty1     -    11:00   0:00 /usr/lib/gnome-settings-daemon/gsd-xsettings
gdm          -  0.0    -      -     - -        Sl+  11:00   0:00 -
gdm          -  0.0    -      -     - -        Sl+  11:00   0:00 -
gdm          -  0.0    -      -     - -        Sl+  11:00   0:00 -
gdm          -  0.0    -      -     - -        Sl+  11:00   0:00 -
gdm          -  0.0    -      -     - -        Sl+  11:00   0:00 -
gdm       1250  0.0  0.0 278152  6080 tty1     -    11:00   0:00 /usr/lib/gnome-settings-daemon/gsd-a11y-settings
gdm          -  0.0    -      -     - -        Sl+  11:00   0:00 -
gdm          -  0.0    -      -     - -        Sl+  11:00   0:00 -
gdm          -  0.0    -      -     - -        Sl+  11:00   0:00 -
gdm          -  0.0    -      -     - -        Sl+  11:00   0:00 -
gdm       1252  0.0  0.3 488840 28928 tty1     -    11:00   0:00 /usr/lib/gnome-settings-daemon/gsd-clipboard
gdm          -  0.0    -      -     - -        Sl+  11:00   0:00 -
gdm          -  0.0    -      -     - -        Sl+  11:00   0:00 -
gdm          -  0.0    -      -     - -        Sl+  11:00   0:00 -
gdm          -  0.0    -      -     - -        Sl+  11:00   0:00 -
gdm       1256  0.0  0.4 822512 32476 tty1     -    11:00   0:00 /usr/lib/gnome-settings-daemon/gsd-color
gdm          -  0.0    -      -     - -        Sl+  11:00   0:00 -
gdm          -  0.0    -      -     - -        Sl+  11:00   0:00 -
gdm          -  0.0    -      -     - -        Sl+  11:00   0:00 -
gdm          -  0.0    -      -     - -        Sl+  11:00   0:00 -
gdm          -  0.0    -      -     - -        Sl+  11:00   0:00 -
gdm       1257  0.0  0.1 393716 13884 tty1     -    11:00   0:00 /usr/lib/gnome-settings-daemon/gsd-datetime
gdm          -  0.0    -      -     - -        Sl+  11:00   0:00 -
gdm          -  0.0    -      -     - -        Sl+  11:00   0:00 -
gdm          -  0.0    -      -     - -        Sl+  11:00   0:00 -
gdm       1258  0.0  0.0 283740  6640 tty1     -    11:00   0:00 /usr/lib/gnome-settings-daemon/gsd-housekeeping
gdm          -  0.0    -      -     - -        Sl+  11:00   0:00 -
gdm          -  0.0    -      -     - -        Sl+  11:00   0:00 -
gdm          -  0.0    -      -     - -        Sl+  11:00   0:00 -
gdm       1261  0.0  0.3 643292 30120 tty1     -    11:00   0:00 /usr/lib/gnome-settings-daemon/gsd-keyboard
gdm          -  0.0    -      -     - -        Sl+  11:00   0:00 -
gdm          -  0.0    -      -     - -        Sl+  11:00   0:00 -
gdm          -  0.0    -      -     - -        Sl+  11:00   0:00 -
gdm          -  0.0    -      -     - -        Sl+  11:00   0:00 -
gdm          -  0.0    -      -     - -        Sl+  11:00   0:00 -
gdm       1265  0.0  0.3 1216484 31480 tty1    -    11:00   0:00 /usr/lib/gnome-settings-daemon/gsd-media-keys
gdm          -  0.0    -      -     - -        Sl+  11:00   0:00 -
gdm          -  0.0    -      -     - -        Sl+  11:00   0:00 -
gdm          -  0.0    -      -     - -        Sl+  11:00   0:00 -
gdm          -  0.0    -      -     - -        Sl+  11:00   0:00 -
gdm          -  0.0    -      -     - -        Sl+  11:00   0:00 -
gdm       1267  0.0  0.0 201996  4844 tty1     -    11:00   0:00 /usr/lib/gnome-settings-daemon/gsd-mouse
gdm          -  0.0    -      -     - -        Sl+  11:00   0:00 -
gdm          -  0.0    -      -     - -        Sl+  11:00   0:00 -
gdm          -  0.0    -      -     - -        Sl+  11:00   0:00 -
gdm       1268  0.0  0.3 1008884 31488 tty1    -    11:00   0:00 /usr/lib/gnome-settings-daemon/gsd-power
gdm          -  0.0    -      -     - -        Sl+  11:00   0:00 -
gdm          -  0.0    -      -     - -        Sl+  11:00   0:00 -
gdm          -  0.0    -      -     - -        Sl+  11:00   0:00 -
gdm          -  0.0    -      -     - -        Sl+  11:00   0:00 -
gdm          -  0.0    -      -     - -        Sl+  11:00   0:00 -
gdm          -  0.0    -      -     - -        Sl+  11:05   0:00 -
gdm       1271  0.0  0.1 267016  8944 tty1     -    11:00   0:00 /usr/lib/gnome-settings-daemon/gsd-print-notifications
gdm          -  0.0    -      -     - -        Sl+  11:00   0:00 -
gdm          -  0.0    -      -     - -        Sl+  11:00   0:00 -
gdm          -  0.0    -      -     - -        Sl+  11:00   0:00 -
gdm       1272  0.0  0.0 202016  4676 tty1     -    11:00   0:00 /usr/lib/gnome-settings-daemon/gsd-rfkill
gdm          -  0.0    -      -     - -        Sl+  11:00   0:00 -
gdm          -  0.0    -      -     - -        Sl+  11:00   0:00 -
gdm          -  0.0    -      -     - -        Sl+  11:00   0:00 -
gdm       1275  0.0  0.0 275732  5280 tty1     -    11:00   0:00 /usr/lib/gnome-settings-daemon/gsd-screensaver-proxy
gdm          -  0.0    -      -     - -        Sl+  11:00   0:00 -
gdm          -  0.0    -      -     - -        Sl+  11:00   0:00 -
gdm          -  0.0    -      -     - -        Sl+  11:00   0:00 -
gdm       1277  0.0  0.1 305244  8424 tty1     -    11:00   0:00 /usr/lib/gnome-settings-daemon/gsd-sharing
gdm          -  0.0    -      -     - -        Sl+  11:00   0:00 -
gdm          -  0.0    -      -     - -        Sl+  11:00   0:00 -
gdm          -  0.0    -      -     - -        Sl+  11:00   0:00 -
gdm          -  0.0    -      -     - -        Sl+  11:00   0:00 -
gdm       1282  0.0  0.1 377936  9436 tty1     -    11:00   0:00 /usr/lib/gnome-settings-daemon/gsd-smartcard
gdm          -  0.0    -      -     - -        Sl+  11:00   0:00 -
gdm          -  0.0    -      -     - -        Sl+  11:00   0:00 -
gdm          -  0.0    -      -     - -        Sl+  11:00   0:00 -
gdm          -  0.0    -      -     - -        Sl+  11:00   0:00 -
gdm          -  0.0    -      -     - -        Sl+  11:00   0:00 -
gdm       1286  0.0  0.1 332856  8088 tty1     -    11:00   0:00 /usr/lib/gnome-settings-daemon/gsd-sound
gdm          -  0.0    -      -     - -        Sl+  11:00   0:00 -
gdm          -  0.0    -      -     - -        Sl+  11:00   0:00 -
gdm          -  0.0    -      -     - -        Sl+  11:00   0:00 -
gdm          -  0.0    -      -     - -        Sl+  11:00   0:00 -
gdm       1289  0.0  0.3 574028 30512 tty1     -    11:00   0:00 /usr/lib/gnome-settings-daemon/gsd-wacom
gdm          -  0.0    -      -     - -        Sl+  11:00   0:00 -
gdm          -  0.0    -      -     - -        Sl+  11:00   0:00 -
gdm          -  0.0    -      -     - -        Sl+  11:00   0:00 -
gdm          -  0.0    -      -     - -        Sl+  11:00   0:00 -
gdm       1298  0.0  0.0 204888  6588 tty1     -    11:00   0:00 /usr/lib/ibus/ibus-engine-simple
gdm          -  0.0    -      -     - -        Sl   11:00   0:00 -
gdm          -  0.0    -      -     - -        Sl   11:00   0:00 -
gdm          -  0.0    -      -     - -        Sl   11:00   0:00 -
colord    1336  0.0  0.1 325012 14400 ?        -    11:00   0:00 /usr/lib/colord/colord
colord       -  0.0    -      -     - -        Ssl  11:00   0:00 -
colord       -  0.0    -      -     - -        Ssl  11:00   0:00 -
colord       -  0.0    -      -     - -        Ssl  11:00   0:00 -
root      1376  0.0  0.0  25988  6272 ?        -    11:01   0:00 /sbin/dhclient -d -q -sf /usr/lib/NetworkManager/nm-dhcp-helper -pf /run/dhclient-wlp2s0.pid -lf /var/lib/NetworkManager/dhclient-ffc2eaa8-bcc7-4059-a8b2-4156efa60735-wlp2s0.lease -cf /var/lib/NetworkManager/dhclient-wlp2s0.conf wlp2s0
root         -  0.0    -      -     - -        S    11:01   0:00 -
whoopsie  1415  0.0  0.1 388452 12544 ?        -    11:01   0:00 /usr/bin/whoopsie -f
whoopsie     -  0.0    -      -     - -        Ssl  11:01   0:00 -
whoopsie     -  0.0    -      -     - -        Ssl  11:01   0:00 -
whoopsie     -  0.0    -      -     - -        Ssl  11:01   0:00 -
kernoops  1416  0.0  0.0  56940   420 ?        -    11:01   0:00 /usr/sbin/kerneloops --test
kernoops     -  0.0    -      -     - -        Ss   11:01   0:00 -
kernoops  1418  0.0  0.0  56940   420 ?        -    11:01   0:00 /usr/sbin/kerneloops
kernoops     -  0.0    -      -     - -        Ss   11:01   0:00 -
root      1488  0.0  0.1 267748  9192 ?        -    11:04   0:00 gdm-session-worker [pam/gdm-password]
root         -  0.0    -      -     - -        Sl   11:04   0:00 -
root         -  0.0    -      -     - -        Sl   11:04   0:00 -
root         -  0.0    -      -     - -        Sl   11:04   0:00 -
bwhe      1492  0.0  0.1  77160  8348 ?        -    11:04   0:00 /lib/systemd/systemd --user LANG=en_US.UTF-8 LC_ADDRESS=zh_CN.UTF-8 LC_IDENTIFICATION=zh_CN.UTF-8 LC_MEASUREMENT=zh_CN.UTF-8 LC_MONETARY=zh_CN.UTF-8 LC_NAME=zh_CN.UTF-8 LC_NUMERIC=zh_CN.UTF-8 LC_PAPER=zh_CN.UTF-8 LC_TELEPHONE=zh_CN.UTF-8 LC_TIME=zh_CN.UTF-8 PATH=/usr/local/sbin:/usr/local/bin:/usr/sbin:/usr/bin:/sbin:/bin:/snap/bin NOTIFY_SOCKET=/run/systemd/notify HOME=/home/bwhe LOGNAME=bwhe USER=bwhe SHELL=/bin/zsh INVOCATION_ID=80548f28a1d84b9b93ff328d1193e832 JOURNAL_STREAM=9:35352 XDG_RUNTIME_DIR=/run/user/1000
bwhe         -  0.0    -      -     - -        Ss   11:04   0:00 -
bwhe      1493  0.0  0.0 261660  2780 ?        -    11:04   0:00 (sd-pam)
bwhe         -  0.0    -      -     - -        S    11:04   0:00 -
bwhe      1506  0.0  0.0 288360  7804 ?        -    11:04   0:00 /usr/bin/gnome-keyring-daemon --daemonize --login
bwhe         -  0.0    -      -     - -        Sl   11:04   0:00 -
bwhe         -  0.0    -      -     - -        Sl   11:04   0:00 -
bwhe         -  0.0    -      -     - -        Sl   11:04   0:00 -
bwhe         -  0.0    -      -     - -        Sl   11:04   0:00 -
bwhe      1510  0.0  0.0 212132  6296 tty2     -    11:04   0:00 /usr/lib/gdm3/gdm-x-session --run-script env GNOME_SHELL_SESSION_MODE=ubuntu gnome-session --session=ubuntu XDG_SEAT=seat0 LOGNAME=bwhe USER=bwhe USERNAME=bwhe HOME=/home/bwhe PWD=/home/bwhe SHELL=/bin/zsh PATH=/usr/local/sbin:/usr/local/bin:/usr/sbin:/usr/bin:/sbin:/bin:/usr/games:/usr/local/games XDG_SESSION_TYPE=x11 XDG_VTNR=2 LANG=en_US.UTF-8 LC_NUMERIC=zh_CN.UTF-8 LC_TIME=zh_CN.UTF-8 LC_MONETARY=zh_CN.UTF-8 LC_PAPER=zh_CN.UTF-8 LC_NAME=zh_CN.UTF-8 LC_ADDRESS=zh_CN.UTF-8 LC_TELEPHONE=zh_CN.UTF-8 LC_MEASUREMENT=zh_CN.UTF-8 LC_IDENTIFICATION=zh_CN.UTF-8 XDG_SESSION_ID=2 XDG_RUNTIME_DIR=/run/user/1000 DBUS_SESSION_BUS_ADDRESS=unix:path=/run/user/1000/bus GDMSESSION=ubuntu XDG_SESSION_DESKTOP=ubuntu DESKTOP_SESSION=ubuntu XDG_CURRENT_DESKTOP=ubuntu:GNOME
bwhe         -  0.0    -      -     - -        Ssl+ 11:04   0:00 -
bwhe         -  0.0    -      -     - -        Ssl+ 11:04   0:00 -
bwhe         -  0.0    -      -     - -        Ssl+ 11:04   0:00 -
bwhe      1512  3.2  1.1 765840 96552 tty2     -    11:04   0:48 /usr/lib/xorg/Xorg vt2 -displayfd 3 -auth /run/user/1000/gdm/Xauthority -background none -noreset -keeptty -verbose 3 USER=bwhe LC_TIME=zh_CN.UTF-8 XDG_SEAT=seat0 XDG_SESSION_TYPE=x11 HOME=/home/bwhe DESKTOP_SESSION=ubuntu LC_MONETARY=zh_CN.UTF-8 XORG_RUN_AS_USER_OK=1 DBUS_SESSION_BUS_ADDRESS=unix:path=/run/user/1000/bus LOGNAME=bwhe USERNAME=bwhe XDG_SESSION_ID=2 PATH=/usr/local/sbin:/usr/local/bin:/usr/sbin:/usr/bin:/sbin:/bin:/usr/games:/usr/local/games LC_ADDRESS=zh_CN.UTF-8 XDG_RUNTIME_DIR=/run/user/1000 LANG=en_US.UTF-8 LC_TELEPHONE=zh_CN.UTF-8 XDG_CURRENT_DESKTOP=ubuntu:GNOME XDG_SESSION_DESKTOP=ubuntu SHELL=/bin/zsh LC_NAME=zh_CN.UTF-8 GDMSESSION=ubuntu LC_MEASUREMENT=zh_CN.UTF-8 LC_IDENTIFICATION=zh_CN.UTF-8 XDG_VTNR=2 PWD=/home/bwhe LC_NUMERIC=zh_CN.UTF-8 LC_PAPER=zh_CN.UTF-8
bwhe         -  3.0    -      -     - -        Sl+  11:04   0:45 -
bwhe         -  0.0    -      -     - -        Sl+  11:04   0:00 -
bwhe         -  0.0    -      -     - -        Sl+  11:04   0:00 -
bwhe         -  0.0    -      -     - -        Sl+  11:04   0:00 -
bwhe         -  0.2    -      -     - -        Sl+  11:04   0:03 -
bwhe      1519  0.4  0.0  50844  5404 ?        -    11:04   0:06 /usr/bin/dbus-daemon --session --address=systemd: --nofork --nopidfile --systemd-activation --syslog-only DBUS_SESSION_BUS_ADDRESS=unix:path=/run/user/1000/bus HOME=/home/bwhe LANG=en_US.UTF-8 LC_ADDRESS=zh_CN.UTF-8 LC_IDENTIFICATION=zh_CN.UTF-8 LC_MEASUREMENT=zh_CN.UTF-8 LC_MONETARY=zh_CN.UTF-8 LC_NAME=zh_CN.UTF-8 LC_NUMERIC=zh_CN.UTF-8 LC_PAPER=zh_CN.UTF-8 LC_TELEPHONE=zh_CN.UTF-8 LC_TIME=zh_CN.UTF-8 LOGNAME=bwhe PATH=/usr/local/sbin:/usr/local/bin:/usr/sbin:/usr/bin:/sbin:/bin:/usr/games:/usr/local/games:/snap/bin SHELL=/bin/zsh USER=bwhe XDG_DATA_DIRS=/usr/local/share/:/usr/share/:/var/lib/snapd/desktop XDG_RUNTIME_DIR=/run/user/1000 MANAGERPID=1492 LISTEN_PID=1519 LISTEN_FDS=1 LISTEN_FDNAMES=dbus.socket INVOCATION_ID=0a533cea5fe64e31a16ac97eac219bf3 JOURNAL_STREAM=9:33357
bwhe         -  0.4    -      -     - -        Ss   11:04   0:06 -
bwhe      1522  0.0  0.1 559240 14464 tty2     -    11:04   0:00 /usr/lib/gnome-session/gnome-session-binary --session=ubuntu USER=bwhe LC_TIME=zh_CN.UTF-8 TEXTDOMAIN=im-config XDG_SEAT=seat0 XDG_SESSION_TYPE=x11 SSH_AGENT_PID=1613 SHLVL=0 QT4_IM_MODULE=fcitx HOME=/home/bwhe DESKTOP_SESSION=ubuntu GTK_MODULES=gail:atk-bridge GNOME_SHELL_SESSION_MODE=ubuntu LC_MONETARY=zh_CN.UTF-8 GOROOT=/usr/local/go DBUS_SESSION_BUS_ADDRESS=unix:path=/run/user/1000/bus MANDATORY_PATH=/usr/share/gconf/ubuntu.mandatory.path IM_CONFIG_PHASE=2 LOGNAME=bwhe GTK_IM_MODULE=fcitx DEFAULTS_PATH=/usr/share/gconf/ubuntu.default.path USERNAME=bwhe XDG_SESSION_ID=2 WINDOWPATH=2 PATH=/usr/local/sbin:/usr/local/bin:/usr/sbin:/usr/bin:/sbin:/bin:/usr/games:/usr/local/games:/snap/bin:/usr/local/go/bin:/home/bwhe/gocode/bin:/sbin LC_ADDRESS=zh_CN.UTF-8 XDG_RUNTIME_DIR=/run/user/1000 DISPLAY=:0 LANG=en_US.UTF-8 XDG_CURRENT_DESKTOP=ubuntu:GNOME LC_TELEPHONE=zh_CN.UTF-8 XDG_SESSION_DESKTOP=ubuntu XMODIFIERS=@im=fcitx XAUTHORITY=/run/user/1000/gdm/Xauthority SSH_AUTH_SOCK=/tmp/ssh-fAqn7vjx9C5B/agent.1522 LC_NAME=zh_CN.UTF-8 GOPATH=/home/bwhe/gocode SHELL=/bin/zsh QT_ACCESSIBILITY=1 GDMSESSION=ubuntu LC_MEASUREMENT=zh_CN.UTF-8 TEXTDOMAINDIR=/usr/share/locale/ GPG_AGENT_INFO=/run/user/1000/gnupg/S.gpg-agent:0:1 LC_IDENTIFICATION=zh_CN.UTF-8 XDG_VTNR=2 QT_IM_MODULE=fcitx PWD=/home/bwhe CLUTTER_IM_MODULE=xim XDG_DATA_DIRS=/usr/share/ubuntu:/usr/local/share/:/usr/share/:/var/lib/snapd/desktop XDG_CONFIG_DIRS=/etc/xdg/xdg-ubuntu:/etc/xdg LC_NUMERIC=zh_CN.UTF-8 LC_PAPER=zh_CN.UTF-8
bwhe         -  0.0    -      -     - -        Sl+  11:04   0:00 -
bwhe         -  0.0    -      -     - -        Sl+  11:04   0:00 -
bwhe         -  0.0    -      -     - -        Sl+  11:04   0:00 -
bwhe         -  0.0    -      -     - -        Sl+  11:04   0:00 -
bwhe      1547  0.2  0.6 421624 56416 ?        -    11:04   0:03 /usr/bin/fcitx CLUTTER_IM_MODULE=xim LC_MEASUREMENT=zh_CN.UTF-8 LC_PAPER=zh_CN.UTF-8 LC_MONETARY=zh_CN.UTF-8 LANG=en_US.UTF-8 DISPLAY=:0 USERNAME=bwhe XDG_VTNR=2 LC_NAME=zh_CN.UTF-8 XDG_SESSION_ID=2 USER=bwhe DESKTOP_SESSION=ubuntu QT4_IM_MODULE=fcitx TEXTDOMAINDIR=/usr/share/locale/ PWD=/home/bwhe HOME=/home/bwhe TEXTDOMAIN=im-config XDG_SESSION_TYPE=x11 XDG_DATA_DIRS=/usr/local/share/:/usr/share/:/var/lib/snapd/desktop XDG_SESSION_DESKTOP=ubuntu LC_ADDRESS=zh_CN.UTF-8 LC_NUMERIC=zh_CN.UTF-8 WINDOWPATH=2 SHELL=/bin/zsh QT_IM_MODULE=fcitx XMODIFIERS=@im=fcitx IM_CONFIG_PHASE=2 XDG_CURRENT_DESKTOP=ubuntu:GNOME SHLVL=1 XDG_SEAT=seat0 LC_TELEPHONE=zh_CN.UTF-8 GDMSESSION=ubuntu LOGNAME=bwhe DBUS_SESSION_BUS_ADDRESS=unix:path=/run/user/1000/bus XDG_RUNTIME_DIR=/run/user/1000 XAUTHORITY=/run/user/1000/gdm/Xauthority PATH=/usr/local/sbin:/usr/local/bin:/usr/sbin:/usr/bin:/sbin:/bin:/usr/games:/usr/local/games:/snap/bin LC_IDENTIFICATION=zh_CN.UTF-8 GTK_IM_MODULE=fcitx LC_TIME=zh_CN.UTF-8 _=/usr/bin/fcitx
bwhe         -  0.2    -      -     - -        Sl   11:04   0:03 -
bwhe         -  0.0    -      -     - -        Sl   11:04   0:00 -
bwhe      1560  0.2  0.0  50052  3648 ?        -    11:04   0:03 /usr/bin/dbus-daemon --syslog --fork --print-pid 5 --print-address 7 --config-file /usr/share/fcitx/dbus/daemon.conf USER=bwhe LC_TIME=zh_CN.UTF-8 TEXTDOMAIN=im-config XDG_SEAT=seat0 XDG_SESSION_TYPE=x11 SHLVL=1 QT4_IM_MODULE=fcitx HOME=/home/bwhe DESKTOP_SESSION=ubuntu LC_MONETARY=zh_CN.UTF-8 DBUS_SESSION_BUS_ADDRESS=unix:path=/run/user/1000/bus IM_CONFIG_PHASE=2 LOGNAME=bwhe GTK_IM_MODULE=fcitx _=/usr/bin/fcitx USERNAME=bwhe XDG_SESSION_ID=2 WINDOWPATH=2 PATH=/usr/local/sbin:/usr/local/bin:/usr/sbin:/usr/bin:/sbin:/bin:/usr/games:/usr/local/games:/snap/bin LC_ADDRESS=zh_CN.UTF-8 XDG_RUNTIME_DIR=/run/user/1000 DISPLAY=:0 LANG=en_US.UTF-8 XDG_CURRENT_DESKTOP=ubuntu:GNOME LC_TELEPHONE=zh_CN.UTF-8 XDG_SESSION_DESKTOP=ubuntu XMODIFIERS=@im=fcitx XAUTHORITY=/run/user/1000/gdm/Xauthority LC_NAME=zh_CN.UTF-8 SHELL=/bin/zsh GDMSESSION=ubuntu LC_MEASUREMENT=zh_CN.UTF-8 TEXTDOMAINDIR=/usr/share/locale/ LC_IDENTIFICATION=zh_CN.UTF-8 XDG_VTNR=2 QT_IM_MODULE=fcitx PWD=/ CLUTTER_IM_MODULE=xim XDG_DATA_DIRS=/usr/local/share/:/usr/share/:/var/lib/snapd/desktop LC_NUMERIC=zh_CN.UTF-8 LC_PAPER=zh_CN.UTF-8
bwhe         -  0.2    -      -     - -        Ss   11:04   0:03 -
bwhe      1578  0.0  0.0  27592   208 ?        -    11:04   0:00 /usr/bin/fcitx-dbus-watcher unix:abstract=/tmp/dbus-Q3JpuUlDUv,guid=5ff65978c2fba3870db4a9b15ea79d46 1560 CLUTTER_IM_MODULE=xim LC_MEASUREMENT=zh_CN.UTF-8 LC_PAPER=zh_CN.UTF-8 LC_MONETARY=zh_CN.UTF-8 LANG=en_US.UTF-8 DISPLAY=:0 USERNAME=bwhe XDG_VTNR=2 LC_NAME=zh_CN.UTF-8 XDG_SESSION_ID=2 USER=bwhe DESKTOP_SESSION=ubuntu QT4_IM_MODULE=fcitx TEXTDOMAINDIR=/usr/share/locale/ PWD=/home/bwhe HOME=/home/bwhe TEXTDOMAIN=im-config XDG_SESSION_TYPE=x11 XDG_DATA_DIRS=/usr/local/share/:/usr/share/:/var/lib/snapd/desktop XDG_SESSION_DESKTOP=ubuntu LC_ADDRESS=zh_CN.UTF-8 LC_NUMERIC=zh_CN.UTF-8 WINDOWPATH=2 SHELL=/bin/zsh QT_IM_MODULE=fcitx XMODIFIERS=@im=fcitx IM_CONFIG_PHASE=2 XDG_CURRENT_DESKTOP=ubuntu:GNOME SHLVL=1 XDG_SEAT=seat0 LC_TELEPHONE=zh_CN.UTF-8 GDMSESSION=ubuntu LOGNAME=bwhe DBUS_SESSION_BUS_ADDRESS=unix:path=/run/user/1000/bus XDG_RUNTIME_DIR=/run/user/1000 XAUTHORITY=/run/user/1000/gdm/Xauthority PATH=/usr/local/sbin:/usr/local/bin:/usr/sbin:/usr/bin:/sbin:/bin:/usr/games:/usr/local/games:/snap/bin LC_IDENTIFICATION=zh_CN.UTF-8 GTK_IM_MODULE=fcitx LC_TIME=zh_CN.UTF-8 _=/usr/bin/fcitx
bwhe         -  0.0    -      -     - -        SN   11:04   0:00 -
bwhe      1613  0.0  0.0  11300   316 ?        -    11:04   0:00 /usr/bin/ssh-agent /usr/bin/sogou-session /usr/bin/im-launch env GNOME_SHELL_SESSION_MODE=ubuntu gnome-session --session=ubuntu
bwhe         -  0.0    -      -     - -        Ss   11:04   0:00 -
bwhe      1621  0.0  0.2 158912 18324 ?        -    11:04   0:00 sogou-qimpanel-watchdog CLUTTER_IM_MODULE=xim LC_MEASUREMENT=zh_CN.UTF-8 LC_PAPER=zh_CN.UTF-8 LC_MONETARY=zh_CN.UTF-8 LANG=en_US.UTF-8 DISPLAY=:0 USERNAME=bwhe XDG_VTNR=2 LC_NAME=zh_CN.UTF-8 XDG_SESSION_ID=2 USER=bwhe DESKTOP_SESSION=ubuntu QT4_IM_MODULE=fcitx TEXTDOMAINDIR=/usr/share/locale/ PWD=/home/bwhe HOME=/home/bwhe TEXTDOMAIN=im-config XDG_SESSION_TYPE=x11 XDG_DATA_DIRS=/usr/local/share/:/usr/share/:/var/lib/snapd/desktop XDG_SESSION_DESKTOP=ubuntu LC_ADDRESS=zh_CN.UTF-8 LC_NUMERIC=zh_CN.UTF-8 WINDOWPATH=2 SHELL=/bin/zsh QT_IM_MODULE=fcitx XMODIFIERS=@im=fcitx IM_CONFIG_PHASE=2 XDG_CURRENT_DESKTOP=ubuntu:GNOME SHLVL=1 XDG_SEAT=seat0 LC_TELEPHONE=zh_CN.UTF-8 GDMSESSION=ubuntu LOGNAME=bwhe DBUS_SESSION_BUS_ADDRESS=unix:path=/run/user/1000/bus XDG_RUNTIME_DIR=/run/user/1000 XAUTHORITY=/run/user/1000/gdm/Xauthority PATH=/usr/local/sbin:/usr/local/bin:/usr/sbin:/usr/bin:/sbin:/bin:/usr/games:/usr/local/games:/snap/bin LC_IDENTIFICATION=zh_CN.UTF-8 GTK_IM_MODULE=fcitx LC_TIME=zh_CN.UTF-8 _=/usr/bin/fcitx
bwhe         -  0.0    -      -     - -        S    11:04   0:00 -
bwhe      1627  0.0  0.0 349292  5968 ?        -    11:04   0:00 /usr/lib/at-spi2-core/at-spi-bus-launcher CLUTTER_IM_MODULE=xim DBUS_SESSION_BUS_ADDRESS=unix:path=/run/user/1000/bus DEFAULTS_PATH=/usr/share/gconf/ubuntu.default.path DESKTOP_SESSION=ubuntu DISPLAY=:0 GDMSESSION=ubuntu GOPATH=/home/bwhe/gocode GOROOT=/usr/local/go GPG_AGENT_INFO=/run/user/1000/gnupg/S.gpg-agent:0:1 GTK_IM_MODULE=fcitx GTK_MODULES=gail:atk-bridge HOME=/home/bwhe IM_CONFIG_PHASE=2 LANG=en_US.UTF-8 LC_ADDRESS=zh_CN.UTF-8 LC_IDENTIFICATION=zh_CN.UTF-8 LC_MEASUREMENT=zh_CN.UTF-8 LC_MONETARY=zh_CN.UTF-8 LC_NAME=zh_CN.UTF-8 LC_NUMERIC=zh_CN.UTF-8 LC_PAPER=zh_CN.UTF-8 LC_TELEPHONE=zh_CN.UTF-8 LC_TIME=zh_CN.UTF-8 LOGNAME=bwhe MANDATORY_PATH=/usr/share/gconf/ubuntu.mandatory.path PATH=/usr/local/sbin:/usr/local/bin:/usr/sbin:/usr/bin:/sbin:/bin:/usr/games:/usr/local/games:/snap/bin:/usr/local/go/bin:/home/bwhe/gocode/bin:/sbin PWD=/home/bwhe QT4_IM_MODULE=fcitx QT_ACCESSIBILITY=1 QT_IM_MODULE=fcitx SHELL=/bin/zsh SHLVL=1 TEXTDOMAIN=im-config TEXTDOMAINDIR=/usr/share/locale/ USER=bwhe USERNAME=bwhe WINDOWPATH=2 XAUTHORITY=/run/user/1000/gdm/Xauthority XDG_CONFIG_DIRS=/etc/xdg/xdg-ubuntu:/etc/xdg XDG_CURRENT_DESKTOP=ubuntu:GNOME XDG_DATA_DIRS=/usr/share/ubuntu:/usr/local/share/:/usr/share/:/var/lib/snapd/desktop XDG_RUNTIME_DIR=/run/user/1000 XDG_SESSION_DESKTOP=ubuntu XDG_SESSION_TYPE=x11 XMODIFIERS=@im=fcitx _=/usr/bin/dbus-update-activation-environment MANAGERPID=1492 INVOCATION_ID=b4f272fa107d47e791e81fa3925e760d JOURNAL_STREAM=9:34361
bwhe         -  0.0    -      -     - -        Ssl  11:04   0:00 -
bwhe         -  0.0    -      -     - -        Ssl  11:04   0:00 -
bwhe         -  0.0    -      -     - -        Ssl  11:04   0:00 -
bwhe         -  0.0    -      -     - -        Ssl  11:04   0:00 -
bwhe      1632  0.0  0.0  50052  4188 ?        -    11:04   0:00 /usr/bin/dbus-daemon --config-file=/usr/share/defaults/at-spi2/accessibility.conf --nofork --print-address 3 CLUTTER_IM_MODULE=xim DBUS_SESSION_BUS_ADDRESS=unix:path=/run/user/1000/bus DEFAULTS_PATH=/usr/share/gconf/ubuntu.default.path DESKTOP_SESSION=ubuntu DISPLAY=:0 GDMSESSION=ubuntu GOPATH=/home/bwhe/gocode GOROOT=/usr/local/go GPG_AGENT_INFO=/run/user/1000/gnupg/S.gpg-agent:0:1 GTK_IM_MODULE=fcitx GTK_MODULES=gail:atk-bridge HOME=/home/bwhe IM_CONFIG_PHASE=2 LANG=en_US.UTF-8 LC_ADDRESS=zh_CN.UTF-8 LC_IDENTIFICATION=zh_CN.UTF-8 LC_MEASUREMENT=zh_CN.UTF-8 LC_MONETARY=zh_CN.UTF-8 LC_NAME=zh_CN.UTF-8 LC_NUMERIC=zh_CN.UTF-8 LC_PAPER=zh_CN.UTF-8 LC_TELEPHONE=zh_CN.UTF-8 LC_TIME=zh_CN.UTF-8 LOGNAME=bwhe MANDATORY_PATH=/usr/share/gconf/ubuntu.mandatory.path PATH=/usr/local/sbin:/usr/local/bin:/usr/sbin:/usr/bin:/sbin:/bin:/usr/games:/usr/local/games:/snap/bin:/usr/local/go/bin:/home/bwhe/gocode/bin:/sbin PWD=/home/bwhe QT4_IM_MODULE=fcitx QT_ACCESSIBILITY=1 QT_IM_MODULE=fcitx SHELL=/bin/zsh SHLVL=1 TEXTDOMAIN=im-config TEXTDOMAINDIR=/usr/share/locale/ USER=bwhe USERNAME=bwhe WINDOWPATH=2 XAUTHORITY=/run/user/1000/gdm/Xauthority XDG_CONFIG_DIRS=/etc/xdg/xdg-ubuntu:/etc/xdg XDG_CURRENT_DESKTOP=ubuntu:GNOME XDG_DATA_DIRS=/usr/share/ubuntu:/usr/local/share/:/usr/share/:/var/lib/snapd/desktop XDG_RUNTIME_DIR=/run/user/1000 XDG_SESSION_DESKTOP=ubuntu XDG_SESSION_TYPE=x11 XMODIFIERS=@im=fcitx _=/usr/bin/dbus-update-activation-environment MANAGERPID=1492 INVOCATION_ID=b4f272fa107d47e791e81fa3925e760d JOURNAL_STREAM=9:34361
bwhe         -  0.0    -      -     - -        S    11:04   0:00 -
bwhe      1634  0.0  0.0 220788  6956 ?        -    11:04   0:00 /usr/lib/at-spi2-core/at-spi2-registryd --use-gnome-session XDG_RUNTIME_DIR=/run/user/1000 XMODIFIERS=@im=fcitx XDG_SESSION_TYPE=x11 DBUS_SESSION_BUS_ADDRESS=unix:path=/run/user/1000/bus GOROOT=/usr/local/go QT_IM_MODULE=fcitx USER=bwhe XAUTHORITY=/run/user/1000/gdm/Xauthority DBUS_STARTER_BUS_TYPE=accessibility LC_ADDRESS=zh_CN.UTF-8 GOPATH=/home/bwhe/gocode SHLVL=1 XDG_SESSION_DESKTOP=ubuntu SHELL=/bin/zsh QT_ACCESSIBILITY=1 LC_NAME=zh_CN.UTF-8 LC_MEASUREMENT=zh_CN.UTF-8 LC_MONETARY=zh_CN.UTF-8 LC_TIME=zh_CN.UTF-8 WINDOWPATH=2 USERNAME=bwhe XDG_DATA_DIRS=/usr/share/ubuntu:/usr/local/share/:/usr/share/:/var/lib/snapd/desktop IM_CONFIG_PHASE=2 QT4_IM_MODULE=fcitx LC_TELEPHONE=zh_CN.UTF-8 TEXTDOMAINDIR=/usr/share/locale/ PWD=/home/bwhe HOME=/home/bwhe _=/usr/bin/dbus-update-activation-environment DBUS_STARTER_ADDRESS=unix:abstract=/tmp/dbus-CgSNzhOPa9,guid=02633bd433dbe94b785786225ea79d47 CLUTTER_IM_MODULE=xim DISPLAY=:0 LC_PAPER=zh_CN.UTF-8 LC_NUMERIC=zh_CN.UTF-8 PATH=/usr/local/sbin:/usr/local/bin:/usr/sbin:/usr/bin:/sbin:/bin:/usr/games:/usr/local/games:/snap/bin:/usr/local/go/bin:/home/bwhe/gocode/bin:/sbin GTK_MODULES=gail:atk-bridge GTK_IM_MODULE=fcitx GDMSESSION=ubuntu JOURNAL_STREAM=9:34361 GPG_AGENT_INFO=/run/user/1000/gnupg/S.gpg-agent:0:1 INVOCATION_ID=b4f272fa107d47e791e81fa3925e760d MANDATORY_PATH=/usr/share/gconf/ubuntu.mandatory.path LANG=en_US.UTF-8 LOGNAME=bwhe TEXTDOMAIN=im-config DEFAULTS_PATH=/usr/share/gconf/ubuntu.default.path XDG_CURRENT_DESKTOP=ubuntu:GNOME DESKTOP_SESSION=ubuntu LC_IDENTIFICATION=zh_CN.UTF-8 MANAGERPID=1492 XDG_CONFIG_DIRS=/etc/xdg/xdg-ubuntu:/etc/xdg
bwhe         -  0.0    -      -     - -        Sl   11:04   0:00 -
bwhe         -  0.0    -      -     - -        Sl   11:04   0:00 -
bwhe         -  0.0    -      -     - -        Sl   11:04   0:00 -
bwhe      1652  9.1  2.6 3865020 216124 tty2   -    11:04   2:18 /usr/bin/gnome-shell USER=bwhe LC_TIME=zh_CN.UTF-8 TEXTDOMAIN=im-config XDG_SEAT=seat0 XDG_SESSION_TYPE=x11 SSH_AGENT_PID=1613 SHLVL=0 QT4_IM_MODULE=fcitx HOME=/home/bwhe DESKTOP_SESSION=ubuntu GTK_MODULES=gail:atk-bridge GNOME_SHELL_SESSION_MODE=ubuntu LC_MONETARY=zh_CN.UTF-8 GOROOT=/usr/local/go DBUS_SESSION_BUS_ADDRESS=unix:path=/run/user/1000/bus MANDATORY_PATH=/usr/share/gconf/ubuntu.mandatory.path IM_CONFIG_PHASE=2 LOGNAME=bwhe GTK_IM_MODULE=fcitx DEFAULTS_PATH=/usr/share/gconf/ubuntu.default.path USERNAME=bwhe XDG_SESSION_ID=2 WINDOWPATH=2 PATH=/usr/local/sbin:/usr/local/bin:/usr/sbin:/usr/bin:/sbin:/bin:/usr/games:/usr/local/games:/snap/bin:/usr/local/go/bin:/home/bwhe/gocode/bin:/sbin LC_ADDRESS=zh_CN.UTF-8 XDG_RUNTIME_DIR=/run/user/1000 DISPLAY=:0 LANG=en_US.UTF-8 XDG_CURRENT_DESKTOP=ubuntu:GNOME LC_TELEPHONE=zh_CN.UTF-8 XDG_SESSION_DESKTOP=ubuntu XMODIFIERS=@im=fcitx XAUTHORITY=/run/user/1000/gdm/Xauthority SSH_AUTH_SOCK=/run/user/1000/keyring/ssh LC_NAME=zh_CN.UTF-8 GOPATH=/home/bwhe/gocode SHELL=/bin/zsh QT_ACCESSIBILITY=1 GDMSESSION=ubuntu LC_MEASUREMENT=zh_CN.UTF-8 TEXTDOMAINDIR=/usr/share/locale/ GPG_AGENT_INFO=/run/user/1000/gnupg/S.gpg-agent:0:1 LC_IDENTIFICATION=zh_CN.UTF-8 XDG_VTNR=2 QT_IM_MODULE=fcitx PWD=/home/bwhe CLUTTER_IM_MODULE=xim XDG_DATA_DIRS=/usr/share/ubuntu:/usr/local/share/:/usr/share/:/var/lib/snapd/desktop XDG_CONFIG_DIRS=/etc/xdg/xdg-ubuntu:/etc/xdg LC_NUMERIC=zh_CN.UTF-8 LC_PAPER=zh_CN.UTF-8 GNOME_DESKTOP_SESSION_ID=this-is-deprecated XDG_MENU_PREFIX=gnome- SESSION_MANAGER=local/bwhe-THTF-T-Series:@/tmp/.ICE-unix/1522,unix/bwhe-THTF-T-Series:/tmp/.ICE-unix/1522 DESKTOP_AUTOSTART_ID=105c50ab1eadd8a31415880430803201900000015220000 GIO_LAUNCHED_DESKTOP_FILE=/usr/share/applications/org.gnome.Shell.desktop GIO_LAUNCHED_DESKTOP_FILE_PID=1652
bwhe         -  8.4    -      -     - -        Sl+  11:04   2:06 -
bwhe         -  0.0    -      -     - -        Sl+  11:04   0:00 -
bwhe         -  0.0    -      -     - -        Sl+  11:04   0:00 -
bwhe         -  0.5    -      -     - -        Sl+  11:04   0:08 -
bwhe         -  0.0    -      -     - -        Sl+  11:04   0:00 -
bwhe         -  0.0    -      -     - -        Sl+  11:04   0:00 -
bwhe         -  0.0    -      -     - -        Sl+  11:04   0:00 -
bwhe         -  0.0    -      -     - -        Sl+  11:04   0:00 -
bwhe         -  0.0    -      -     - -        Sl+  11:04   0:00 -
bwhe         -  0.0    -      -     - -        Sl+  11:04   0:00 -
bwhe         -  0.0    -      -     - -        Sl+  11:04   0:00 -
bwhe         -  0.0    -      -     - -        Sl+  11:04   0:00 -
bwhe         -  0.0    -      -     - -        Sl+  11:04   0:00 -
bwhe         -  0.0    -      -     - -        Sl+  11:04   0:00 -
bwhe      1676  0.0  0.0 291972  7396 ?        -    11:04   0:00 /usr/lib/gvfs/gvfsd CLUTTER_IM_MODULE=xim DBUS_SESSION_BUS_ADDRESS=unix:path=/run/user/1000/bus DEFAULTS_PATH=/usr/share/gconf/ubuntu.default.path DESKTOP_SESSION=ubuntu DISPLAY=:0 GDMSESSION=ubuntu GNOME_DESKTOP_SESSION_ID=this-is-deprecated GNOME_SHELL_SESSION_MODE=ubuntu GOPATH=/home/bwhe/gocode GOROOT=/usr/local/go GPG_AGENT_INFO=/run/user/1000/gnupg/S.gpg-agent:0:1 GTK_IM_MODULE=fcitx GTK_MODULES=gail:atk-bridge HOME=/home/bwhe IM_CONFIG_PHASE=2 LANG=en_US.UTF-8 LC_ADDRESS=zh_CN.UTF-8 LC_IDENTIFICATION=zh_CN.UTF-8 LC_MEASUREMENT=zh_CN.UTF-8 LC_MONETARY=zh_CN.UTF-8 LC_NAME=zh_CN.UTF-8 LC_NUMERIC=zh_CN.UTF-8 LC_PAPER=zh_CN.UTF-8 LC_TELEPHONE=zh_CN.UTF-8 LC_TIME=zh_CN.UTF-8 LOGNAME=bwhe MANDATORY_PATH=/usr/share/gconf/ubuntu.mandatory.path PATH=/usr/local/sbin:/usr/local/bin:/usr/sbin:/usr/bin:/sbin:/bin:/usr/games:/usr/local/games:/snap/bin:/usr/local/go/bin:/home/bwhe/gocode/bin:/sbin PWD=/home/bwhe QT4_IM_MODULE=fcitx QT_ACCESSIBILITY=1 QT_IM_MODULE=fcitx SESSION_MANAGER=local/bwhe-THTF-T-Series:@/tmp/.ICE-unix/1522,unix/bwhe-THTF-T-Series:/tmp/.ICE-unix/1522 SHELL=/bin/zsh SHLVL=0 SSH_AGENT_PID=1613 SSH_AUTH_SOCK=/run/user/1000/keyring/ssh TEXTDOMAIN=im-config TEXTDOMAINDIR=/usr/share/locale/ USER=bwhe USERNAME=bwhe WINDOWPATH=2 XAUTHORITY=/run/user/1000/gdm/Xauthority XDG_CONFIG_DIRS=/etc/xdg/xdg-ubuntu:/etc/xdg XDG_CURRENT_DESKTOP=ubuntu:GNOME XDG_DATA_DIRS=/usr/share/ubuntu:/usr/local/share/:/usr/share/:/var/lib/snapd/desktop XDG_MENU_PREFIX=gnome- XDG_RUNTIME_DIR=/run/user/1000 XDG_SEAT=seat0 XDG_SESSION_DESKTOP=ubuntu XDG_SESSION_ID=2 XDG_SESSION_TYPE=x11 XDG_VTNR=2 XMODIFIERS=@im=fcitx _=/usr/bin/dbus-update-activation-environment MANAGERPID=1492 INVOCATION_ID=b86e7d83af3c4303aa12de8245044baa JOURNAL_STREAM=9:34463
bwhe         -  0.0    -      -     - -        Ssl  11:04   0:00 -
bwhe         -  0.0    -      -     - -        Ssl  11:04   0:00 -
bwhe         -  0.0    -      -     - -        Ssl  11:04   0:00 -
bwhe      1681  0.0  0.0 416112  5360 ?        -    11:04   0:00 /usr/lib/gvfs/gvfsd-fuse /run/user/1000/gvfs -f -o big_writes CLUTTER_IM_MODULE=xim DBUS_SESSION_BUS_ADDRESS=unix:path=/run/user/1000/bus DEFAULTS_PATH=/usr/share/gconf/ubuntu.default.path DESKTOP_SESSION=ubuntu DISPLAY=:0 GDMSESSION=ubuntu GNOME_DESKTOP_SESSION_ID=this-is-deprecated GNOME_SHELL_SESSION_MODE=ubuntu GOPATH=/home/bwhe/gocode GOROOT=/usr/local/go GPG_AGENT_INFO=/run/user/1000/gnupg/S.gpg-agent:0:1 GTK_IM_MODULE=fcitx GTK_MODULES=gail:atk-bridge HOME=/home/bwhe IM_CONFIG_PHASE=2 LANG=en_US.UTF-8 LC_ADDRESS=zh_CN.UTF-8 LC_IDENTIFICATION=zh_CN.UTF-8 LC_MEASUREMENT=zh_CN.UTF-8 LC_MONETARY=zh_CN.UTF-8 LC_NAME=zh_CN.UTF-8 LC_NUMERIC=zh_CN.UTF-8 LC_PAPER=zh_CN.UTF-8 LC_TELEPHONE=zh_CN.UTF-8 LC_TIME=zh_CN.UTF-8 LOGNAME=bwhe MANDATORY_PATH=/usr/share/gconf/ubuntu.mandatory.path PATH=/usr/local/sbin:/usr/local/bin:/usr/sbin:/usr/bin:/sbin:/bin:/usr/games:/usr/local/games:/snap/bin:/usr/local/go/bin:/home/bwhe/gocode/bin:/sbin PWD=/home/bwhe QT4_IM_MODULE=fcitx QT_ACCESSIBILITY=1 QT_IM_MODULE=fcitx SESSION_MANAGER=local/bwhe-THTF-T-Series:@/tmp/.ICE-unix/1522,unix/bwhe-THTF-T-Series:/tmp/.ICE-unix/1522 SHELL=/bin/zsh SHLVL=0 SSH_AGENT_PID=1613 SSH_AUTH_SOCK=/run/user/1000/keyring/ssh TEXTDOMAIN=im-config TEXTDOMAINDIR=/usr/share/locale/ USER=bwhe USERNAME=bwhe WINDOWPATH=2 XAUTHORITY=/run/user/1000/gdm/Xauthority XDG_CONFIG_DIRS=/etc/xdg/xdg-ubuntu:/etc/xdg XDG_CURRENT_DESKTOP=ubuntu:GNOME XDG_DATA_DIRS=/usr/share/ubuntu:/usr/local/share/:/usr/share/:/var/lib/snapd/desktop XDG_MENU_PREFIX=gnome- XDG_RUNTIME_DIR=/run/user/1000 XDG_SEAT=seat0 XDG_SESSION_DESKTOP=ubuntu XDG_SESSION_ID=2 XDG_SESSION_TYPE=x11 XDG_VTNR=2 XMODIFIERS=@im=fcitx _=/usr/bin/dbus-update-activation-environment MANAGERPID=1492 INVOCATION_ID=b86e7d83af3c4303aa12de8245044baa JOURNAL_STREAM=9:34463
bwhe         -  0.0    -      -     - -        Sl   11:04   0:00 -
bwhe         -  0.0    -      -     - -        Sl   11:04   0:00 -
bwhe         -  0.0    -      -     - -        Sl   11:04   0:00 -
bwhe         -  0.0    -      -     - -        Sl   11:04   0:00 -
bwhe         -  0.0    -      -     - -        Sl   11:04   0:00 -
bwhe         -  0.0    -      -     - -        Sl   11:04   0:00 -
bwhe      1710  0.3  0.1 1434560 12168 ?       -    11:04   0:04 /usr/bin/pulseaudio --start --log-target=syslog USER=bwhe LC_TIME=zh_CN.UTF-8 TEXTDOMAIN=im-config XDG_SEAT=seat0 XDG_SESSION_TYPE=x11 SSH_AGENT_PID=1613 SHLVL=0 QT4_IM_MODULE=fcitx HOME=/home/bwhe DESKTOP_SESSION=ubuntu GTK_MODULES=gail:atk-bridge GNOME_SHELL_SESSION_MODE=ubuntu LC_MONETARY=zh_CN.UTF-8 GOROOT=/usr/local/go DBUS_SESSION_BUS_ADDRESS=unix:path=/run/user/1000/bus MANDATORY_PATH=/usr/share/gconf/ubuntu.mandatory.path IM_CONFIG_PHASE=2 LOGNAME=bwhe GTK_IM_MODULE=fcitx DEFAULTS_PATH=/usr/share/gconf/ubuntu.default.path USERNAME=bwhe XDG_SESSION_ID=2 WINDOWPATH=2 PATH=/usr/local/sbin:/usr/local/bin:/usr/sbin:/usr/bin:/sbin:/bin:/usr/games:/usr/local/games:/snap/bin:/usr/local/go/bin:/home/bwhe/gocode/bin:/sbin LC_ADDRESS=zh_CN.UTF-8 XDG_RUNTIME_DIR=/run/user/1000 DISPLAY=:0 LANG=en_US.UTF-8 XDG_CURRENT_DESKTOP=ubuntu:GNOME LC_TELEPHONE=zh_CN.UTF-8 XDG_SESSION_DESKTOP=ubuntu XMODIFIERS=@im=fcitx XAUTHORITY=/run/user/1000/gdm/Xauthority SSH_AUTH_SOCK=/run/user/1000/keyring/ssh LC_NAME=zh_CN.UTF-8 GOPATH=/home/bwhe/gocode SHELL=/bin/zsh QT_ACCESSIBILITY=1 GDMSESSION=ubuntu LC_MEASUREMENT=zh_CN.UTF-8 TEXTDOMAINDIR=/usr/share/locale/ GPG_AGENT_INFO=/run/user/1000/gnupg/S.gpg-agent:0:1 LC_IDENTIFICATION=zh_CN.UTF-8 XDG_VTNR=2 QT_IM_MODULE=fcitx PWD=/home/bwhe CLUTTER_IM_MODULE=xim XDG_DATA_DIRS=/usr/share/ubuntu:/usr/local/share/:/usr/share/:/var/lib/snapd/desktop XDG_CONFIG_DIRS=/etc/xdg/xdg-ubuntu:/etc/xdg LC_NUMERIC=zh_CN.UTF-8 LC_PAPER=zh_CN.UTF-8 GNOME_DESKTOP_SESSION_ID=this-is-deprecated XDG_MENU_PREFIX=gnome- SESSION_MANAGER=local/bwhe-THTF-T-Series:@/tmp/.ICE-unix/1522,unix/bwhe-THTF-T-Series:/tmp/.ICE-unix/1522 DESKTOP_AUTOSTART_ID=105c50ab1eadd8a31415880430803201900000015220000 GIO_LAUNCHED_DESKTOP_FILE=/usr/share/applications/org.gnome.Shell.desktop GIO_LAUNCHED_DESKTOP_FILE_PID=1652 GJS_DEBUG_OUTPUT=stderr GJS_DEBUG_TOPICS=JS ERROR;JS LOG LD_BIND_NOW=1
bwhe         -  0.1    -      -     - -        S<l  11:04   0:02 -
bwhe         -  0.1    -      -     - -        Sl   11:04   0:02 -
bwhe         -  0.0    -      -     - -        Sl   11:04   0:00 -
root      1723  0.0  0.0      0     0 ?        -    11:04   0:00 [krfcommd]
root         -  0.0    -      -     - -        S<   11:04   0:00 -
bwhe      1725  0.0  0.0 361448  8064 tty2     -    11:04   0:00 ibus-daemon --xim --panel disable USER=bwhe LC_TIME=zh_CN.UTF-8 TEXTDOMAIN=im-config XDG_SEAT=seat0 XDG_SESSION_TYPE=x11 SSH_AGENT_PID=1613 SHLVL=0 QT4_IM_MODULE=fcitx HOME=/home/bwhe DESKTOP_SESSION=ubuntu GTK_MODULES=gail:atk-bridge GNOME_SHELL_SESSION_MODE=ubuntu LC_MONETARY=zh_CN.UTF-8 GOROOT=/usr/local/go DBUS_SESSION_BUS_ADDRESS=unix:path=/run/user/1000/bus MANDATORY_PATH=/usr/share/gconf/ubuntu.mandatory.path IM_CONFIG_PHASE=2 LOGNAME=bwhe GTK_IM_MODULE=fcitx DEFAULTS_PATH=/usr/share/gconf/ubuntu.default.path USERNAME=bwhe XDG_SESSION_ID=2 WINDOWPATH=2 PATH=/usr/local/sbin:/usr/local/bin:/usr/sbin:/usr/bin:/sbin:/bin:/usr/games:/usr/local/games:/snap/bin:/usr/local/go/bin:/home/bwhe/gocode/bin:/sbin LC_ADDRESS=zh_CN.UTF-8 XDG_RUNTIME_DIR=/run/user/1000 DISPLAY=:0 LANG=en_US.UTF-8 XDG_CURRENT_DESKTOP=ubuntu:GNOME LC_TELEPHONE=zh_CN.UTF-8 XDG_SESSION_DESKTOP=ubuntu XMODIFIERS=@im=fcitx XAUTHORITY=/run/user/1000/gdm/Xauthority SSH_AUTH_SOCK=/run/user/1000/keyring/ssh LC_NAME=zh_CN.UTF-8 GOPATH=/home/bwhe/gocode SHELL=/bin/zsh QT_ACCESSIBILITY=1 GDMSESSION=ubuntu LC_MEASUREMENT=zh_CN.UTF-8 TEXTDOMAINDIR=/usr/share/locale/ GPG_AGENT_INFO=/run/user/1000/gnupg/S.gpg-agent:0:1 LC_IDENTIFICATION=zh_CN.UTF-8 XDG_VTNR=2 QT_IM_MODULE=fcitx PWD=/home/bwhe CLUTTER_IM_MODULE=xim XDG_DATA_DIRS=/usr/share/ubuntu:/usr/local/share/:/usr/share/:/var/lib/snapd/desktop XDG_CONFIG_DIRS=/etc/xdg/xdg-ubuntu:/etc/xdg LC_NUMERIC=zh_CN.UTF-8 LC_PAPER=zh_CN.UTF-8 GNOME_DESKTOP_SESSION_ID=this-is-deprecated XDG_MENU_PREFIX=gnome- SESSION_MANAGER=local/bwhe-THTF-T-Series:@/tmp/.ICE-unix/1522,unix/bwhe-THTF-T-Series:/tmp/.ICE-unix/1522 DESKTOP_AUTOSTART_ID=105c50ab1eadd8a31415880430803201900000015220000 GIO_LAUNCHED_DESKTOP_FILE=/usr/share/applications/org.gnome.Shell.desktop GIO_LAUNCHED_DESKTOP_FILE_PID=1652 GJS_DEBUG_OUTPUT=stderr GJS_DEBUG_TOPICS=JS ERROR;JS LOG
bwhe         -  0.0    -      -     - -        Sl   11:04   0:00 -
bwhe         -  0.0    -      -     - -        Sl   11:04   0:00 -
bwhe         -  0.0    -      -     - -        Sl   11:04   0:00 -
bwhe      1728  0.0  0.0 271560  5136 ?        -    11:04   0:00 /usr/libexec/xdg-permission-store CLUTTER_IM_MODULE=xim DBUS_SESSION_BUS_ADDRESS=unix:path=/run/user/1000/bus DEFAULTS_PATH=/usr/share/gconf/ubuntu.default.path DESKTOP_SESSION=ubuntu DISPLAY=:0 GDMSESSION=ubuntu GNOME_DESKTOP_SESSION_ID=this-is-deprecated GNOME_SHELL_SESSION_MODE=ubuntu GOPATH=/home/bwhe/gocode GOROOT=/usr/local/go GPG_AGENT_INFO=/run/user/1000/gnupg/S.gpg-agent:0:1 GTK_IM_MODULE=fcitx GTK_MODULES=gail:atk-bridge HOME=/home/bwhe IM_CONFIG_PHASE=2 LANG=en_US.UTF-8 LC_ADDRESS=zh_CN.UTF-8 LC_IDENTIFICATION=zh_CN.UTF-8 LC_MEASUREMENT=zh_CN.UTF-8 LC_MONETARY=zh_CN.UTF-8 LC_NAME=zh_CN.UTF-8 LC_NUMERIC=zh_CN.UTF-8 LC_PAPER=zh_CN.UTF-8 LC_TELEPHONE=zh_CN.UTF-8 LC_TIME=zh_CN.UTF-8 LOGNAME=bwhe MANDATORY_PATH=/usr/share/gconf/ubuntu.mandatory.path PATH=/usr/local/sbin:/usr/local/bin:/usr/sbin:/usr/bin:/sbin:/bin:/usr/games:/usr/local/games:/snap/bin:/usr/local/go/bin:/home/bwhe/gocode/bin:/sbin PWD=/home/bwhe QT4_IM_MODULE=fcitx QT_ACCESSIBILITY=1 QT_IM_MODULE=fcitx SESSION_MANAGER=local/bwhe-THTF-T-Series:@/tmp/.ICE-unix/1522,unix/bwhe-THTF-T-Series:/tmp/.ICE-unix/1522 SHELL=/bin/zsh SHLVL=0 SSH_AGENT_PID=1613 SSH_AUTH_SOCK=/run/user/1000/keyring/ssh TEXTDOMAIN=im-config TEXTDOMAINDIR=/usr/share/locale/ USER=bwhe USERNAME=bwhe WINDOWPATH=2 XAUTHORITY=/run/user/1000/gdm/Xauthority XDG_CONFIG_DIRS=/etc/xdg/xdg-ubuntu:/etc/xdg XDG_CURRENT_DESKTOP=ubuntu:GNOME XDG_DATA_DIRS=/usr/share/ubuntu:/usr/local/share/:/usr/share/:/var/lib/snapd/desktop XDG_MENU_PREFIX=gnome- XDG_RUNTIME_DIR=/run/user/1000 XDG_SEAT=seat0 XDG_SESSION_DESKTOP=ubuntu XDG_SESSION_ID=2 XDG_SESSION_TYPE=x11 XDG_VTNR=2 XMODIFIERS=@im=fcitx _=/usr/bin/dbus-update-activation-environment MANAGERPID=1492 INVOCATION_ID=838a4d5edcc847d2ba21b71e9bf10189 JOURNAL_STREAM=9:35633
bwhe         -  0.0    -      -     - -        Ssl  11:04   0:00 -
bwhe         -  0.0    -      -     - -        Ssl  11:04   0:00 -
bwhe         -  0.0    -      -     - -        Ssl  11:04   0:00 -
bwhe      1733  0.0  0.0 280752  6884 tty2     -    11:04   0:00 /usr/lib/ibus/ibus-dconf USER=bwhe LC_TIME=zh_CN.UTF-8 TEXTDOMAIN=im-config XDG_SEAT=seat0 XDG_SESSION_TYPE=x11 SSH_AGENT_PID=1613 SHLVL=0 QT4_IM_MODULE=fcitx HOME=/home/bwhe DESKTOP_SESSION=ubuntu GTK_MODULES=gail:atk-bridge GNOME_SHELL_SESSION_MODE=ubuntu LC_MONETARY=zh_CN.UTF-8 GOROOT=/usr/local/go DBUS_SESSION_BUS_ADDRESS=unix:path=/run/user/1000/bus MANDATORY_PATH=/usr/share/gconf/ubuntu.mandatory.path IM_CONFIG_PHASE=2 LOGNAME=bwhe GTK_IM_MODULE=fcitx DEFAULTS_PATH=/usr/share/gconf/ubuntu.default.path USERNAME=bwhe XDG_SESSION_ID=2 WINDOWPATH=2 PATH=/usr/local/sbin:/usr/local/bin:/usr/sbin:/usr/bin:/sbin:/bin:/usr/games:/usr/local/games:/snap/bin:/usr/local/go/bin:/home/bwhe/gocode/bin:/sbin LC_ADDRESS=zh_CN.UTF-8 XDG_RUNTIME_DIR=/run/user/1000 DISPLAY=:0 LANG=en_US.UTF-8 XDG_CURRENT_DESKTOP=ubuntu:GNOME LC_TELEPHONE=zh_CN.UTF-8 XDG_SESSION_DESKTOP=ubuntu XMODIFIERS=@im=fcitx XAUTHORITY=/run/user/1000/gdm/Xauthority SSH_AUTH_SOCK=/run/user/1000/keyring/ssh LC_NAME=zh_CN.UTF-8 GOPATH=/home/bwhe/gocode SHELL=/bin/zsh QT_ACCESSIBILITY=1 GDMSESSION=ubuntu LC_MEASUREMENT=zh_CN.UTF-8 TEXTDOMAINDIR=/usr/share/locale/ GPG_AGENT_INFO=/run/user/1000/gnupg/S.gpg-agent:0:1 LC_IDENTIFICATION=zh_CN.UTF-8 XDG_VTNR=2 QT_IM_MODULE=fcitx PWD=/home/bwhe CLUTTER_IM_MODULE=xim XDG_DATA_DIRS=/usr/share/ubuntu:/usr/local/share/:/usr/share/:/var/lib/snapd/desktop XDG_CONFIG_DIRS=/etc/xdg/xdg-ubuntu:/etc/xdg LC_NUMERIC=zh_CN.UTF-8 LC_PAPER=zh_CN.UTF-8 GNOME_DESKTOP_SESSION_ID=this-is-deprecated XDG_MENU_PREFIX=gnome- SESSION_MANAGER=local/bwhe-THTF-T-Series:@/tmp/.ICE-unix/1522,unix/bwhe-THTF-T-Series:/tmp/.ICE-unix/1522 DESKTOP_AUTOSTART_ID=105c50ab1eadd8a31415880430803201900000015220000 GIO_LAUNCHED_DESKTOP_FILE=/usr/share/applications/org.gnome.Shell.desktop GIO_LAUNCHED_DESKTOP_FILE_PID=1652 GJS_DEBUG_OUTPUT=stderr GJS_DEBUG_TOPICS=JS ERROR;JS LOG
bwhe         -  0.0    -      -     - -        Sl   11:04   0:00 -
bwhe         -  0.0    -      -     - -        Sl   11:04   0:00 -
bwhe         -  0.0    -      -     - -        Sl   11:04   0:00 -
bwhe         -  0.0    -      -     - -        Sl   11:04   0:00 -
bwhe      1735  0.0  0.2 347364 23860 tty2     -    11:04   0:00 /usr/lib/ibus/ibus-x11 --kill-daemon USER=bwhe LC_TIME=zh_CN.UTF-8 TEXTDOMAIN=im-config XDG_SEAT=seat0 XDG_SESSION_TYPE=x11 SSH_AGENT_PID=1613 SHLVL=0 QT4_IM_MODULE=fcitx HOME=/home/bwhe DESKTOP_SESSION=ubuntu GTK_MODULES=gail:atk-bridge GNOME_SHELL_SESSION_MODE=ubuntu LC_MONETARY=zh_CN.UTF-8 GOROOT=/usr/local/go DBUS_SESSION_BUS_ADDRESS=unix:path=/run/user/1000/bus MANDATORY_PATH=/usr/share/gconf/ubuntu.mandatory.path IM_CONFIG_PHASE=2 LOGNAME=bwhe GTK_IM_MODULE=fcitx DEFAULTS_PATH=/usr/share/gconf/ubuntu.default.path USERNAME=bwhe XDG_SESSION_ID=2 WINDOWPATH=2 PATH=/usr/local/sbin:/usr/local/bin:/usr/sbin:/usr/bin:/sbin:/bin:/usr/games:/usr/local/games:/snap/bin:/usr/local/go/bin:/home/bwhe/gocode/bin:/sbin LC_ADDRESS=zh_CN.UTF-8 XDG_RUNTIME_DIR=/run/user/1000 DISPLAY=:0 LANG=en_US.UTF-8 XDG_CURRENT_DESKTOP=ubuntu:GNOME LC_TELEPHONE=zh_CN.UTF-8 XDG_SESSION_DESKTOP=ubuntu XMODIFIERS=@im=fcitx XAUTHORITY=/run/user/1000/gdm/Xauthority SSH_AUTH_SOCK=/run/user/1000/keyring/ssh LC_NAME=zh_CN.UTF-8 GOPATH=/home/bwhe/gocode SHELL=/bin/zsh QT_ACCESSIBILITY=1 GDMSESSION=ubuntu LC_MEASUREMENT=zh_CN.UTF-8 TEXTDOMAINDIR=/usr/share/locale/ GPG_AGENT_INFO=/run/user/1000/gnupg/S.gpg-agent:0:1 LC_IDENTIFICATION=zh_CN.UTF-8 XDG_VTNR=2 QT_IM_MODULE=fcitx PWD=/home/bwhe CLUTTER_IM_MODULE=xim XDG_DATA_DIRS=/usr/share/ubuntu:/usr/local/share/:/usr/share/:/var/lib/snapd/desktop XDG_CONFIG_DIRS=/etc/xdg/xdg-ubuntu:/etc/xdg LC_NUMERIC=zh_CN.UTF-8 LC_PAPER=zh_CN.UTF-8 GNOME_DESKTOP_SESSION_ID=this-is-deprecated XDG_MENU_PREFIX=gnome- SESSION_MANAGER=local/bwhe-THTF-T-Series:@/tmp/.ICE-unix/1522,unix/bwhe-THTF-T-Series:/tmp/.ICE-unix/1522 DESKTOP_AUTOSTART_ID=105c50ab1eadd8a31415880430803201900000015220000 GIO_LAUNCHED_DESKTOP_FILE=/usr/share/applications/org.gnome.Shell.desktop GIO_LAUNCHED_DESKTOP_FILE_PID=1652 GJS_DEBUG_OUTPUT=stderr GJS_DEBUG_TOPICS=JS ERROR;JS LOG
bwhe         -  0.0    -      -     - -        Sl   11:04   0:00 -
bwhe         -  0.0    -      -     - -        Sl   11:04   0:00 -
bwhe         -  0.0    -      -     - -        Sl   11:04   0:00 -
bwhe      1737  0.0  0.0 278688  6312 ?        -    11:04   0:00 /usr/lib/ibus/ibus-portal XDG_RUNTIME_DIR=/run/user/1000 SESSION_MANAGER=local/bwhe-THTF-T-Series:@/tmp/.ICE-unix/1522,unix/bwhe-THTF-T-Series:/tmp/.ICE-unix/1522 XMODIFIERS=@im=fcitx XDG_SESSION_TYPE=x11 DBUS_SESSION_BUS_ADDRESS=unix:path=/run/user/1000/bus,guid=625ec6c06ac17a6785e4eb365ea79d46 GOROOT=/usr/local/go USER=bwhe XAUTHORITY=/run/user/1000/gdm/Xauthority QT_IM_MODULE=fcitx DBUS_STARTER_BUS_TYPE=session LC_ADDRESS=zh_CN.UTF-8 GOPATH=/home/bwhe/gocode SHLVL=0 XDG_MENU_PREFIX=gnome- XDG_SESSION_DESKTOP=ubuntu SHELL=/bin/zsh QT_ACCESSIBILITY=1 LC_NAME=zh_CN.UTF-8 LC_MEASUREMENT=zh_CN.UTF-8 LC_TIME=zh_CN.UTF-8 LC_MONETARY=zh_CN.UTF-8 WINDOWPATH=2 USERNAME=bwhe XDG_DATA_DIRS=/usr/share/ubuntu:/usr/local/share/:/usr/share/:/var/lib/snapd/desktop QT4_IM_MODULE=fcitx IM_CONFIG_PHASE=2 GNOME_SHELL_SESSION_MODE=ubuntu LC_TELEPHONE=zh_CN.UTF-8 TEXTDOMAINDIR=/usr/share/locale/ PWD=/home/bwhe _=/usr/bin/dbus-update-activation-environment HOME=/home/bwhe DBUS_STARTER_ADDRESS=unix:path=/run/user/1000/bus,guid=625ec6c06ac17a6785e4eb365ea79d46 CLUTTER_IM_MODULE=xim DISPLAY=:0 SSH_AUTH_SOCK=/run/user/1000/keyring/ssh LC_PAPER=zh_CN.UTF-8 LC_NUMERIC=zh_CN.UTF-8 PATH=/usr/local/sbin:/usr/local/bin:/usr/sbin:/usr/bin:/sbin:/bin:/usr/games:/usr/local/games:/snap/bin:/usr/local/go/bin:/home/bwhe/gocode/bin:/sbin GNOME_DESKTOP_SESSION_ID=this-is-deprecated XDG_VTNR=2 GTK_MODULES=gail:atk-bridge GDMSESSION=ubuntu GTK_IM_MODULE=fcitx XDG_SESSION_ID=2 JOURNAL_STREAM=9:33357 XDG_SEAT=seat0 GPG_AGENT_INFO=/run/user/1000/gnupg/S.gpg-agent:0:1 INVOCATION_ID=0a533cea5fe64e31a16ac97eac219bf3 MANDATORY_PATH=/usr/share/gconf/ubuntu.mandatory.path LANG=en_US.UTF-8 LOGNAME=bwhe TEXTDOMAIN=im-config DEFAULTS_PATH=/usr/share/gconf/ubuntu.default.path XDG_CURRENT_DESKTOP=ubuntu:GNOME DESKTOP_SESSION=ubuntu LC_IDENTIFICATION=zh_CN.UTF-8 SSH_AGENT_PID=1613 MANAGERPID=1492 XDG_CONFIG_DIRS=/etc/xdg/xdg-ubuntu:/etc/xdg
bwhe         -  0.0    -      -     - -        Sl   11:04   0:00 -
bwhe         -  0.0    -      -     - -        Sl   11:04   0:00 -
bwhe         -  0.0    -      -     - -        Sl   11:04   0:00 -
bwhe      1748  0.0  0.2 689900 20852 ?        -    11:04   0:00 /usr/lib/gnome-shell/gnome-shell-calendar-server XDG_RUNTIME_DIR=/run/user/1000 SESSION_MANAGER=local/bwhe-THTF-T-Series:@/tmp/.ICE-unix/1522,unix/bwhe-THTF-T-Series:/tmp/.ICE-unix/1522 XMODIFIERS=@im=fcitx XDG_SESSION_TYPE=x11 DBUS_SESSION_BUS_ADDRESS=unix:path=/run/user/1000/bus,guid=625ec6c06ac17a6785e4eb365ea79d46 GOROOT=/usr/local/go USER=bwhe XAUTHORITY=/run/user/1000/gdm/Xauthority QT_IM_MODULE=fcitx DBUS_STARTER_BUS_TYPE=session LC_ADDRESS=zh_CN.UTF-8 GOPATH=/home/bwhe/gocode SHLVL=0 XDG_MENU_PREFIX=gnome- XDG_SESSION_DESKTOP=ubuntu SHELL=/bin/zsh QT_ACCESSIBILITY=1 LC_NAME=zh_CN.UTF-8 LC_MEASUREMENT=zh_CN.UTF-8 LC_TIME=zh_CN.UTF-8 LC_MONETARY=zh_CN.UTF-8 WINDOWPATH=2 USERNAME=bwhe XDG_DATA_DIRS=/usr/share/ubuntu:/usr/local/share/:/usr/share/:/var/lib/snapd/desktop QT4_IM_MODULE=fcitx IM_CONFIG_PHASE=2 GNOME_SHELL_SESSION_MODE=ubuntu LC_TELEPHONE=zh_CN.UTF-8 TEXTDOMAINDIR=/usr/share/locale/ PWD=/home/bwhe _=/usr/bin/dbus-update-activation-environment HOME=/home/bwhe DBUS_STARTER_ADDRESS=unix:path=/run/user/1000/bus,guid=625ec6c06ac17a6785e4eb365ea79d46 CLUTTER_IM_MODULE=xim DISPLAY=:0 SSH_AUTH_SOCK=/run/user/1000/keyring/ssh LC_PAPER=zh_CN.UTF-8 LC_NUMERIC=zh_CN.UTF-8 PATH=/usr/local/sbin:/usr/local/bin:/usr/sbin:/usr/bin:/sbin:/bin:/usr/games:/usr/local/games:/snap/bin:/usr/local/go/bin:/home/bwhe/gocode/bin:/sbin GNOME_DESKTOP_SESSION_ID=this-is-deprecated XDG_VTNR=2 GTK_MODULES=gail:atk-bridge GDMSESSION=ubuntu GTK_IM_MODULE=fcitx XDG_SESSION_ID=2 JOURNAL_STREAM=9:33357 XDG_SEAT=seat0 GPG_AGENT_INFO=/run/user/1000/gnupg/S.gpg-agent:0:1 INVOCATION_ID=0a533cea5fe64e31a16ac97eac219bf3 MANDATORY_PATH=/usr/share/gconf/ubuntu.mandatory.path LANG=en_US.UTF-8 LOGNAME=bwhe TEXTDOMAIN=im-config DEFAULTS_PATH=/usr/share/gconf/ubuntu.default.path XDG_CURRENT_DESKTOP=ubuntu:GNOME DESKTOP_SESSION=ubuntu LC_IDENTIFICATION=zh_CN.UTF-8 SSH_AGENT_PID=1613 MANAGERPID=1492 XDG_CONFIG_DIRS=/etc/xdg/xdg-ubuntu:/etc/xdg
bwhe         -  0.0    -      -     - -        Sl   11:04   0:00 -
bwhe         -  0.0    -      -     - -        Sl   11:04   0:00 -
bwhe         -  0.0    -      -     - -        Sl   11:04   0:00 -
bwhe         -  0.0    -      -     - -        Sl   11:04   0:00 -
bwhe         -  0.0    -      -     - -        Sl   11:04   0:00 -
bwhe         -  0.0    -      -     - -        Sl   11:04   0:00 -
bwhe      1752  0.0  0.3 692208 25324 ?        -    11:04   0:00 /usr/lib/evolution/evolution-source-registry CLUTTER_IM_MODULE=xim DBUS_SESSION_BUS_ADDRESS=unix:path=/run/user/1000/bus DEFAULTS_PATH=/usr/share/gconf/ubuntu.default.path DESKTOP_SESSION=ubuntu DISPLAY=:0 GDMSESSION=ubuntu GNOME_DESKTOP_SESSION_ID=this-is-deprecated GNOME_SHELL_SESSION_MODE=ubuntu GOPATH=/home/bwhe/gocode GOROOT=/usr/local/go GPG_AGENT_INFO=/run/user/1000/gnupg/S.gpg-agent:0:1 GTK_IM_MODULE=fcitx GTK_MODULES=gail:atk-bridge HOME=/home/bwhe IM_CONFIG_PHASE=2 LANG=en_US.UTF-8 LC_ADDRESS=zh_CN.UTF-8 LC_IDENTIFICATION=zh_CN.UTF-8 LC_MEASUREMENT=zh_CN.UTF-8 LC_MONETARY=zh_CN.UTF-8 LC_NAME=zh_CN.UTF-8 LC_NUMERIC=zh_CN.UTF-8 LC_PAPER=zh_CN.UTF-8 LC_TELEPHONE=zh_CN.UTF-8 LC_TIME=zh_CN.UTF-8 LOGNAME=bwhe MANDATORY_PATH=/usr/share/gconf/ubuntu.mandatory.path PATH=/usr/local/sbin:/usr/local/bin:/usr/sbin:/usr/bin:/sbin:/bin:/usr/games:/usr/local/games:/snap/bin:/usr/local/go/bin:/home/bwhe/gocode/bin:/sbin PWD=/home/bwhe QT4_IM_MODULE=fcitx QT_ACCESSIBILITY=1 QT_IM_MODULE=fcitx SESSION_MANAGER=local/bwhe-THTF-T-Series:@/tmp/.ICE-unix/1522,unix/bwhe-THTF-T-Series:/tmp/.ICE-unix/1522 SHELL=/bin/zsh SHLVL=0 SSH_AGENT_PID=1613 SSH_AUTH_SOCK=/run/user/1000/keyring/ssh TEXTDOMAIN=im-config TEXTDOMAINDIR=/usr/share/locale/ USER=bwhe USERNAME=bwhe WINDOWPATH=2 XAUTHORITY=/run/user/1000/gdm/Xauthority XDG_CONFIG_DIRS=/etc/xdg/xdg-ubuntu:/etc/xdg XDG_CURRENT_DESKTOP=ubuntu:GNOME XDG_DATA_DIRS=/usr/share/ubuntu:/usr/local/share/:/usr/share/:/var/lib/snapd/desktop XDG_MENU_PREFIX=gnome- XDG_RUNTIME_DIR=/run/user/1000 XDG_SEAT=seat0 XDG_SESSION_DESKTOP=ubuntu XDG_SESSION_ID=2 XDG_SESSION_TYPE=x11 XDG_VTNR=2 XMODIFIERS=@im=fcitx _=/usr/bin/dbus-update-activation-environment MANAGERPID=1492 INVOCATION_ID=0099d6b496f747569030ebf330e1791f JOURNAL_STREAM=9:36569
bwhe         -  0.0    -      -     - -        Ssl  11:04   0:00 -
bwhe         -  0.0    -      -     - -        Ssl  11:04   0:00 -
bwhe         -  0.0    -      -     - -        Ssl  11:04   0:00 -
bwhe         -  0.0    -      -     - -        Ssl  11:04   0:00 -
bwhe      1764  0.0  0.1 306444  9172 ?        -    11:04   0:00 /usr/lib/gvfs/gvfs-udisks2-volume-monitor CLUTTER_IM_MODULE=xim DBUS_SESSION_BUS_ADDRESS=unix:path=/run/user/1000/bus DEFAULTS_PATH=/usr/share/gconf/ubuntu.default.path DESKTOP_SESSION=ubuntu DISPLAY=:0 GDMSESSION=ubuntu GNOME_DESKTOP_SESSION_ID=this-is-deprecated GNOME_SHELL_SESSION_MODE=ubuntu GOPATH=/home/bwhe/gocode GOROOT=/usr/local/go GPG_AGENT_INFO=/run/user/1000/gnupg/S.gpg-agent:0:1 GTK_IM_MODULE=fcitx GTK_MODULES=gail:atk-bridge HOME=/home/bwhe IM_CONFIG_PHASE=2 LANG=en_US.UTF-8 LC_ADDRESS=zh_CN.UTF-8 LC_IDENTIFICATION=zh_CN.UTF-8 LC_MEASUREMENT=zh_CN.UTF-8 LC_MONETARY=zh_CN.UTF-8 LC_NAME=zh_CN.UTF-8 LC_NUMERIC=zh_CN.UTF-8 LC_PAPER=zh_CN.UTF-8 LC_TELEPHONE=zh_CN.UTF-8 LC_TIME=zh_CN.UTF-8 LOGNAME=bwhe MANDATORY_PATH=/usr/share/gconf/ubuntu.mandatory.path PATH=/usr/local/sbin:/usr/local/bin:/usr/sbin:/usr/bin:/sbin:/bin:/usr/games:/usr/local/games:/snap/bin:/usr/local/go/bin:/home/bwhe/gocode/bin:/sbin PWD=/home/bwhe QT4_IM_MODULE=fcitx QT_ACCESSIBILITY=1 QT_IM_MODULE=fcitx SESSION_MANAGER=local/bwhe-THTF-T-Series:@/tmp/.ICE-unix/1522,unix/bwhe-THTF-T-Series:/tmp/.ICE-unix/1522 SHELL=/bin/zsh SHLVL=0 SSH_AGENT_PID=1613 SSH_AUTH_SOCK=/run/user/1000/keyring/ssh TEXTDOMAIN=im-config TEXTDOMAINDIR=/usr/share/locale/ USER=bwhe USERNAME=bwhe WINDOWPATH=2 XAUTHORITY=/run/user/1000/gdm/Xauthority XDG_CONFIG_DIRS=/etc/xdg/xdg-ubuntu:/etc/xdg XDG_CURRENT_DESKTOP=ubuntu:GNOME XDG_DATA_DIRS=/usr/share/ubuntu:/usr/local/share/:/usr/share/:/var/lib/snapd/desktop XDG_MENU_PREFIX=gnome- XDG_RUNTIME_DIR=/run/user/1000 XDG_SEAT=seat0 XDG_SESSION_DESKTOP=ubuntu XDG_SESSION_ID=2 XDG_SESSION_TYPE=x11 XDG_VTNR=2 XMODIFIERS=@im=fcitx _=/usr/bin/dbus-update-activation-environment MANAGERPID=1492 INVOCATION_ID=34a4a9ea9fb9421995428221036ef811 JOURNAL_STREAM=9:33617
bwhe         -  0.0    -      -     - -        Ssl  11:04   0:00 -
bwhe         -  0.0    -      -     - -        Ssl  11:04   0:00 -
bwhe         -  0.0    -      -     - -        Ssl  11:04   0:00 -
bwhe      1768  0.0  0.0 288796  7052 ?        -    11:04   0:00 /usr/lib/gvfs/gvfs-gphoto2-volume-monitor CLUTTER_IM_MODULE=xim DBUS_SESSION_BUS_ADDRESS=unix:path=/run/user/1000/bus DEFAULTS_PATH=/usr/share/gconf/ubuntu.default.path DESKTOP_SESSION=ubuntu DISPLAY=:0 GDMSESSION=ubuntu GNOME_DESKTOP_SESSION_ID=this-is-deprecated GNOME_SHELL_SESSION_MODE=ubuntu GOPATH=/home/bwhe/gocode GOROOT=/usr/local/go GPG_AGENT_INFO=/run/user/1000/gnupg/S.gpg-agent:0:1 GTK_IM_MODULE=fcitx GTK_MODULES=gail:atk-bridge HOME=/home/bwhe IM_CONFIG_PHASE=2 LANG=en_US.UTF-8 LC_ADDRESS=zh_CN.UTF-8 LC_IDENTIFICATION=zh_CN.UTF-8 LC_MEASUREMENT=zh_CN.UTF-8 LC_MONETARY=zh_CN.UTF-8 LC_NAME=zh_CN.UTF-8 LC_NUMERIC=zh_CN.UTF-8 LC_PAPER=zh_CN.UTF-8 LC_TELEPHONE=zh_CN.UTF-8 LC_TIME=zh_CN.UTF-8 LOGNAME=bwhe MANDATORY_PATH=/usr/share/gconf/ubuntu.mandatory.path PATH=/usr/local/sbin:/usr/local/bin:/usr/sbin:/usr/bin:/sbin:/bin:/usr/games:/usr/local/games:/snap/bin:/usr/local/go/bin:/home/bwhe/gocode/bin:/sbin PWD=/home/bwhe QT4_IM_MODULE=fcitx QT_ACCESSIBILITY=1 QT_IM_MODULE=fcitx SESSION_MANAGER=local/bwhe-THTF-T-Series:@/tmp/.ICE-unix/1522,unix/bwhe-THTF-T-Series:/tmp/.ICE-unix/1522 SHELL=/bin/zsh SHLVL=0 SSH_AGENT_PID=1613 SSH_AUTH_SOCK=/run/user/1000/keyring/ssh TEXTDOMAIN=im-config TEXTDOMAINDIR=/usr/share/locale/ USER=bwhe USERNAME=bwhe WINDOWPATH=2 XAUTHORITY=/run/user/1000/gdm/Xauthority XDG_CONFIG_DIRS=/etc/xdg/xdg-ubuntu:/etc/xdg XDG_CURRENT_DESKTOP=ubuntu:GNOME XDG_DATA_DIRS=/usr/share/ubuntu:/usr/local/share/:/usr/share/:/var/lib/snapd/desktop XDG_MENU_PREFIX=gnome- XDG_RUNTIME_DIR=/run/user/1000 XDG_SEAT=seat0 XDG_SESSION_DESKTOP=ubuntu XDG_SESSION_ID=2 XDG_SESSION_TYPE=x11 XDG_VTNR=2 XMODIFIERS=@im=fcitx _=/usr/bin/dbus-update-activation-environment MANAGERPID=1492 INVOCATION_ID=7daa2c0b1f524c0aa358d80a74447e3a JOURNAL_STREAM=9:36911
bwhe         -  0.0    -      -     - -        Ssl  11:04   0:00 -
bwhe         -  0.0    -      -     - -        Ssl  11:04   0:00 -
bwhe         -  0.0    -      -     - -        Ssl  11:04   0:00 -
bwhe      1772  0.0  0.0 275872  6216 ?        -    11:04   0:00 /usr/lib/gvfs/gvfs-mtp-volume-monitor CLUTTER_IM_MODULE=xim DBUS_SESSION_BUS_ADDRESS=unix:path=/run/user/1000/bus DEFAULTS_PATH=/usr/share/gconf/ubuntu.default.path DESKTOP_SESSION=ubuntu DISPLAY=:0 GDMSESSION=ubuntu GNOME_DESKTOP_SESSION_ID=this-is-deprecated GNOME_SHELL_SESSION_MODE=ubuntu GOPATH=/home/bwhe/gocode GOROOT=/usr/local/go GPG_AGENT_INFO=/run/user/1000/gnupg/S.gpg-agent:0:1 GTK_IM_MODULE=fcitx GTK_MODULES=gail:atk-bridge HOME=/home/bwhe IM_CONFIG_PHASE=2 LANG=en_US.UTF-8 LC_ADDRESS=zh_CN.UTF-8 LC_IDENTIFICATION=zh_CN.UTF-8 LC_MEASUREMENT=zh_CN.UTF-8 LC_MONETARY=zh_CN.UTF-8 LC_NAME=zh_CN.UTF-8 LC_NUMERIC=zh_CN.UTF-8 LC_PAPER=zh_CN.UTF-8 LC_TELEPHONE=zh_CN.UTF-8 LC_TIME=zh_CN.UTF-8 LOGNAME=bwhe MANDATORY_PATH=/usr/share/gconf/ubuntu.mandatory.path PATH=/usr/local/sbin:/usr/local/bin:/usr/sbin:/usr/bin:/sbin:/bin:/usr/games:/usr/local/games:/snap/bin:/usr/local/go/bin:/home/bwhe/gocode/bin:/sbin PWD=/home/bwhe QT4_IM_MODULE=fcitx QT_ACCESSIBILITY=1 QT_IM_MODULE=fcitx SESSION_MANAGER=local/bwhe-THTF-T-Series:@/tmp/.ICE-unix/1522,unix/bwhe-THTF-T-Series:/tmp/.ICE-unix/1522 SHELL=/bin/zsh SHLVL=0 SSH_AGENT_PID=1613 SSH_AUTH_SOCK=/run/user/1000/keyring/ssh TEXTDOMAIN=im-config TEXTDOMAINDIR=/usr/share/locale/ USER=bwhe USERNAME=bwhe WINDOWPATH=2 XAUTHORITY=/run/user/1000/gdm/Xauthority XDG_CONFIG_DIRS=/etc/xdg/xdg-ubuntu:/etc/xdg XDG_CURRENT_DESKTOP=ubuntu:GNOME XDG_DATA_DIRS=/usr/share/ubuntu:/usr/local/share/:/usr/share/:/var/lib/snapd/desktop XDG_MENU_PREFIX=gnome- XDG_RUNTIME_DIR=/run/user/1000 XDG_SEAT=seat0 XDG_SESSION_DESKTOP=ubuntu XDG_SESSION_ID=2 XDG_SESSION_TYPE=x11 XDG_VTNR=2 XMODIFIERS=@im=fcitx _=/usr/bin/dbus-update-activation-environment MANAGERPID=1492 INVOCATION_ID=26a293da511b4fbb8eebe7c64ee0491f JOURNAL_STREAM=9:33658
bwhe         -  0.0    -      -     - -        Ssl  11:04   0:00 -
bwhe         -  0.0    -      -     - -        Ssl  11:04   0:00 -
bwhe         -  0.0    -      -     - -        Ssl  11:04   0:00 -
bwhe      1776  0.0  0.0 274044  6236 ?        -    11:04   0:00 /usr/lib/gvfs/gvfs-goa-volume-monitor CLUTTER_IM_MODULE=xim DBUS_SESSION_BUS_ADDRESS=unix:path=/run/user/1000/bus DEFAULTS_PATH=/usr/share/gconf/ubuntu.default.path DESKTOP_SESSION=ubuntu DISPLAY=:0 GDMSESSION=ubuntu GNOME_DESKTOP_SESSION_ID=this-is-deprecated GNOME_SHELL_SESSION_MODE=ubuntu GOPATH=/home/bwhe/gocode GOROOT=/usr/local/go GPG_AGENT_INFO=/run/user/1000/gnupg/S.gpg-agent:0:1 GTK_IM_MODULE=fcitx GTK_MODULES=gail:atk-bridge HOME=/home/bwhe IM_CONFIG_PHASE=2 LANG=en_US.UTF-8 LC_ADDRESS=zh_CN.UTF-8 LC_IDENTIFICATION=zh_CN.UTF-8 LC_MEASUREMENT=zh_CN.UTF-8 LC_MONETARY=zh_CN.UTF-8 LC_NAME=zh_CN.UTF-8 LC_NUMERIC=zh_CN.UTF-8 LC_PAPER=zh_CN.UTF-8 LC_TELEPHONE=zh_CN.UTF-8 LC_TIME=zh_CN.UTF-8 LOGNAME=bwhe MANDATORY_PATH=/usr/share/gconf/ubuntu.mandatory.path PATH=/usr/local/sbin:/usr/local/bin:/usr/sbin:/usr/bin:/sbin:/bin:/usr/games:/usr/local/games:/snap/bin:/usr/local/go/bin:/home/bwhe/gocode/bin:/sbin PWD=/home/bwhe QT4_IM_MODULE=fcitx QT_ACCESSIBILITY=1 QT_IM_MODULE=fcitx SESSION_MANAGER=local/bwhe-THTF-T-Series:@/tmp/.ICE-unix/1522,unix/bwhe-THTF-T-Series:/tmp/.ICE-unix/1522 SHELL=/bin/zsh SHLVL=0 SSH_AGENT_PID=1613 SSH_AUTH_SOCK=/run/user/1000/keyring/ssh TEXTDOMAIN=im-config TEXTDOMAINDIR=/usr/share/locale/ USER=bwhe USERNAME=bwhe WINDOWPATH=2 XAUTHORITY=/run/user/1000/gdm/Xauthority XDG_CONFIG_DIRS=/etc/xdg/xdg-ubuntu:/etc/xdg XDG_CURRENT_DESKTOP=ubuntu:GNOME XDG_DATA_DIRS=/usr/share/ubuntu:/usr/local/share/:/usr/share/:/var/lib/snapd/desktop XDG_MENU_PREFIX=gnome- XDG_RUNTIME_DIR=/run/user/1000 XDG_SEAT=seat0 XDG_SESSION_DESKTOP=ubuntu XDG_SESSION_ID=2 XDG_SESSION_TYPE=x11 XDG_VTNR=2 XMODIFIERS=@im=fcitx _=/usr/bin/dbus-update-activation-environment MANAGERPID=1492 INVOCATION_ID=b5271a390d424ae596c4460fcb8f76c7 JOURNAL_STREAM=9:36950
bwhe         -  0.0    -      -     - -        Ssl  11:04   0:00 -
bwhe         -  0.0    -      -     - -        Ssl  11:04   0:00 -
bwhe         -  0.0    -      -     - -        Ssl  11:04   0:00 -
bwhe      1780  0.0  0.4 783744 33692 ?        -    11:04   0:00 /usr/lib/gnome-online-accounts/goa-daemon XDG_RUNTIME_DIR=/run/user/1000 SESSION_MANAGER=local/bwhe-THTF-T-Series:@/tmp/.ICE-unix/1522,unix/bwhe-THTF-T-Series:/tmp/.ICE-unix/1522 XMODIFIERS=@im=fcitx XDG_SESSION_TYPE=x11 DBUS_SESSION_BUS_ADDRESS=unix:path=/run/user/1000/bus,guid=625ec6c06ac17a6785e4eb365ea79d46 GOROOT=/usr/local/go USER=bwhe XAUTHORITY=/run/user/1000/gdm/Xauthority QT_IM_MODULE=fcitx DBUS_STARTER_BUS_TYPE=session LC_ADDRESS=zh_CN.UTF-8 GOPATH=/home/bwhe/gocode SHLVL=0 XDG_MENU_PREFIX=gnome- XDG_SESSION_DESKTOP=ubuntu SHELL=/bin/zsh QT_ACCESSIBILITY=1 LC_NAME=zh_CN.UTF-8 LC_MEASUREMENT=zh_CN.UTF-8 LC_TIME=zh_CN.UTF-8 LC_MONETARY=zh_CN.UTF-8 WINDOWPATH=2 USERNAME=bwhe XDG_DATA_DIRS=/usr/share/ubuntu:/usr/local/share/:/usr/share/:/var/lib/snapd/desktop QT4_IM_MODULE=fcitx IM_CONFIG_PHASE=2 GNOME_SHELL_SESSION_MODE=ubuntu LC_TELEPHONE=zh_CN.UTF-8 TEXTDOMAINDIR=/usr/share/locale/ PWD=/home/bwhe _=/usr/bin/dbus-update-activation-environment HOME=/home/bwhe DBUS_STARTER_ADDRESS=unix:path=/run/user/1000/bus,guid=625ec6c06ac17a6785e4eb365ea79d46 CLUTTER_IM_MODULE=xim DISPLAY=:0 SSH_AUTH_SOCK=/run/user/1000/keyring/ssh LC_PAPER=zh_CN.UTF-8 LC_NUMERIC=zh_CN.UTF-8 PATH=/usr/local/sbin:/usr/local/bin:/usr/sbin:/usr/bin:/sbin:/bin:/usr/games:/usr/local/games:/snap/bin:/usr/local/go/bin:/home/bwhe/gocode/bin:/sbin GNOME_DESKTOP_SESSION_ID=this-is-deprecated XDG_VTNR=2 GTK_MODULES=gail:atk-bridge GDMSESSION=ubuntu GTK_IM_MODULE=fcitx XDG_SESSION_ID=2 JOURNAL_STREAM=9:33357 XDG_SEAT=seat0 GPG_AGENT_INFO=/run/user/1000/gnupg/S.gpg-agent:0:1 INVOCATION_ID=0a533cea5fe64e31a16ac97eac219bf3 MANDATORY_PATH=/usr/share/gconf/ubuntu.mandatory.path LANG=en_US.UTF-8 LOGNAME=bwhe TEXTDOMAIN=im-config DEFAULTS_PATH=/usr/share/gconf/ubuntu.default.path XDG_CURRENT_DESKTOP=ubuntu:GNOME DESKTOP_SESSION=ubuntu LC_IDENTIFICATION=zh_CN.UTF-8 SSH_AGENT_PID=1613 MANAGERPID=1492 XDG_CONFIG_DIRS=/etc/xdg/xdg-ubuntu:/etc/xdg
bwhe         -  0.0    -      -     - -        Sl   11:04   0:00 -
bwhe         -  0.0    -      -     - -        Sl   11:04   0:00 -
bwhe         -  0.0    -      -     - -        Sl   11:04   0:00 -
bwhe         -  0.0    -      -     - -        Sl   11:04   0:00 -
bwhe      1790  0.0  0.0 303360  7792 ?        -    11:04   0:00 /usr/lib/gnome-online-accounts/goa-identity-service XDG_RUNTIME_DIR=/run/user/1000 SESSION_MANAGER=local/bwhe-THTF-T-Series:@/tmp/.ICE-unix/1522,unix/bwhe-THTF-T-Series:/tmp/.ICE-unix/1522 XMODIFIERS=@im=fcitx XDG_SESSION_TYPE=x11 DBUS_SESSION_BUS_ADDRESS=unix:path=/run/user/1000/bus,guid=625ec6c06ac17a6785e4eb365ea79d46 GOROOT=/usr/local/go USER=bwhe XAUTHORITY=/run/user/1000/gdm/Xauthority QT_IM_MODULE=fcitx DBUS_STARTER_BUS_TYPE=session LC_ADDRESS=zh_CN.UTF-8 GOPATH=/home/bwhe/gocode SHLVL=0 XDG_MENU_PREFIX=gnome- XDG_SESSION_DESKTOP=ubuntu SHELL=/bin/zsh QT_ACCESSIBILITY=1 LC_NAME=zh_CN.UTF-8 LC_MEASUREMENT=zh_CN.UTF-8 LC_TIME=zh_CN.UTF-8 LC_MONETARY=zh_CN.UTF-8 WINDOWPATH=2 USERNAME=bwhe XDG_DATA_DIRS=/usr/share/ubuntu:/usr/local/share/:/usr/share/:/var/lib/snapd/desktop QT4_IM_MODULE=fcitx IM_CONFIG_PHASE=2 GNOME_SHELL_SESSION_MODE=ubuntu LC_TELEPHONE=zh_CN.UTF-8 TEXTDOMAINDIR=/usr/share/locale/ PWD=/home/bwhe _=/usr/bin/dbus-update-activation-environment HOME=/home/bwhe DBUS_STARTER_ADDRESS=unix:path=/run/user/1000/bus,guid=625ec6c06ac17a6785e4eb365ea79d46 CLUTTER_IM_MODULE=xim DISPLAY=:0 SSH_AUTH_SOCK=/run/user/1000/keyring/ssh LC_PAPER=zh_CN.UTF-8 LC_NUMERIC=zh_CN.UTF-8 PATH=/usr/local/sbin:/usr/local/bin:/usr/sbin:/usr/bin:/sbin:/bin:/usr/games:/usr/local/games:/snap/bin:/usr/local/go/bin:/home/bwhe/gocode/bin:/sbin GNOME_DESKTOP_SESSION_ID=this-is-deprecated XDG_VTNR=2 GTK_MODULES=gail:atk-bridge GDMSESSION=ubuntu GTK_IM_MODULE=fcitx XDG_SESSION_ID=2 JOURNAL_STREAM=9:33357 XDG_SEAT=seat0 GPG_AGENT_INFO=/run/user/1000/gnupg/S.gpg-agent:0:1 INVOCATION_ID=0a533cea5fe64e31a16ac97eac219bf3 MANDATORY_PATH=/usr/share/gconf/ubuntu.mandatory.path LANG=en_US.UTF-8 LOGNAME=bwhe TEXTDOMAIN=im-config DEFAULTS_PATH=/usr/share/gconf/ubuntu.default.path XDG_CURRENT_DESKTOP=ubuntu:GNOME DESKTOP_SESSION=ubuntu LC_IDENTIFICATION=zh_CN.UTF-8 SSH_AGENT_PID=1613 MANAGERPID=1492 XDG_CONFIG_DIRS=/etc/xdg/xdg-ubuntu:/etc/xdg
bwhe         -  0.0    -      -     - -        Sl   11:04   0:00 -
bwhe         -  0.0    -      -     - -        Sl   11:04   0:00 -
bwhe         -  0.0    -      -     - -        Sl   11:04   0:00 -
bwhe         -  0.0    -      -     - -        Sl   11:04   0:00 -
bwhe      1795  0.0  0.0 378820  7784 ?        -    11:04   0:00 /usr/lib/gvfs/gvfs-afc-volume-monitor CLUTTER_IM_MODULE=xim DBUS_SESSION_BUS_ADDRESS=unix:path=/run/user/1000/bus DEFAULTS_PATH=/usr/share/gconf/ubuntu.default.path DESKTOP_SESSION=ubuntu DISPLAY=:0 GDMSESSION=ubuntu GNOME_DESKTOP_SESSION_ID=this-is-deprecated GNOME_SHELL_SESSION_MODE=ubuntu GOPATH=/home/bwhe/gocode GOROOT=/usr/local/go GPG_AGENT_INFO=/run/user/1000/gnupg/S.gpg-agent:0:1 GTK_IM_MODULE=fcitx GTK_MODULES=gail:atk-bridge HOME=/home/bwhe IM_CONFIG_PHASE=2 LANG=en_US.UTF-8 LC_ADDRESS=zh_CN.UTF-8 LC_IDENTIFICATION=zh_CN.UTF-8 LC_MEASUREMENT=zh_CN.UTF-8 LC_MONETARY=zh_CN.UTF-8 LC_NAME=zh_CN.UTF-8 LC_NUMERIC=zh_CN.UTF-8 LC_PAPER=zh_CN.UTF-8 LC_TELEPHONE=zh_CN.UTF-8 LC_TIME=zh_CN.UTF-8 LOGNAME=bwhe MANDATORY_PATH=/usr/share/gconf/ubuntu.mandatory.path PATH=/usr/local/sbin:/usr/local/bin:/usr/sbin:/usr/bin:/sbin:/bin:/usr/games:/usr/local/games:/snap/bin:/usr/local/go/bin:/home/bwhe/gocode/bin:/sbin PWD=/home/bwhe QT4_IM_MODULE=fcitx QT_ACCESSIBILITY=1 QT_IM_MODULE=fcitx SESSION_MANAGER=local/bwhe-THTF-T-Series:@/tmp/.ICE-unix/1522,unix/bwhe-THTF-T-Series:/tmp/.ICE-unix/1522 SHELL=/bin/zsh SHLVL=0 SSH_AGENT_PID=1613 SSH_AUTH_SOCK=/run/user/1000/keyring/ssh TEXTDOMAIN=im-config TEXTDOMAINDIR=/usr/share/locale/ USER=bwhe USERNAME=bwhe WINDOWPATH=2 XAUTHORITY=/run/user/1000/gdm/Xauthority XDG_CONFIG_DIRS=/etc/xdg/xdg-ubuntu:/etc/xdg XDG_CURRENT_DESKTOP=ubuntu:GNOME XDG_DATA_DIRS=/usr/share/ubuntu:/usr/local/share/:/usr/share/:/var/lib/snapd/desktop XDG_MENU_PREFIX=gnome- XDG_RUNTIME_DIR=/run/user/1000 XDG_SEAT=seat0 XDG_SESSION_DESKTOP=ubuntu XDG_SESSION_ID=2 XDG_SESSION_TYPE=x11 XDG_VTNR=2 XMODIFIERS=@im=fcitx _=/usr/bin/dbus-update-activation-environment MANAGERPID=1492 INVOCATION_ID=4c71569b5237466db7d41d618f35e519 JOURNAL_STREAM=9:36994
bwhe         -  0.0    -      -     - -        Ssl  11:04   0:00 -
bwhe         -  0.0    -      -     - -        Ssl  11:04   0:00 -
bwhe         -  0.0    -      -     - -        Ssl  11:04   0:00 -
bwhe         -  0.0    -      -     - -        Ssl  11:04   0:00 -
bwhe      1802  0.0  0.3 801672 27380 tty2     -    11:04   0:00 /usr/lib/gnome-settings-daemon/gsd-power USER=bwhe LC_TIME=zh_CN.UTF-8 TEXTDOMAIN=im-config XDG_SEAT=seat0 XDG_SESSION_TYPE=x11 SSH_AGENT_PID=1613 SHLVL=0 QT4_IM_MODULE=fcitx HOME=/home/bwhe DESKTOP_SESSION=ubuntu GTK_MODULES=gail:atk-bridge GNOME_SHELL_SESSION_MODE=ubuntu LC_MONETARY=zh_CN.UTF-8 GOROOT=/usr/local/go DBUS_SESSION_BUS_ADDRESS=unix:path=/run/user/1000/bus MANDATORY_PATH=/usr/share/gconf/ubuntu.mandatory.path IM_CONFIG_PHASE=2 LOGNAME=bwhe GTK_IM_MODULE=fcitx DEFAULTS_PATH=/usr/share/gconf/ubuntu.default.path USERNAME=bwhe XDG_SESSION_ID=2 WINDOWPATH=2 PATH=/usr/local/sbin:/usr/local/bin:/usr/sbin:/usr/bin:/sbin:/bin:/usr/games:/usr/local/games:/snap/bin:/usr/local/go/bin:/home/bwhe/gocode/bin:/sbin LC_ADDRESS=zh_CN.UTF-8 XDG_RUNTIME_DIR=/run/user/1000 DISPLAY=:0 LANG=en_US.UTF-8 XDG_CURRENT_DESKTOP=ubuntu:GNOME LC_TELEPHONE=zh_CN.UTF-8 XDG_SESSION_DESKTOP=ubuntu XMODIFIERS=@im=fcitx XAUTHORITY=/run/user/1000/gdm/Xauthority SSH_AUTH_SOCK=/run/user/1000/keyring/ssh LC_NAME=zh_CN.UTF-8 GOPATH=/home/bwhe/gocode SHELL=/bin/zsh QT_ACCESSIBILITY=1 GDMSESSION=ubuntu LC_MEASUREMENT=zh_CN.UTF-8 TEXTDOMAINDIR=/usr/share/locale/ GPG_AGENT_INFO=/run/user/1000/gnupg/S.gpg-agent:0:1 LC_IDENTIFICATION=zh_CN.UTF-8 XDG_VTNR=2 QT_IM_MODULE=fcitx PWD=/home/bwhe CLUTTER_IM_MODULE=xim XDG_DATA_DIRS=/usr/share/ubuntu:/usr/local/share/:/usr/share/:/var/lib/snapd/desktop XDG_CONFIG_DIRS=/etc/xdg/xdg-ubuntu:/etc/xdg LC_NUMERIC=zh_CN.UTF-8 LC_PAPER=zh_CN.UTF-8 GNOME_DESKTOP_SESSION_ID=this-is-deprecated XDG_MENU_PREFIX=gnome- SESSION_MANAGER=local/bwhe-THTF-T-Series:@/tmp/.ICE-unix/1522,unix/bwhe-THTF-T-Series:/tmp/.ICE-unix/1522 DESKTOP_AUTOSTART_ID=105c50ab1eadd8a31415880430804029700000015220009 GIO_LAUNCHED_DESKTOP_FILE=/etc/xdg/autostart/org.gnome.SettingsDaemon.Power.desktop GIO_LAUNCHED_DESKTOP_FILE_PID=1802
bwhe         -  0.0    -      -     - -        Sl+  11:04   0:00 -
bwhe         -  0.0    -      -     - -        Sl+  11:04   0:00 -
bwhe         -  0.0    -      -     - -        Sl+  11:04   0:00 -
bwhe         -  0.0    -      -     - -        Sl+  11:04   0:00 -
bwhe         -  0.0    -      -     - -        Sl+  11:05   0:00 -
bwhe      1804  0.0  0.1 349336 10576 tty2     -    11:04   0:00 /usr/lib/gnome-settings-daemon/gsd-print-notifications USER=bwhe LC_TIME=zh_CN.UTF-8 TEXTDOMAIN=im-config XDG_SEAT=seat0 XDG_SESSION_TYPE=x11 SSH_AGENT_PID=1613 SHLVL=0 QT4_IM_MODULE=fcitx HOME=/home/bwhe DESKTOP_SESSION=ubuntu GTK_MODULES=gail:atk-bridge GNOME_SHELL_SESSION_MODE=ubuntu LC_MONETARY=zh_CN.UTF-8 GOROOT=/usr/local/go DBUS_SESSION_BUS_ADDRESS=unix:path=/run/user/1000/bus MANDATORY_PATH=/usr/share/gconf/ubuntu.mandatory.path IM_CONFIG_PHASE=2 LOGNAME=bwhe GTK_IM_MODULE=fcitx DEFAULTS_PATH=/usr/share/gconf/ubuntu.default.path USERNAME=bwhe XDG_SESSION_ID=2 WINDOWPATH=2 PATH=/usr/local/sbin:/usr/local/bin:/usr/sbin:/usr/bin:/sbin:/bin:/usr/games:/usr/local/games:/snap/bin:/usr/local/go/bin:/home/bwhe/gocode/bin:/sbin LC_ADDRESS=zh_CN.UTF-8 XDG_RUNTIME_DIR=/run/user/1000 DISPLAY=:0 LANG=en_US.UTF-8 XDG_CURRENT_DESKTOP=ubuntu:GNOME LC_TELEPHONE=zh_CN.UTF-8 XDG_SESSION_DESKTOP=ubuntu XMODIFIERS=@im=fcitx XAUTHORITY=/run/user/1000/gdm/Xauthority SSH_AUTH_SOCK=/run/user/1000/keyring/ssh LC_NAME=zh_CN.UTF-8 GOPATH=/home/bwhe/gocode SHELL=/bin/zsh QT_ACCESSIBILITY=1 GDMSESSION=ubuntu LC_MEASUREMENT=zh_CN.UTF-8 TEXTDOMAINDIR=/usr/share/locale/ GPG_AGENT_INFO=/run/user/1000/gnupg/S.gpg-agent:0:1 LC_IDENTIFICATION=zh_CN.UTF-8 XDG_VTNR=2 QT_IM_MODULE=fcitx PWD=/home/bwhe CLUTTER_IM_MODULE=xim XDG_DATA_DIRS=/usr/share/ubuntu:/usr/local/share/:/usr/share/:/var/lib/snapd/desktop XDG_CONFIG_DIRS=/etc/xdg/xdg-ubuntu:/etc/xdg LC_NUMERIC=zh_CN.UTF-8 LC_PAPER=zh_CN.UTF-8 GNOME_DESKTOP_SESSION_ID=this-is-deprecated XDG_MENU_PREFIX=gnome- SESSION_MANAGER=local/bwhe-THTF-T-Series:@/tmp/.ICE-unix/1522,unix/bwhe-THTF-T-Series:/tmp/.ICE-unix/1522 DESKTOP_AUTOSTART_ID=105c50ab1eadd8a31415880430804109200000015220010 GIO_LAUNCHED_DESKTOP_FILE=/etc/xdg/autostart/org.gnome.SettingsDaemon.PrintNotifications.desktop GIO_LAUNCHED_DESKTOP_FILE_PID=1804
bwhe         -  0.0    -      -     - -        Sl+  11:04   0:00 -
bwhe         -  0.0    -      -     - -        Sl+  11:04   0:00 -
bwhe         -  0.0    -      -     - -        Sl+  11:04   0:00 -
bwhe      1805  0.0  0.0 423344  6100 tty2     -    11:04   0:00 /usr/lib/gnome-settings-daemon/gsd-rfkill USER=bwhe LC_TIME=zh_CN.UTF-8 TEXTDOMAIN=im-config XDG_SEAT=seat0 XDG_SESSION_TYPE=x11 SSH_AGENT_PID=1613 SHLVL=0 QT4_IM_MODULE=fcitx HOME=/home/bwhe DESKTOP_SESSION=ubuntu GTK_MODULES=gail:atk-bridge GNOME_SHELL_SESSION_MODE=ubuntu LC_MONETARY=zh_CN.UTF-8 GOROOT=/usr/local/go DBUS_SESSION_BUS_ADDRESS=unix:path=/run/user/1000/bus MANDATORY_PATH=/usr/share/gconf/ubuntu.mandatory.path IM_CONFIG_PHASE=2 LOGNAME=bwhe GTK_IM_MODULE=fcitx DEFAULTS_PATH=/usr/share/gconf/ubuntu.default.path USERNAME=bwhe XDG_SESSION_ID=2 WINDOWPATH=2 PATH=/usr/local/sbin:/usr/local/bin:/usr/sbin:/usr/bin:/sbin:/bin:/usr/games:/usr/local/games:/snap/bin:/usr/local/go/bin:/home/bwhe/gocode/bin:/sbin LC_ADDRESS=zh_CN.UTF-8 XDG_RUNTIME_DIR=/run/user/1000 DISPLAY=:0 LANG=en_US.UTF-8 XDG_CURRENT_DESKTOP=ubuntu:GNOME LC_TELEPHONE=zh_CN.UTF-8 XDG_SESSION_DESKTOP=ubuntu XMODIFIERS=@im=fcitx XAUTHORITY=/run/user/1000/gdm/Xauthority SSH_AUTH_SOCK=/run/user/1000/keyring/ssh LC_NAME=zh_CN.UTF-8 GOPATH=/home/bwhe/gocode SHELL=/bin/zsh QT_ACCESSIBILITY=1 GDMSESSION=ubuntu LC_MEASUREMENT=zh_CN.UTF-8 TEXTDOMAINDIR=/usr/share/locale/ GPG_AGENT_INFO=/run/user/1000/gnupg/S.gpg-agent:0:1 LC_IDENTIFICATION=zh_CN.UTF-8 XDG_VTNR=2 QT_IM_MODULE=fcitx PWD=/home/bwhe CLUTTER_IM_MODULE=xim XDG_DATA_DIRS=/usr/share/ubuntu:/usr/local/share/:/usr/share/:/var/lib/snapd/desktop XDG_CONFIG_DIRS=/etc/xdg/xdg-ubuntu:/etc/xdg LC_NUMERIC=zh_CN.UTF-8 LC_PAPER=zh_CN.UTF-8 GNOME_DESKTOP_SESSION_ID=this-is-deprecated XDG_MENU_PREFIX=gnome- SESSION_MANAGER=local/bwhe-THTF-T-Series:@/tmp/.ICE-unix/1522,unix/bwhe-THTF-T-Series:/tmp/.ICE-unix/1522 DESKTOP_AUTOSTART_ID=105c50ab1eadd8a31415880430804199900000015220011 GIO_LAUNCHED_DESKTOP_FILE=/etc/xdg/autostart/org.gnome.SettingsDaemon.Rfkill.desktop GIO_LAUNCHED_DESKTOP_FILE_PID=1805
bwhe         -  0.0    -      -     - -        Sl+  11:04   0:00 -
bwhe         -  0.0    -      -     - -        Sl+  11:04   0:00 -
bwhe         -  0.0    -      -     - -        Sl+  11:04   0:00 -
bwhe      1806  0.0  0.0 275732  5980 tty2     -    11:04   0:00 /usr/lib/gnome-settings-daemon/gsd-screensaver-proxy USER=bwhe LC_TIME=zh_CN.UTF-8 TEXTDOMAIN=im-config XDG_SEAT=seat0 XDG_SESSION_TYPE=x11 SSH_AGENT_PID=1613 SHLVL=0 QT4_IM_MODULE=fcitx HOME=/home/bwhe DESKTOP_SESSION=ubuntu GTK_MODULES=gail:atk-bridge GNOME_SHELL_SESSION_MODE=ubuntu LC_MONETARY=zh_CN.UTF-8 GOROOT=/usr/local/go DBUS_SESSION_BUS_ADDRESS=unix:path=/run/user/1000/bus MANDATORY_PATH=/usr/share/gconf/ubuntu.mandatory.path IM_CONFIG_PHASE=2 LOGNAME=bwhe GTK_IM_MODULE=fcitx DEFAULTS_PATH=/usr/share/gconf/ubuntu.default.path USERNAME=bwhe XDG_SESSION_ID=2 WINDOWPATH=2 PATH=/usr/local/sbin:/usr/local/bin:/usr/sbin:/usr/bin:/sbin:/bin:/usr/games:/usr/local/games:/snap/bin:/usr/local/go/bin:/home/bwhe/gocode/bin:/sbin LC_ADDRESS=zh_CN.UTF-8 XDG_RUNTIME_DIR=/run/user/1000 DISPLAY=:0 LANG=en_US.UTF-8 XDG_CURRENT_DESKTOP=ubuntu:GNOME LC_TELEPHONE=zh_CN.UTF-8 XDG_SESSION_DESKTOP=ubuntu XMODIFIERS=@im=fcitx XAUTHORITY=/run/user/1000/gdm/Xauthority SSH_AUTH_SOCK=/run/user/1000/keyring/ssh LC_NAME=zh_CN.UTF-8 GOPATH=/home/bwhe/gocode SHELL=/bin/zsh QT_ACCESSIBILITY=1 GDMSESSION=ubuntu LC_MEASUREMENT=zh_CN.UTF-8 TEXTDOMAINDIR=/usr/share/locale/ GPG_AGENT_INFO=/run/user/1000/gnupg/S.gpg-agent:0:1 LC_IDENTIFICATION=zh_CN.UTF-8 XDG_VTNR=2 QT_IM_MODULE=fcitx PWD=/home/bwhe CLUTTER_IM_MODULE=xim XDG_DATA_DIRS=/usr/share/ubuntu:/usr/local/share/:/usr/share/:/var/lib/snapd/desktop XDG_CONFIG_DIRS=/etc/xdg/xdg-ubuntu:/etc/xdg LC_NUMERIC=zh_CN.UTF-8 LC_PAPER=zh_CN.UTF-8 GNOME_DESKTOP_SESSION_ID=this-is-deprecated XDG_MENU_PREFIX=gnome- SESSION_MANAGER=local/bwhe-THTF-T-Series:@/tmp/.ICE-unix/1522,unix/bwhe-THTF-T-Series:/tmp/.ICE-unix/1522 DESKTOP_AUTOSTART_ID=105c50ab1eadd8a31415880430804285600000015220012 GIO_LAUNCHED_DESKTOP_FILE=/etc/xdg/autostart/org.gnome.SettingsDaemon.ScreensaverProxy.desktop GIO_LAUNCHED_DESKTOP_FILE_PID=1806
bwhe         -  0.0    -      -     - -        Sl+  11:04   0:00 -
bwhe         -  0.0    -      -     - -        Sl+  11:04   0:00 -
bwhe         -  0.0    -      -     - -        Sl+  11:04   0:00 -
bwhe      1809  0.0  0.1 452976 10500 tty2     -    11:04   0:00 /usr/lib/gnome-settings-daemon/gsd-sharing USER=bwhe LC_TIME=zh_CN.UTF-8 TEXTDOMAIN=im-config XDG_SEAT=seat0 XDG_SESSION_TYPE=x11 SSH_AGENT_PID=1613 SHLVL=0 QT4_IM_MODULE=fcitx HOME=/home/bwhe DESKTOP_SESSION=ubuntu GTK_MODULES=gail:atk-bridge GNOME_SHELL_SESSION_MODE=ubuntu LC_MONETARY=zh_CN.UTF-8 GOROOT=/usr/local/go DBUS_SESSION_BUS_ADDRESS=unix:path=/run/user/1000/bus MANDATORY_PATH=/usr/share/gconf/ubuntu.mandatory.path IM_CONFIG_PHASE=2 LOGNAME=bwhe GTK_IM_MODULE=fcitx DEFAULTS_PATH=/usr/share/gconf/ubuntu.default.path USERNAME=bwhe XDG_SESSION_ID=2 WINDOWPATH=2 PATH=/usr/local/sbin:/usr/local/bin:/usr/sbin:/usr/bin:/sbin:/bin:/usr/games:/usr/local/games:/snap/bin:/usr/local/go/bin:/home/bwhe/gocode/bin:/sbin LC_ADDRESS=zh_CN.UTF-8 XDG_RUNTIME_DIR=/run/user/1000 DISPLAY=:0 LANG=en_US.UTF-8 XDG_CURRENT_DESKTOP=ubuntu:GNOME LC_TELEPHONE=zh_CN.UTF-8 XDG_SESSION_DESKTOP=ubuntu XMODIFIERS=@im=fcitx XAUTHORITY=/run/user/1000/gdm/Xauthority SSH_AUTH_SOCK=/run/user/1000/keyring/ssh LC_NAME=zh_CN.UTF-8 GOPATH=/home/bwhe/gocode SHELL=/bin/zsh QT_ACCESSIBILITY=1 GDMSESSION=ubuntu LC_MEASUREMENT=zh_CN.UTF-8 TEXTDOMAINDIR=/usr/share/locale/ GPG_AGENT_INFO=/run/user/1000/gnupg/S.gpg-agent:0:1 LC_IDENTIFICATION=zh_CN.UTF-8 XDG_VTNR=2 QT_IM_MODULE=fcitx PWD=/home/bwhe CLUTTER_IM_MODULE=xim XDG_DATA_DIRS=/usr/share/ubuntu:/usr/local/share/:/usr/share/:/var/lib/snapd/desktop XDG_CONFIG_DIRS=/etc/xdg/xdg-ubuntu:/etc/xdg LC_NUMERIC=zh_CN.UTF-8 LC_PAPER=zh_CN.UTF-8 GNOME_DESKTOP_SESSION_ID=this-is-deprecated XDG_MENU_PREFIX=gnome- SESSION_MANAGER=local/bwhe-THTF-T-Series:@/tmp/.ICE-unix/1522,unix/bwhe-THTF-T-Series:/tmp/.ICE-unix/1522 DESKTOP_AUTOSTART_ID=105c50ab1eadd8a31415880430804365300000015220013 GIO_LAUNCHED_DESKTOP_FILE=/etc/xdg/autostart/org.gnome.SettingsDaemon.Sharing.desktop GIO_LAUNCHED_DESKTOP_FILE_PID=1809
bwhe         -  0.0    -      -     - -        Sl+  11:04   0:00 -
bwhe         -  0.0    -      -     - -        Sl+  11:04   0:00 -
bwhe         -  0.0    -      -     - -        Sl+  11:04   0:00 -
bwhe         -  0.0    -      -     - -        Sl+  11:04   0:00 -
bwhe      1813  0.0  0.1 377940  8308 tty2     -    11:04   0:00 /usr/lib/gnome-settings-daemon/gsd-smartcard USER=bwhe LC_TIME=zh_CN.UTF-8 TEXTDOMAIN=im-config XDG_SEAT=seat0 XDG_SESSION_TYPE=x11 SSH_AGENT_PID=1613 SHLVL=0 QT4_IM_MODULE=fcitx HOME=/home/bwhe DESKTOP_SESSION=ubuntu GTK_MODULES=gail:atk-bridge GNOME_SHELL_SESSION_MODE=ubuntu LC_MONETARY=zh_CN.UTF-8 GOROOT=/usr/local/go DBUS_SESSION_BUS_ADDRESS=unix:path=/run/user/1000/bus MANDATORY_PATH=/usr/share/gconf/ubuntu.mandatory.path IM_CONFIG_PHASE=2 LOGNAME=bwhe GTK_IM_MODULE=fcitx DEFAULTS_PATH=/usr/share/gconf/ubuntu.default.path USERNAME=bwhe XDG_SESSION_ID=2 WINDOWPATH=2 PATH=/usr/local/sbin:/usr/local/bin:/usr/sbin:/usr/bin:/sbin:/bin:/usr/games:/usr/local/games:/snap/bin:/usr/local/go/bin:/home/bwhe/gocode/bin:/sbin LC_ADDRESS=zh_CN.UTF-8 XDG_RUNTIME_DIR=/run/user/1000 DISPLAY=:0 LANG=en_US.UTF-8 XDG_CURRENT_DESKTOP=ubuntu:GNOME LC_TELEPHONE=zh_CN.UTF-8 XDG_SESSION_DESKTOP=ubuntu XMODIFIERS=@im=fcitx XAUTHORITY=/run/user/1000/gdm/Xauthority SSH_AUTH_SOCK=/run/user/1000/keyring/ssh LC_NAME=zh_CN.UTF-8 GOPATH=/home/bwhe/gocode SHELL=/bin/zsh QT_ACCESSIBILITY=1 GDMSESSION=ubuntu LC_MEASUREMENT=zh_CN.UTF-8 TEXTDOMAINDIR=/usr/share/locale/ GPG_AGENT_INFO=/run/user/1000/gnupg/S.gpg-agent:0:1 LC_IDENTIFICATION=zh_CN.UTF-8 XDG_VTNR=2 QT_IM_MODULE=fcitx PWD=/home/bwhe CLUTTER_IM_MODULE=xim XDG_DATA_DIRS=/usr/share/ubuntu:/usr/local/share/:/usr/share/:/var/lib/snapd/desktop XDG_CONFIG_DIRS=/etc/xdg/xdg-ubuntu:/etc/xdg LC_NUMERIC=zh_CN.UTF-8 LC_PAPER=zh_CN.UTF-8 GNOME_DESKTOP_SESSION_ID=this-is-deprecated XDG_MENU_PREFIX=gnome- SESSION_MANAGER=local/bwhe-THTF-T-Series:@/tmp/.ICE-unix/1522,unix/bwhe-THTF-T-Series:/tmp/.ICE-unix/1522 DESKTOP_AUTOSTART_ID=105c50ab1eadd8a31415880430804444900000015220014 GIO_LAUNCHED_DESKTOP_FILE=/etc/xdg/autostart/org.gnome.SettingsDaemon.Smartcard.desktop GIO_LAUNCHED_DESKTOP_FILE_PID=1813
bwhe         -  0.0    -      -     - -        Sl+  11:04   0:00 -
bwhe         -  0.0    -      -     - -        Sl+  11:04   0:00 -
bwhe         -  0.0    -      -     - -        Sl+  11:04   0:00 -
bwhe         -  0.0    -      -     - -        Sl+  11:04   0:00 -
bwhe         -  0.0    -      -     - -        Sl+  11:04   0:00 -
bwhe      1815  0.0  0.1 332860  8304 tty2     -    11:04   0:00 /usr/lib/gnome-settings-daemon/gsd-sound USER=bwhe LC_TIME=zh_CN.UTF-8 TEXTDOMAIN=im-config XDG_SEAT=seat0 XDG_SESSION_TYPE=x11 SSH_AGENT_PID=1613 SHLVL=0 QT4_IM_MODULE=fcitx HOME=/home/bwhe DESKTOP_SESSION=ubuntu GTK_MODULES=gail:atk-bridge GNOME_SHELL_SESSION_MODE=ubuntu LC_MONETARY=zh_CN.UTF-8 GOROOT=/usr/local/go DBUS_SESSION_BUS_ADDRESS=unix:path=/run/user/1000/bus MANDATORY_PATH=/usr/share/gconf/ubuntu.mandatory.path IM_CONFIG_PHASE=2 LOGNAME=bwhe GTK_IM_MODULE=fcitx DEFAULTS_PATH=/usr/share/gconf/ubuntu.default.path USERNAME=bwhe XDG_SESSION_ID=2 WINDOWPATH=2 PATH=/usr/local/sbin:/usr/local/bin:/usr/sbin:/usr/bin:/sbin:/bin:/usr/games:/usr/local/games:/snap/bin:/usr/local/go/bin:/home/bwhe/gocode/bin:/sbin LC_ADDRESS=zh_CN.UTF-8 XDG_RUNTIME_DIR=/run/user/1000 DISPLAY=:0 LANG=en_US.UTF-8 XDG_CURRENT_DESKTOP=ubuntu:GNOME LC_TELEPHONE=zh_CN.UTF-8 XDG_SESSION_DESKTOP=ubuntu XMODIFIERS=@im=fcitx XAUTHORITY=/run/user/1000/gdm/Xauthority SSH_AUTH_SOCK=/run/user/1000/keyring/ssh LC_NAME=zh_CN.UTF-8 GOPATH=/home/bwhe/gocode SHELL=/bin/zsh QT_ACCESSIBILITY=1 GDMSESSION=ubuntu LC_MEASUREMENT=zh_CN.UTF-8 TEXTDOMAINDIR=/usr/share/locale/ GPG_AGENT_INFO=/run/user/1000/gnupg/S.gpg-agent:0:1 LC_IDENTIFICATION=zh_CN.UTF-8 XDG_VTNR=2 QT_IM_MODULE=fcitx PWD=/home/bwhe CLUTTER_IM_MODULE=xim XDG_DATA_DIRS=/usr/share/ubuntu:/usr/local/share/:/usr/share/:/var/lib/snapd/desktop XDG_CONFIG_DIRS=/etc/xdg/xdg-ubuntu:/etc/xdg LC_NUMERIC=zh_CN.UTF-8 LC_PAPER=zh_CN.UTF-8 GNOME_DESKTOP_SESSION_ID=this-is-deprecated XDG_MENU_PREFIX=gnome- SESSION_MANAGER=local/bwhe-THTF-T-Series:@/tmp/.ICE-unix/1522,unix/bwhe-THTF-T-Series:/tmp/.ICE-unix/1522 DESKTOP_AUTOSTART_ID=105c50ab1eadd8a31415880430804526200000015220015 GIO_LAUNCHED_DESKTOP_FILE=/etc/xdg/autostart/org.gnome.SettingsDaemon.Sound.desktop GIO_LAUNCHED_DESKTOP_FILE_PID=1815
bwhe         -  0.0    -      -     - -        Sl+  11:04   0:00 -
bwhe         -  0.0    -      -     - -        Sl+  11:04   0:00 -
bwhe         -  0.0    -      -     - -        Sl+  11:04   0:00 -
bwhe         -  0.0    -      -     - -        Sl+  11:04   0:00 -
bwhe      1821  0.0  0.3 505576 24736 tty2     -    11:04   0:00 /usr/lib/gnome-settings-daemon/gsd-wacom USER=bwhe LC_TIME=zh_CN.UTF-8 TEXTDOMAIN=im-config XDG_SEAT=seat0 XDG_SESSION_TYPE=x11 SSH_AGENT_PID=1613 SHLVL=0 QT4_IM_MODULE=fcitx HOME=/home/bwhe DESKTOP_SESSION=ubuntu GTK_MODULES=gail:atk-bridge GNOME_SHELL_SESSION_MODE=ubuntu LC_MONETARY=zh_CN.UTF-8 GOROOT=/usr/local/go DBUS_SESSION_BUS_ADDRESS=unix:path=/run/user/1000/bus MANDATORY_PATH=/usr/share/gconf/ubuntu.mandatory.path IM_CONFIG_PHASE=2 LOGNAME=bwhe GTK_IM_MODULE=fcitx DEFAULTS_PATH=/usr/share/gconf/ubuntu.default.path USERNAME=bwhe XDG_SESSION_ID=2 WINDOWPATH=2 PATH=/usr/local/sbin:/usr/local/bin:/usr/sbin:/usr/bin:/sbin:/bin:/usr/games:/usr/local/games:/snap/bin:/usr/local/go/bin:/home/bwhe/gocode/bin:/sbin LC_ADDRESS=zh_CN.UTF-8 XDG_RUNTIME_DIR=/run/user/1000 DISPLAY=:0 LANG=en_US.UTF-8 XDG_CURRENT_DESKTOP=ubuntu:GNOME LC_TELEPHONE=zh_CN.UTF-8 XDG_SESSION_DESKTOP=ubuntu XMODIFIERS=@im=fcitx XAUTHORITY=/run/user/1000/gdm/Xauthority SSH_AUTH_SOCK=/run/user/1000/keyring/ssh LC_NAME=zh_CN.UTF-8 GOPATH=/home/bwhe/gocode SHELL=/bin/zsh QT_ACCESSIBILITY=1 GDMSESSION=ubuntu LC_MEASUREMENT=zh_CN.UTF-8 TEXTDOMAINDIR=/usr/share/locale/ GPG_AGENT_INFO=/run/user/1000/gnupg/S.gpg-agent:0:1 LC_IDENTIFICATION=zh_CN.UTF-8 XDG_VTNR=2 QT_IM_MODULE=fcitx PWD=/home/bwhe CLUTTER_IM_MODULE=xim XDG_DATA_DIRS=/usr/share/ubuntu:/usr/local/share/:/usr/share/:/var/lib/snapd/desktop XDG_CONFIG_DIRS=/etc/xdg/xdg-ubuntu:/etc/xdg LC_NUMERIC=zh_CN.UTF-8 LC_PAPER=zh_CN.UTF-8 GNOME_DESKTOP_SESSION_ID=this-is-deprecated XDG_MENU_PREFIX=gnome- SESSION_MANAGER=local/bwhe-THTF-T-Series:@/tmp/.ICE-unix/1522,unix/bwhe-THTF-T-Series:/tmp/.ICE-unix/1522 DESKTOP_AUTOSTART_ID=105c50ab1eadd8a31415880430804609000000015220016 GIO_LAUNCHED_DESKTOP_FILE=/etc/xdg/autostart/org.gnome.SettingsDaemon.Wacom.desktop GIO_LAUNCHED_DESKTOP_FILE_PID=1821
bwhe         -  0.0    -      -     - -        Sl+  11:04   0:00 -
bwhe         -  0.0    -      -     - -        Sl+  11:04   0:00 -
bwhe         -  0.0    -      -     - -        Sl+  11:04   0:00 -
bwhe      1828  0.0  0.3 498084 25392 tty2     -    11:04   0:00 /usr/lib/gnome-settings-daemon/gsd-xsettings USER=bwhe LC_TIME=zh_CN.UTF-8 TEXTDOMAIN=im-config XDG_SEAT=seat0 XDG_SESSION_TYPE=x11 SSH_AGENT_PID=1613 SHLVL=0 QT4_IM_MODULE=fcitx HOME=/home/bwhe DESKTOP_SESSION=ubuntu GTK_MODULES=gail:atk-bridge GNOME_SHELL_SESSION_MODE=ubuntu LC_MONETARY=zh_CN.UTF-8 GOROOT=/usr/local/go DBUS_SESSION_BUS_ADDRESS=unix:path=/run/user/1000/bus MANDATORY_PATH=/usr/share/gconf/ubuntu.mandatory.path IM_CONFIG_PHASE=2 LOGNAME=bwhe GTK_IM_MODULE=fcitx DEFAULTS_PATH=/usr/share/gconf/ubuntu.default.path USERNAME=bwhe XDG_SESSION_ID=2 WINDOWPATH=2 PATH=/usr/local/sbin:/usr/local/bin:/usr/sbin:/usr/bin:/sbin:/bin:/usr/games:/usr/local/games:/snap/bin:/usr/local/go/bin:/home/bwhe/gocode/bin:/sbin LC_ADDRESS=zh_CN.UTF-8 XDG_RUNTIME_DIR=/run/user/1000 DISPLAY=:0 LANG=en_US.UTF-8 XDG_CURRENT_DESKTOP=ubuntu:GNOME LC_TELEPHONE=zh_CN.UTF-8 XDG_SESSION_DESKTOP=ubuntu XMODIFIERS=@im=fcitx XAUTHORITY=/run/user/1000/gdm/Xauthority SSH_AUTH_SOCK=/run/user/1000/keyring/ssh LC_NAME=zh_CN.UTF-8 GOPATH=/home/bwhe/gocode SHELL=/bin/zsh QT_ACCESSIBILITY=1 GDMSESSION=ubuntu LC_MEASUREMENT=zh_CN.UTF-8 TEXTDOMAINDIR=/usr/share/locale/ GPG_AGENT_INFO=/run/user/1000/gnupg/S.gpg-agent:0:1 LC_IDENTIFICATION=zh_CN.UTF-8 XDG_VTNR=2 QT_IM_MODULE=fcitx PWD=/home/bwhe CLUTTER_IM_MODULE=xim XDG_DATA_DIRS=/usr/share/ubuntu:/usr/local/share/:/usr/share/:/var/lib/snapd/desktop XDG_CONFIG_DIRS=/etc/xdg/xdg-ubuntu:/etc/xdg LC_NUMERIC=zh_CN.UTF-8 LC_PAPER=zh_CN.UTF-8 GNOME_DESKTOP_SESSION_ID=this-is-deprecated XDG_MENU_PREFIX=gnome- SESSION_MANAGER=local/bwhe-THTF-T-Series:@/tmp/.ICE-unix/1522,unix/bwhe-THTF-T-Series:/tmp/.ICE-unix/1522 DESKTOP_AUTOSTART_ID=105c50ab1eadd8a31415880430804697800000015220017 GIO_LAUNCHED_DESKTOP_FILE=/etc/xdg/autostart/org.gnome.SettingsDaemon.XSettings.desktop GIO_LAUNCHED_DESKTOP_FILE_PID=1828
bwhe         -  0.0    -      -     - -        Sl+  11:04   0:00 -
bwhe         -  0.0    -      -     - -        Sl+  11:04   0:00 -
bwhe         -  0.0    -      -     - -        Sl+  11:04   0:00 -
bwhe         -  0.0    -      -     - -        Sl+  11:04   0:00 -
bwhe      1838  0.0  0.0 278156  6156 tty2     -    11:04   0:00 /usr/lib/gnome-settings-daemon/gsd-a11y-settings USER=bwhe LC_TIME=zh_CN.UTF-8 TEXTDOMAIN=im-config XDG_SEAT=seat0 XDG_SESSION_TYPE=x11 SSH_AGENT_PID=1613 SHLVL=0 QT4_IM_MODULE=fcitx HOME=/home/bwhe DESKTOP_SESSION=ubuntu GTK_MODULES=gail:atk-bridge GNOME_SHELL_SESSION_MODE=ubuntu LC_MONETARY=zh_CN.UTF-8 GOROOT=/usr/local/go DBUS_SESSION_BUS_ADDRESS=unix:path=/run/user/1000/bus MANDATORY_PATH=/usr/share/gconf/ubuntu.mandatory.path IM_CONFIG_PHASE=2 LOGNAME=bwhe GTK_IM_MODULE=fcitx DEFAULTS_PATH=/usr/share/gconf/ubuntu.default.path USERNAME=bwhe XDG_SESSION_ID=2 WINDOWPATH=2 PATH=/usr/local/sbin:/usr/local/bin:/usr/sbin:/usr/bin:/sbin:/bin:/usr/games:/usr/local/games:/snap/bin:/usr/local/go/bin:/home/bwhe/gocode/bin:/sbin LC_ADDRESS=zh_CN.UTF-8 XDG_RUNTIME_DIR=/run/user/1000 DISPLAY=:0 LANG=en_US.UTF-8 XDG_CURRENT_DESKTOP=ubuntu:GNOME LC_TELEPHONE=zh_CN.UTF-8 XDG_SESSION_DESKTOP=ubuntu XMODIFIERS=@im=fcitx XAUTHORITY=/run/user/1000/gdm/Xauthority SSH_AUTH_SOCK=/run/user/1000/keyring/ssh LC_NAME=zh_CN.UTF-8 GOPATH=/home/bwhe/gocode SHELL=/bin/zsh QT_ACCESSIBILITY=1 GDMSESSION=ubuntu LC_MEASUREMENT=zh_CN.UTF-8 TEXTDOMAINDIR=/usr/share/locale/ GPG_AGENT_INFO=/run/user/1000/gnupg/S.gpg-agent:0:1 LC_IDENTIFICATION=zh_CN.UTF-8 XDG_VTNR=2 QT_IM_MODULE=fcitx PWD=/home/bwhe CLUTTER_IM_MODULE=xim XDG_DATA_DIRS=/usr/share/ubuntu:/usr/local/share/:/usr/share/:/var/lib/snapd/desktop XDG_CONFIG_DIRS=/etc/xdg/xdg-ubuntu:/etc/xdg LC_NUMERIC=zh_CN.UTF-8 LC_PAPER=zh_CN.UTF-8 GNOME_DESKTOP_SESSION_ID=this-is-deprecated XDG_MENU_PREFIX=gnome- SESSION_MANAGER=local/bwhe-THTF-T-Series:@/tmp/.ICE-unix/1522,unix/bwhe-THTF-T-Series:/tmp/.ICE-unix/1522 DESKTOP_AUTOSTART_ID=105c50ab1eadd8a31415880430803352000000015220001 GIO_LAUNCHED_DESKTOP_FILE=/etc/xdg/autostart/org.gnome.SettingsDaemon.A11ySettings.desktop GIO_LAUNCHED_DESKTOP_FILE_PID=1838
bwhe         -  0.0    -      -     - -        Sl+  11:04   0:00 -
bwhe         -  0.0    -      -     - -        Sl+  11:04   0:00 -
bwhe         -  0.0    -      -     - -        Sl+  11:04   0:00 -
bwhe         -  0.0    -      -     - -        Sl+  11:04   0:00 -
bwhe      1841  0.0  0.2 346976 23092 tty2     -    11:04   0:00 /usr/lib/gnome-settings-daemon/gsd-clipboard USER=bwhe LC_TIME=zh_CN.UTF-8 TEXTDOMAIN=im-config XDG_SEAT=seat0 XDG_SESSION_TYPE=x11 SSH_AGENT_PID=1613 SHLVL=0 QT4_IM_MODULE=fcitx HOME=/home/bwhe DESKTOP_SESSION=ubuntu GTK_MODULES=gail:atk-bridge GNOME_SHELL_SESSION_MODE=ubuntu LC_MONETARY=zh_CN.UTF-8 GOROOT=/usr/local/go DBUS_SESSION_BUS_ADDRESS=unix:path=/run/user/1000/bus MANDATORY_PATH=/usr/share/gconf/ubuntu.mandatory.path IM_CONFIG_PHASE=2 LOGNAME=bwhe GTK_IM_MODULE=fcitx DEFAULTS_PATH=/usr/share/gconf/ubuntu.default.path USERNAME=bwhe XDG_SESSION_ID=2 WINDOWPATH=2 PATH=/usr/local/sbin:/usr/local/bin:/usr/sbin:/usr/bin:/sbin:/bin:/usr/games:/usr/local/games:/snap/bin:/usr/local/go/bin:/home/bwhe/gocode/bin:/sbin LC_ADDRESS=zh_CN.UTF-8 XDG_RUNTIME_DIR=/run/user/1000 DISPLAY=:0 LANG=en_US.UTF-8 XDG_CURRENT_DESKTOP=ubuntu:GNOME LC_TELEPHONE=zh_CN.UTF-8 XDG_SESSION_DESKTOP=ubuntu XMODIFIERS=@im=fcitx XAUTHORITY=/run/user/1000/gdm/Xauthority SSH_AUTH_SOCK=/run/user/1000/keyring/ssh LC_NAME=zh_CN.UTF-8 GOPATH=/home/bwhe/gocode SHELL=/bin/zsh QT_ACCESSIBILITY=1 GDMSESSION=ubuntu LC_MEASUREMENT=zh_CN.UTF-8 TEXTDOMAINDIR=/usr/share/locale/ GPG_AGENT_INFO=/run/user/1000/gnupg/S.gpg-agent:0:1 LC_IDENTIFICATION=zh_CN.UTF-8 XDG_VTNR=2 QT_IM_MODULE=fcitx PWD=/home/bwhe CLUTTER_IM_MODULE=xim XDG_DATA_DIRS=/usr/share/ubuntu:/usr/local/share/:/usr/share/:/var/lib/snapd/desktop XDG_CONFIG_DIRS=/etc/xdg/xdg-ubuntu:/etc/xdg LC_NUMERIC=zh_CN.UTF-8 LC_PAPER=zh_CN.UTF-8 GNOME_DESKTOP_SESSION_ID=this-is-deprecated XDG_MENU_PREFIX=gnome- SESSION_MANAGER=local/bwhe-THTF-T-Series:@/tmp/.ICE-unix/1522,unix/bwhe-THTF-T-Series:/tmp/.ICE-unix/1522 DESKTOP_AUTOSTART_ID=105c50ab1eadd8a31415880430803440200000015220002 GIO_LAUNCHED_DESKTOP_FILE=/etc/xdg/autostart/org.gnome.SettingsDaemon.Clipboard.desktop GIO_LAUNCHED_DESKTOP_FILE_PID=1841
bwhe         -  0.0    -      -     - -        Sl+  11:04   0:00 -
bwhe         -  0.0    -      -     - -        Sl+  11:04   0:00 -
bwhe         -  0.0    -      -     - -        Sl+  11:04   0:00 -
bwhe      1845  0.0  0.3 680912 27476 tty2     -    11:04   0:00 /usr/lib/gnome-settings-daemon/gsd-color USER=bwhe LC_TIME=zh_CN.UTF-8 TEXTDOMAIN=im-config XDG_SEAT=seat0 XDG_SESSION_TYPE=x11 SSH_AGENT_PID=1613 SHLVL=0 QT4_IM_MODULE=fcitx HOME=/home/bwhe DESKTOP_SESSION=ubuntu GTK_MODULES=gail:atk-bridge GNOME_SHELL_SESSION_MODE=ubuntu LC_MONETARY=zh_CN.UTF-8 GOROOT=/usr/local/go DBUS_SESSION_BUS_ADDRESS=unix:path=/run/user/1000/bus MANDATORY_PATH=/usr/share/gconf/ubuntu.mandatory.path IM_CONFIG_PHASE=2 LOGNAME=bwhe GTK_IM_MODULE=fcitx DEFAULTS_PATH=/usr/share/gconf/ubuntu.default.path USERNAME=bwhe XDG_SESSION_ID=2 WINDOWPATH=2 PATH=/usr/local/sbin:/usr/local/bin:/usr/sbin:/usr/bin:/sbin:/bin:/usr/games:/usr/local/games:/snap/bin:/usr/local/go/bin:/home/bwhe/gocode/bin:/sbin LC_ADDRESS=zh_CN.UTF-8 XDG_RUNTIME_DIR=/run/user/1000 DISPLAY=:0 LANG=en_US.UTF-8 XDG_CURRENT_DESKTOP=ubuntu:GNOME LC_TELEPHONE=zh_CN.UTF-8 XDG_SESSION_DESKTOP=ubuntu XMODIFIERS=@im=fcitx XAUTHORITY=/run/user/1000/gdm/Xauthority SSH_AUTH_SOCK=/run/user/1000/keyring/ssh LC_NAME=zh_CN.UTF-8 GOPATH=/home/bwhe/gocode SHELL=/bin/zsh QT_ACCESSIBILITY=1 GDMSESSION=ubuntu LC_MEASUREMENT=zh_CN.UTF-8 TEXTDOMAINDIR=/usr/share/locale/ GPG_AGENT_INFO=/run/user/1000/gnupg/S.gpg-agent:0:1 LC_IDENTIFICATION=zh_CN.UTF-8 XDG_VTNR=2 QT_IM_MODULE=fcitx PWD=/home/bwhe CLUTTER_IM_MODULE=xim XDG_DATA_DIRS=/usr/share/ubuntu:/usr/local/share/:/usr/share/:/var/lib/snapd/desktop XDG_CONFIG_DIRS=/etc/xdg/xdg-ubuntu:/etc/xdg LC_NUMERIC=zh_CN.UTF-8 LC_PAPER=zh_CN.UTF-8 GNOME_DESKTOP_SESSION_ID=this-is-deprecated XDG_MENU_PREFIX=gnome- SESSION_MANAGER=local/bwhe-THTF-T-Series:@/tmp/.ICE-unix/1522,unix/bwhe-THTF-T-Series:/tmp/.ICE-unix/1522 DESKTOP_AUTOSTART_ID=105c50ab1eadd8a31415880430803526700000015220003 GIO_LAUNCHED_DESKTOP_FILE=/etc/xdg/autostart/org.gnome.SettingsDaemon.Color.desktop GIO_LAUNCHED_DESKTOP_FILE_PID=1845
bwhe         -  0.0    -      -     - -        Sl+  11:04   0:00 -
bwhe         -  0.0    -      -     - -        Sl+  11:04   0:00 -
bwhe         -  0.0    -      -     - -        Sl+  11:04   0:00 -
bwhe         -  0.0    -      -     - -        Sl+  11:04   0:00 -
bwhe      1846  0.0  0.1 469744 13712 tty2     -    11:04   0:00 /usr/lib/gnome-settings-daemon/gsd-datetime USER=bwhe LC_TIME=zh_CN.UTF-8 TEXTDOMAIN=im-config XDG_SEAT=seat0 XDG_SESSION_TYPE=x11 SSH_AGENT_PID=1613 SHLVL=0 QT4_IM_MODULE=fcitx HOME=/home/bwhe DESKTOP_SESSION=ubuntu GTK_MODULES=gail:atk-bridge GNOME_SHELL_SESSION_MODE=ubuntu LC_MONETARY=zh_CN.UTF-8 GOROOT=/usr/local/go DBUS_SESSION_BUS_ADDRESS=unix:path=/run/user/1000/bus MANDATORY_PATH=/usr/share/gconf/ubuntu.mandatory.path IM_CONFIG_PHASE=2 LOGNAME=bwhe GTK_IM_MODULE=fcitx DEFAULTS_PATH=/usr/share/gconf/ubuntu.default.path USERNAME=bwhe XDG_SESSION_ID=2 WINDOWPATH=2 PATH=/usr/local/sbin:/usr/local/bin:/usr/sbin:/usr/bin:/sbin:/bin:/usr/games:/usr/local/games:/snap/bin:/usr/local/go/bin:/home/bwhe/gocode/bin:/sbin LC_ADDRESS=zh_CN.UTF-8 XDG_RUNTIME_DIR=/run/user/1000 DISPLAY=:0 LANG=en_US.UTF-8 XDG_CURRENT_DESKTOP=ubuntu:GNOME LC_TELEPHONE=zh_CN.UTF-8 XDG_SESSION_DESKTOP=ubuntu XMODIFIERS=@im=fcitx XAUTHORITY=/run/user/1000/gdm/Xauthority SSH_AUTH_SOCK=/run/user/1000/keyring/ssh LC_NAME=zh_CN.UTF-8 GOPATH=/home/bwhe/gocode SHELL=/bin/zsh QT_ACCESSIBILITY=1 GDMSESSION=ubuntu LC_MEASUREMENT=zh_CN.UTF-8 TEXTDOMAINDIR=/usr/share/locale/ GPG_AGENT_INFO=/run/user/1000/gnupg/S.gpg-agent:0:1 LC_IDENTIFICATION=zh_CN.UTF-8 XDG_VTNR=2 QT_IM_MODULE=fcitx PWD=/home/bwhe CLUTTER_IM_MODULE=xim XDG_DATA_DIRS=/usr/share/ubuntu:/usr/local/share/:/usr/share/:/var/lib/snapd/desktop XDG_CONFIG_DIRS=/etc/xdg/xdg-ubuntu:/etc/xdg LC_NUMERIC=zh_CN.UTF-8 LC_PAPER=zh_CN.UTF-8 GNOME_DESKTOP_SESSION_ID=this-is-deprecated XDG_MENU_PREFIX=gnome- SESSION_MANAGER=local/bwhe-THTF-T-Series:@/tmp/.ICE-unix/1522,unix/bwhe-THTF-T-Series:/tmp/.ICE-unix/1522 DESKTOP_AUTOSTART_ID=105c50ab1eadd8a31415880430803610400000015220004 GIO_LAUNCHED_DESKTOP_FILE=/etc/xdg/autostart/org.gnome.SettingsDaemon.Datetime.desktop GIO_LAUNCHED_DESKTOP_FILE_PID=1846
bwhe         -  0.0    -      -     - -        Sl+  11:04   0:00 -
bwhe         -  0.0    -      -     - -        Sl+  11:04   0:00 -
bwhe         -  0.0    -      -     - -        Sl+  11:04   0:00 -
bwhe         -  0.0    -      -     - -        Sl+  11:04   0:00 -
bwhe      1848  0.0  0.0 364584  7304 tty2     -    11:04   0:00 /usr/lib/gnome-settings-daemon/gsd-housekeeping USER=bwhe LC_TIME=zh_CN.UTF-8 TEXTDOMAIN=im-config XDG_SEAT=seat0 XDG_SESSION_TYPE=x11 SSH_AGENT_PID=1613 SHLVL=0 QT4_IM_MODULE=fcitx HOME=/home/bwhe DESKTOP_SESSION=ubuntu GTK_MODULES=gail:atk-bridge GNOME_SHELL_SESSION_MODE=ubuntu LC_MONETARY=zh_CN.UTF-8 GOROOT=/usr/local/go DBUS_SESSION_BUS_ADDRESS=unix:path=/run/user/1000/bus MANDATORY_PATH=/usr/share/gconf/ubuntu.mandatory.path IM_CONFIG_PHASE=2 LOGNAME=bwhe GTK_IM_MODULE=fcitx DEFAULTS_PATH=/usr/share/gconf/ubuntu.default.path USERNAME=bwhe XDG_SESSION_ID=2 WINDOWPATH=2 PATH=/usr/local/sbin:/usr/local/bin:/usr/sbin:/usr/bin:/sbin:/bin:/usr/games:/usr/local/games:/snap/bin:/usr/local/go/bin:/home/bwhe/gocode/bin:/sbin LC_ADDRESS=zh_CN.UTF-8 XDG_RUNTIME_DIR=/run/user/1000 DISPLAY=:0 LANG=en_US.UTF-8 XDG_CURRENT_DESKTOP=ubuntu:GNOME LC_TELEPHONE=zh_CN.UTF-8 XDG_SESSION_DESKTOP=ubuntu XMODIFIERS=@im=fcitx XAUTHORITY=/run/user/1000/gdm/Xauthority SSH_AUTH_SOCK=/run/user/1000/keyring/ssh LC_NAME=zh_CN.UTF-8 GOPATH=/home/bwhe/gocode SHELL=/bin/zsh QT_ACCESSIBILITY=1 GDMSESSION=ubuntu LC_MEASUREMENT=zh_CN.UTF-8 TEXTDOMAINDIR=/usr/share/locale/ GPG_AGENT_INFO=/run/user/1000/gnupg/S.gpg-agent:0:1 LC_IDENTIFICATION=zh_CN.UTF-8 XDG_VTNR=2 QT_IM_MODULE=fcitx PWD=/home/bwhe CLUTTER_IM_MODULE=xim XDG_DATA_DIRS=/usr/share/ubuntu:/usr/local/share/:/usr/share/:/var/lib/snapd/desktop XDG_CONFIG_DIRS=/etc/xdg/xdg-ubuntu:/etc/xdg LC_NUMERIC=zh_CN.UTF-8 LC_PAPER=zh_CN.UTF-8 GNOME_DESKTOP_SESSION_ID=this-is-deprecated XDG_MENU_PREFIX=gnome- SESSION_MANAGER=local/bwhe-THTF-T-Series:@/tmp/.ICE-unix/1522,unix/bwhe-THTF-T-Series:/tmp/.ICE-unix/1522 DESKTOP_AUTOSTART_ID=105c50ab1eadd8a31415880430803692500000015220005 GIO_LAUNCHED_DESKTOP_FILE=/etc/xdg/autostart/org.gnome.SettingsDaemon.Housekeeping.desktop GIO_LAUNCHED_DESKTOP_FILE_PID=1848
bwhe         -  0.0    -      -     - -        Sl+  11:04   0:00 -
bwhe         -  0.0    -      -     - -        Sl+  11:04   0:00 -
bwhe         -  0.0    -      -     - -        Sl+  11:04   0:00 -
bwhe         -  0.0    -      -     - -        Sl+  11:04   0:00 -
bwhe      1851  0.0  0.3 509856 25116 tty2     -    11:04   0:00 /usr/lib/gnome-settings-daemon/gsd-keyboard USER=bwhe LC_TIME=zh_CN.UTF-8 TEXTDOMAIN=im-config XDG_SEAT=seat0 XDG_SESSION_TYPE=x11 SSH_AGENT_PID=1613 SHLVL=0 QT4_IM_MODULE=fcitx HOME=/home/bwhe DESKTOP_SESSION=ubuntu GTK_MODULES=gail:atk-bridge GNOME_SHELL_SESSION_MODE=ubuntu LC_MONETARY=zh_CN.UTF-8 GOROOT=/usr/local/go DBUS_SESSION_BUS_ADDRESS=unix:path=/run/user/1000/bus MANDATORY_PATH=/usr/share/gconf/ubuntu.mandatory.path IM_CONFIG_PHASE=2 LOGNAME=bwhe GTK_IM_MODULE=fcitx DEFAULTS_PATH=/usr/share/gconf/ubuntu.default.path USERNAME=bwhe XDG_SESSION_ID=2 WINDOWPATH=2 PATH=/usr/local/sbin:/usr/local/bin:/usr/sbin:/usr/bin:/sbin:/bin:/usr/games:/usr/local/games:/snap/bin:/usr/local/go/bin:/home/bwhe/gocode/bin:/sbin LC_ADDRESS=zh_CN.UTF-8 XDG_RUNTIME_DIR=/run/user/1000 DISPLAY=:0 LANG=en_US.UTF-8 XDG_CURRENT_DESKTOP=ubuntu:GNOME LC_TELEPHONE=zh_CN.UTF-8 XDG_SESSION_DESKTOP=ubuntu XMODIFIERS=@im=fcitx XAUTHORITY=/run/user/1000/gdm/Xauthority SSH_AUTH_SOCK=/run/user/1000/keyring/ssh LC_NAME=zh_CN.UTF-8 GOPATH=/home/bwhe/gocode SHELL=/bin/zsh QT_ACCESSIBILITY=1 GDMSESSION=ubuntu LC_MEASUREMENT=zh_CN.UTF-8 TEXTDOMAINDIR=/usr/share/locale/ GPG_AGENT_INFO=/run/user/1000/gnupg/S.gpg-agent:0:1 LC_IDENTIFICATION=zh_CN.UTF-8 XDG_VTNR=2 QT_IM_MODULE=fcitx PWD=/home/bwhe CLUTTER_IM_MODULE=xim XDG_DATA_DIRS=/usr/share/ubuntu:/usr/local/share/:/usr/share/:/var/lib/snapd/desktop XDG_CONFIG_DIRS=/etc/xdg/xdg-ubuntu:/etc/xdg LC_NUMERIC=zh_CN.UTF-8 LC_PAPER=zh_CN.UTF-8 GNOME_DESKTOP_SESSION_ID=this-is-deprecated XDG_MENU_PREFIX=gnome- SESSION_MANAGER=local/bwhe-THTF-T-Series:@/tmp/.ICE-unix/1522,unix/bwhe-THTF-T-Series:/tmp/.ICE-unix/1522 DESKTOP_AUTOSTART_ID=105c50ab1eadd8a31415880430803779400000015220006 GIO_LAUNCHED_DESKTOP_FILE=/etc/xdg/autostart/org.gnome.SettingsDaemon.Keyboard.desktop GIO_LAUNCHED_DESKTOP_FILE_PID=1851
bwhe         -  0.0    -      -     - -        Sl+  11:04   0:00 -
bwhe         -  0.0    -      -     - -        Sl+  11:04   0:00 -
bwhe         -  0.0    -      -     - -        Sl+  11:04   0:00 -
bwhe         -  0.0    -      -     - -        Sl+  11:04   0:00 -
bwhe      1855  0.0  0.3 869988 26460 tty2     -    11:04   0:00 /usr/lib/gnome-settings-daemon/gsd-media-keys USER=bwhe LC_TIME=zh_CN.UTF-8 TEXTDOMAIN=im-config XDG_SEAT=seat0 XDG_SESSION_TYPE=x11 SSH_AGENT_PID=1613 SHLVL=0 QT4_IM_MODULE=fcitx HOME=/home/bwhe DESKTOP_SESSION=ubuntu GTK_MODULES=gail:atk-bridge GNOME_SHELL_SESSION_MODE=ubuntu LC_MONETARY=zh_CN.UTF-8 GOROOT=/usr/local/go DBUS_SESSION_BUS_ADDRESS=unix:path=/run/user/1000/bus MANDATORY_PATH=/usr/share/gconf/ubuntu.mandatory.path IM_CONFIG_PHASE=2 LOGNAME=bwhe GTK_IM_MODULE=fcitx DEFAULTS_PATH=/usr/share/gconf/ubuntu.default.path USERNAME=bwhe XDG_SESSION_ID=2 WINDOWPATH=2 PATH=/usr/local/sbin:/usr/local/bin:/usr/sbin:/usr/bin:/sbin:/bin:/usr/games:/usr/local/games:/snap/bin:/usr/local/go/bin:/home/bwhe/gocode/bin:/sbin LC_ADDRESS=zh_CN.UTF-8 XDG_RUNTIME_DIR=/run/user/1000 DISPLAY=:0 LANG=en_US.UTF-8 XDG_CURRENT_DESKTOP=ubuntu:GNOME LC_TELEPHONE=zh_CN.UTF-8 XDG_SESSION_DESKTOP=ubuntu XMODIFIERS=@im=fcitx XAUTHORITY=/run/user/1000/gdm/Xauthority SSH_AUTH_SOCK=/run/user/1000/keyring/ssh LC_NAME=zh_CN.UTF-8 GOPATH=/home/bwhe/gocode SHELL=/bin/zsh QT_ACCESSIBILITY=1 GDMSESSION=ubuntu LC_MEASUREMENT=zh_CN.UTF-8 TEXTDOMAINDIR=/usr/share/locale/ GPG_AGENT_INFO=/run/user/1000/gnupg/S.gpg-agent:0:1 LC_IDENTIFICATION=zh_CN.UTF-8 XDG_VTNR=2 QT_IM_MODULE=fcitx PWD=/home/bwhe CLUTTER_IM_MODULE=xim XDG_DATA_DIRS=/usr/share/ubuntu:/usr/local/share/:/usr/share/:/var/lib/snapd/desktop XDG_CONFIG_DIRS=/etc/xdg/xdg-ubuntu:/etc/xdg LC_NUMERIC=zh_CN.UTF-8 LC_PAPER=zh_CN.UTF-8 GNOME_DESKTOP_SESSION_ID=this-is-deprecated XDG_MENU_PREFIX=gnome- SESSION_MANAGER=local/bwhe-THTF-T-Series:@/tmp/.ICE-unix/1522,unix/bwhe-THTF-T-Series:/tmp/.ICE-unix/1522 DESKTOP_AUTOSTART_ID=105c50ab1eadd8a31415880430803861700000015220007 GIO_LAUNCHED_DESKTOP_FILE=/etc/xdg/autostart/org.gnome.SettingsDaemon.MediaKeys.desktop GIO_LAUNCHED_DESKTOP_FILE_PID=1855
bwhe         -  0.0    -      -     - -        Sl+  11:04   0:00 -
bwhe         -  0.0    -      -     - -        Sl+  11:04   0:00 -
bwhe         -  0.0    -      -     - -        Sl+  11:04   0:00 -
bwhe         -  0.0    -      -     - -        Sl+  11:04   0:00 -
bwhe      1861  0.0  0.0 278164  6080 tty2     -    11:04   0:00 /usr/lib/gnome-settings-daemon/gsd-mouse USER=bwhe LC_TIME=zh_CN.UTF-8 TEXTDOMAIN=im-config XDG_SEAT=seat0 XDG_SESSION_TYPE=x11 SSH_AGENT_PID=1613 SHLVL=0 QT4_IM_MODULE=fcitx HOME=/home/bwhe DESKTOP_SESSION=ubuntu GTK_MODULES=gail:atk-bridge GNOME_SHELL_SESSION_MODE=ubuntu LC_MONETARY=zh_CN.UTF-8 GOROOT=/usr/local/go DBUS_SESSION_BUS_ADDRESS=unix:path=/run/user/1000/bus MANDATORY_PATH=/usr/share/gconf/ubuntu.mandatory.path IM_CONFIG_PHASE=2 LOGNAME=bwhe GTK_IM_MODULE=fcitx DEFAULTS_PATH=/usr/share/gconf/ubuntu.default.path USERNAME=bwhe XDG_SESSION_ID=2 WINDOWPATH=2 PATH=/usr/local/sbin:/usr/local/bin:/usr/sbin:/usr/bin:/sbin:/bin:/usr/games:/usr/local/games:/snap/bin:/usr/local/go/bin:/home/bwhe/gocode/bin:/sbin LC_ADDRESS=zh_CN.UTF-8 XDG_RUNTIME_DIR=/run/user/1000 DISPLAY=:0 LANG=en_US.UTF-8 XDG_CURRENT_DESKTOP=ubuntu:GNOME LC_TELEPHONE=zh_CN.UTF-8 XDG_SESSION_DESKTOP=ubuntu XMODIFIERS=@im=fcitx XAUTHORITY=/run/user/1000/gdm/Xauthority SSH_AUTH_SOCK=/run/user/1000/keyring/ssh LC_NAME=zh_CN.UTF-8 GOPATH=/home/bwhe/gocode SHELL=/bin/zsh QT_ACCESSIBILITY=1 GDMSESSION=ubuntu LC_MEASUREMENT=zh_CN.UTF-8 TEXTDOMAINDIR=/usr/share/locale/ GPG_AGENT_INFO=/run/user/1000/gnupg/S.gpg-agent:0:1 LC_IDENTIFICATION=zh_CN.UTF-8 XDG_VTNR=2 QT_IM_MODULE=fcitx PWD=/home/bwhe CLUTTER_IM_MODULE=xim XDG_DATA_DIRS=/usr/share/ubuntu:/usr/local/share/:/usr/share/:/var/lib/snapd/desktop XDG_CONFIG_DIRS=/etc/xdg/xdg-ubuntu:/etc/xdg LC_NUMERIC=zh_CN.UTF-8 LC_PAPER=zh_CN.UTF-8 GNOME_DESKTOP_SESSION_ID=this-is-deprecated XDG_MENU_PREFIX=gnome- SESSION_MANAGER=local/bwhe-THTF-T-Series:@/tmp/.ICE-unix/1522,unix/bwhe-THTF-T-Series:/tmp/.ICE-unix/1522 DESKTOP_AUTOSTART_ID=105c50ab1eadd8a31415880430803946600000015220008 GIO_LAUNCHED_DESKTOP_FILE=/etc/xdg/autostart/org.gnome.SettingsDaemon.Mouse.desktop GIO_LAUNCHED_DESKTOP_FILE_PID=1861
bwhe         -  0.0    -      -     - -        Sl+  11:04   0:00 -
bwhe         -  0.0    -      -     - -        Sl+  11:04   0:00 -
bwhe         -  0.0    -      -     - -        Sl+  11:04   0:00 -
bwhe         -  0.0    -      -     - -        Sl+  11:04   0:00 -
bwhe      1885  0.0  0.1 508772 12560 tty2     -    11:04   0:00 /usr/lib/gnome-settings-daemon/gsd-printer USER=bwhe LC_TIME=zh_CN.UTF-8 TEXTDOMAIN=im-config XDG_SEAT=seat0 XDG_SESSION_TYPE=x11 SSH_AGENT_PID=1613 SHLVL=0 QT4_IM_MODULE=fcitx HOME=/home/bwhe DESKTOP_SESSION=ubuntu GTK_MODULES=gail:atk-bridge GNOME_SHELL_SESSION_MODE=ubuntu LC_MONETARY=zh_CN.UTF-8 GOROOT=/usr/local/go DBUS_SESSION_BUS_ADDRESS=unix:path=/run/user/1000/bus MANDATORY_PATH=/usr/share/gconf/ubuntu.mandatory.path IM_CONFIG_PHASE=2 LOGNAME=bwhe GTK_IM_MODULE=fcitx DEFAULTS_PATH=/usr/share/gconf/ubuntu.default.path USERNAME=bwhe XDG_SESSION_ID=2 WINDOWPATH=2 PATH=/usr/local/sbin:/usr/local/bin:/usr/sbin:/usr/bin:/sbin:/bin:/usr/games:/usr/local/games:/snap/bin:/usr/local/go/bin:/home/bwhe/gocode/bin:/sbin LC_ADDRESS=zh_CN.UTF-8 XDG_RUNTIME_DIR=/run/user/1000 DISPLAY=:0 LANG=en_US.UTF-8 XDG_CURRENT_DESKTOP=ubuntu:GNOME LC_TELEPHONE=zh_CN.UTF-8 XDG_SESSION_DESKTOP=ubuntu XMODIFIERS=@im=fcitx XAUTHORITY=/run/user/1000/gdm/Xauthority SSH_AUTH_SOCK=/run/user/1000/keyring/ssh LC_NAME=zh_CN.UTF-8 GOPATH=/home/bwhe/gocode SHELL=/bin/zsh QT_ACCESSIBILITY=1 GDMSESSION=ubuntu LC_MEASUREMENT=zh_CN.UTF-8 TEXTDOMAINDIR=/usr/share/locale/ GPG_AGENT_INFO=/run/user/1000/gnupg/S.gpg-agent:0:1 LC_IDENTIFICATION=zh_CN.UTF-8 XDG_VTNR=2 QT_IM_MODULE=fcitx PWD=/home/bwhe CLUTTER_IM_MODULE=xim XDG_DATA_DIRS=/usr/share/ubuntu:/usr/local/share/:/usr/share/:/var/lib/snapd/desktop XDG_CONFIG_DIRS=/etc/xdg/xdg-ubuntu:/etc/xdg LC_NUMERIC=zh_CN.UTF-8 LC_PAPER=zh_CN.UTF-8 GNOME_DESKTOP_SESSION_ID=this-is-deprecated XDG_MENU_PREFIX=gnome- SESSION_MANAGER=local/bwhe-THTF-T-Series:@/tmp/.ICE-unix/1522,unix/bwhe-THTF-T-Series:/tmp/.ICE-unix/1522 DESKTOP_AUTOSTART_ID=105c50ab1eadd8a31415880430804109200000015220010 GIO_LAUNCHED_DESKTOP_FILE=/etc/xdg/autostart/org.gnome.SettingsDaemon.PrintNotifications.desktop GIO_LAUNCHED_DESKTOP_FILE_PID=1804
bwhe         -  0.0    -      -     - -        Sl+  11:04   0:00 -
bwhe         -  0.0    -      -     - -        Sl+  11:04   0:00 -
bwhe         -  0.0    -      -     - -        Sl+  11:04   0:00 -
bwhe      1902  2.0  0.3 658872 30584 tty2     -    11:04   0:31 indicator-multiload USER=bwhe LC_TIME=zh_CN.UTF-8 TEXTDOMAIN=im-config XDG_SEAT=seat0 XDG_SESSION_TYPE=x11 SSH_AGENT_PID=1613 SHLVL=0 QT4_IM_MODULE=fcitx HOME=/home/bwhe DESKTOP_SESSION=ubuntu GTK_MODULES=gail:atk-bridge GNOME_SHELL_SESSION_MODE=ubuntu LC_MONETARY=zh_CN.UTF-8 GOROOT=/usr/local/go DBUS_SESSION_BUS_ADDRESS=unix:path=/run/user/1000/bus MANDATORY_PATH=/usr/share/gconf/ubuntu.mandatory.path IM_CONFIG_PHASE=2 LOGNAME=bwhe GTK_IM_MODULE=fcitx DEFAULTS_PATH=/usr/share/gconf/ubuntu.default.path USERNAME=bwhe XDG_SESSION_ID=2 WINDOWPATH=2 PATH=/usr/local/sbin:/usr/local/bin:/usr/sbin:/usr/bin:/sbin:/bin:/usr/games:/usr/local/games:/snap/bin:/usr/local/go/bin:/home/bwhe/gocode/bin:/sbin LC_ADDRESS=zh_CN.UTF-8 XDG_RUNTIME_DIR=/run/user/1000 DISPLAY=:0 LANG=en_US.UTF-8 XDG_CURRENT_DESKTOP=ubuntu:GNOME LC_TELEPHONE=zh_CN.UTF-8 XDG_SESSION_DESKTOP=ubuntu XMODIFIERS=@im=fcitx XAUTHORITY=/run/user/1000/gdm/Xauthority SSH_AUTH_SOCK=/run/user/1000/keyring/ssh LC_NAME=zh_CN.UTF-8 GOPATH=/home/bwhe/gocode SHELL=/bin/zsh QT_ACCESSIBILITY=1 GDMSESSION=ubuntu LC_MEASUREMENT=zh_CN.UTF-8 TEXTDOMAINDIR=/usr/share/locale/ GPG_AGENT_INFO=/run/user/1000/gnupg/S.gpg-agent:0:1 LC_IDENTIFICATION=zh_CN.UTF-8 XDG_VTNR=2 QT_IM_MODULE=fcitx PWD=/home/bwhe CLUTTER_IM_MODULE=xim XDG_DATA_DIRS=/usr/share/ubuntu:/usr/local/share/:/usr/share/:/var/lib/snapd/desktop XDG_CONFIG_DIRS=/etc/xdg/xdg-ubuntu:/etc/xdg LC_NUMERIC=zh_CN.UTF-8 LC_PAPER=zh_CN.UTF-8 GNOME_DESKTOP_SESSION_ID=this-is-deprecated XDG_MENU_PREFIX=gnome- SESSION_MANAGER=local/bwhe-THTF-T-Series:@/tmp/.ICE-unix/1522,unix/bwhe-THTF-T-Series:/tmp/.ICE-unix/1522 DESKTOP_AUTOSTART_ID=105c50ab1eadd8a31415880430806530900000015220018 GIO_LAUNCHED_DESKTOP_FILE=/home/bwhe/.config/autostart/indicator-multiload.desktop GIO_LAUNCHED_DESKTOP_FILE_PID=1902
bwhe         -  1.5    -      -     - -        Sl+  11:04   0:23 -
bwhe         -  0.0    -      -     - -        Sl+  11:04   0:00 -
bwhe         -  0.5    -      -     - -        Sl+  11:04   0:07 -
bwhe         -  0.0    -      -     - -        Sl+  11:04   0:00 -
bwhe      1903  0.0  0.0 271932  6484 tty2     -    11:04   0:00 /usr/lib/gnome-disk-utility/gsd-disk-utility-notify USER=bwhe LC_TIME=zh_CN.UTF-8 TEXTDOMAIN=im-config XDG_SEAT=seat0 XDG_SESSION_TYPE=x11 SSH_AGENT_PID=1613 SHLVL=0 QT4_IM_MODULE=fcitx HOME=/home/bwhe DESKTOP_SESSION=ubuntu GTK_MODULES=gail:atk-bridge GNOME_SHELL_SESSION_MODE=ubuntu LC_MONETARY=zh_CN.UTF-8 GOROOT=/usr/local/go DBUS_SESSION_BUS_ADDRESS=unix:path=/run/user/1000/bus MANDATORY_PATH=/usr/share/gconf/ubuntu.mandatory.path IM_CONFIG_PHASE=2 LOGNAME=bwhe GTK_IM_MODULE=fcitx DEFAULTS_PATH=/usr/share/gconf/ubuntu.default.path USERNAME=bwhe XDG_SESSION_ID=2 WINDOWPATH=2 PATH=/usr/local/sbin:/usr/local/bin:/usr/sbin:/usr/bin:/sbin:/bin:/usr/games:/usr/local/games:/snap/bin:/usr/local/go/bin:/home/bwhe/gocode/bin:/sbin LC_ADDRESS=zh_CN.UTF-8 XDG_RUNTIME_DIR=/run/user/1000 DISPLAY=:0 LANG=en_US.UTF-8 XDG_CURRENT_DESKTOP=ubuntu:GNOME LC_TELEPHONE=zh_CN.UTF-8 XDG_SESSION_DESKTOP=ubuntu XMODIFIERS=@im=fcitx XAUTHORITY=/run/user/1000/gdm/Xauthority SSH_AUTH_SOCK=/run/user/1000/keyring/ssh LC_NAME=zh_CN.UTF-8 GOPATH=/home/bwhe/gocode SHELL=/bin/zsh QT_ACCESSIBILITY=1 GDMSESSION=ubuntu LC_MEASUREMENT=zh_CN.UTF-8 TEXTDOMAINDIR=/usr/share/locale/ GPG_AGENT_INFO=/run/user/1000/gnupg/S.gpg-agent:0:1 LC_IDENTIFICATION=zh_CN.UTF-8 XDG_VTNR=2 QT_IM_MODULE=fcitx PWD=/home/bwhe CLUTTER_IM_MODULE=xim XDG_DATA_DIRS=/usr/share/ubuntu:/usr/local/share/:/usr/share/:/var/lib/snapd/desktop XDG_CONFIG_DIRS=/etc/xdg/xdg-ubuntu:/etc/xdg LC_NUMERIC=zh_CN.UTF-8 LC_PAPER=zh_CN.UTF-8 GNOME_DESKTOP_SESSION_ID=this-is-deprecated XDG_MENU_PREFIX=gnome- SESSION_MANAGER=local/bwhe-THTF-T-Series:@/tmp/.ICE-unix/1522,unix/bwhe-THTF-T-Series:/tmp/.ICE-unix/1522 DESKTOP_AUTOSTART_ID=105c50ab1eadd8a31415880430807011700000015220022 GIO_LAUNCHED_DESKTOP_FILE=/etc/xdg/autostart/org.gnome.SettingsDaemon.DiskUtilityNotify.desktop GIO_LAUNCHED_DESKTOP_FILE_PID=1903
bwhe         -  0.0    -      -     - -        Sl+  11:04   0:00 -
bwhe         -  0.0    -      -     - -        Sl+  11:04   0:00 -
bwhe         -  0.0    -      -     - -        Sl+  11:04   0:00 -
bwhe      1907  0.0  1.0 1007752 88520 tty2    -    11:04   0:01 nautilus-desktop USER=bwhe LC_TIME=zh_CN.UTF-8 TEXTDOMAIN=im-config XDG_SEAT=seat0 XDG_SESSION_TYPE=x11 SSH_AGENT_PID=1613 SHLVL=0 QT4_IM_MODULE=fcitx HOME=/home/bwhe DESKTOP_SESSION=ubuntu GTK_MODULES=gail:atk-bridge GNOME_SHELL_SESSION_MODE=ubuntu LC_MONETARY=zh_CN.UTF-8 GOROOT=/usr/local/go DBUS_SESSION_BUS_ADDRESS=unix:path=/run/user/1000/bus MANDATORY_PATH=/usr/share/gconf/ubuntu.mandatory.path IM_CONFIG_PHASE=2 LOGNAME=bwhe GTK_IM_MODULE=fcitx DEFAULTS_PATH=/usr/share/gconf/ubuntu.default.path USERNAME=bwhe XDG_SESSION_ID=2 WINDOWPATH=2 PATH=/usr/local/sbin:/usr/local/bin:/usr/sbin:/usr/bin:/sbin:/bin:/usr/games:/usr/local/games:/snap/bin:/usr/local/go/bin:/home/bwhe/gocode/bin:/sbin LC_ADDRESS=zh_CN.UTF-8 XDG_RUNTIME_DIR=/run/user/1000 DISPLAY=:0 LANG=en_US.UTF-8 XDG_CURRENT_DESKTOP=ubuntu:GNOME LC_TELEPHONE=zh_CN.UTF-8 XDG_SESSION_DESKTOP=ubuntu XMODIFIERS=@im=fcitx XAUTHORITY=/run/user/1000/gdm/Xauthority SSH_AUTH_SOCK=/run/user/1000/keyring/ssh LC_NAME=zh_CN.UTF-8 GOPATH=/home/bwhe/gocode SHELL=/bin/zsh QT_ACCESSIBILITY=1 GDMSESSION=ubuntu LC_MEASUREMENT=zh_CN.UTF-8 TEXTDOMAINDIR=/usr/share/locale/ GPG_AGENT_INFO=/run/user/1000/gnupg/S.gpg-agent:0:1 LC_IDENTIFICATION=zh_CN.UTF-8 XDG_VTNR=2 QT_IM_MODULE=fcitx PWD=/home/bwhe CLUTTER_IM_MODULE=xim XDG_DATA_DIRS=/usr/share/ubuntu:/usr/local/share/:/usr/share/:/var/lib/snapd/desktop XDG_CONFIG_DIRS=/etc/xdg/xdg-ubuntu:/etc/xdg LC_NUMERIC=zh_CN.UTF-8 LC_PAPER=zh_CN.UTF-8 GNOME_DESKTOP_SESSION_ID=this-is-deprecated XDG_MENU_PREFIX=gnome- SESSION_MANAGER=local/bwhe-THTF-T-Series:@/tmp/.ICE-unix/1522,unix/bwhe-THTF-T-Series:/tmp/.ICE-unix/1522 DESKTOP_AUTOSTART_ID=105c50ab1eadd8a31415880430807707300000015220027 GIO_LAUNCHED_DESKTOP_FILE=/etc/xdg/autostart/nautilus-autostart.desktop GIO_LAUNCHED_DESKTOP_FILE_PID=1907
bwhe         -  0.0    -      -     - -        Sl+  11:04   0:01 -
bwhe         -  0.0    -      -     - -        Sl+  11:04   0:00 -
bwhe         -  0.0    -      -     - -        Sl+  11:04   0:00 -
bwhe         -  0.0    -      -     - -        Sl+  11:04   0:00 -
bwhe      1929  0.0  0.0 368244  7520 ?        -    11:04   0:00 /usr/lib/gvfs/gvfsd-trash --spawner :1.25 /org/gtk/gvfs/exec_spaw/0 CLUTTER_IM_MODULE=xim DBUS_SESSION_BUS_ADDRESS=unix:path=/run/user/1000/bus DEFAULTS_PATH=/usr/share/gconf/ubuntu.default.path DESKTOP_SESSION=ubuntu DISPLAY=:0 GDMSESSION=ubuntu GNOME_DESKTOP_SESSION_ID=this-is-deprecated GNOME_SHELL_SESSION_MODE=ubuntu GOPATH=/home/bwhe/gocode GOROOT=/usr/local/go GPG_AGENT_INFO=/run/user/1000/gnupg/S.gpg-agent:0:1 GTK_IM_MODULE=fcitx GTK_MODULES=gail:atk-bridge HOME=/home/bwhe IM_CONFIG_PHASE=2 LANG=en_US.UTF-8 LC_ADDRESS=zh_CN.UTF-8 LC_IDENTIFICATION=zh_CN.UTF-8 LC_MEASUREMENT=zh_CN.UTF-8 LC_MONETARY=zh_CN.UTF-8 LC_NAME=zh_CN.UTF-8 LC_NUMERIC=zh_CN.UTF-8 LC_PAPER=zh_CN.UTF-8 LC_TELEPHONE=zh_CN.UTF-8 LC_TIME=zh_CN.UTF-8 LOGNAME=bwhe MANDATORY_PATH=/usr/share/gconf/ubuntu.mandatory.path PATH=/usr/local/sbin:/usr/local/bin:/usr/sbin:/usr/bin:/sbin:/bin:/usr/games:/usr/local/games:/snap/bin:/usr/local/go/bin:/home/bwhe/gocode/bin:/sbin PWD=/home/bwhe QT4_IM_MODULE=fcitx QT_ACCESSIBILITY=1 QT_IM_MODULE=fcitx SESSION_MANAGER=local/bwhe-THTF-T-Series:@/tmp/.ICE-unix/1522,unix/bwhe-THTF-T-Series:/tmp/.ICE-unix/1522 SHELL=/bin/zsh SHLVL=0 SSH_AGENT_PID=1613 SSH_AUTH_SOCK=/run/user/1000/keyring/ssh TEXTDOMAIN=im-config TEXTDOMAINDIR=/usr/share/locale/ USER=bwhe USERNAME=bwhe WINDOWPATH=2 XAUTHORITY=/run/user/1000/gdm/Xauthority XDG_CONFIG_DIRS=/etc/xdg/xdg-ubuntu:/etc/xdg XDG_CURRENT_DESKTOP=ubuntu:GNOME XDG_DATA_DIRS=/usr/share/ubuntu:/usr/local/share/:/usr/share/:/var/lib/snapd/desktop XDG_MENU_PREFIX=gnome- XDG_RUNTIME_DIR=/run/user/1000 XDG_SEAT=seat0 XDG_SESSION_DESKTOP=ubuntu XDG_SESSION_ID=2 XDG_SESSION_TYPE=x11 XDG_VTNR=2 XMODIFIERS=@im=fcitx _=/usr/bin/dbus-update-activation-environment MANAGERPID=1492 INVOCATION_ID=b86e7d83af3c4303aa12de8245044baa JOURNAL_STREAM=9:34463
bwhe         -  0.0    -      -     - -        Sl   11:04   0:00 -
bwhe         -  0.0    -      -     - -        Sl   11:04   0:00 -
bwhe         -  0.0    -      -     - -        Sl   11:04   0:00 -
bwhe      1941  0.0  0.8 892164 67532 ?        -    11:04   0:00 /usr/lib/evolution/evolution-calendar-factory CLUTTER_IM_MODULE=xim DBUS_SESSION_BUS_ADDRESS=unix:path=/run/user/1000/bus DEFAULTS_PATH=/usr/share/gconf/ubuntu.default.path DESKTOP_SESSION=ubuntu DISPLAY=:0 GDMSESSION=ubuntu GNOME_DESKTOP_SESSION_ID=this-is-deprecated GNOME_SHELL_SESSION_MODE=ubuntu GOPATH=/home/bwhe/gocode GOROOT=/usr/local/go GPG_AGENT_INFO=/run/user/1000/gnupg/S.gpg-agent:0:1 GTK_IM_MODULE=fcitx GTK_MODULES=gail:atk-bridge HOME=/home/bwhe IM_CONFIG_PHASE=2 LANG=en_US.UTF-8 LC_ADDRESS=zh_CN.UTF-8 LC_IDENTIFICATION=zh_CN.UTF-8 LC_MEASUREMENT=zh_CN.UTF-8 LC_MONETARY=zh_CN.UTF-8 LC_NAME=zh_CN.UTF-8 LC_NUMERIC=zh_CN.UTF-8 LC_PAPER=zh_CN.UTF-8 LC_TELEPHONE=zh_CN.UTF-8 LC_TIME=zh_CN.UTF-8 LOGNAME=bwhe MANDATORY_PATH=/usr/share/gconf/ubuntu.mandatory.path PATH=/usr/local/sbin:/usr/local/bin:/usr/sbin:/usr/bin:/sbin:/bin:/usr/games:/usr/local/games:/snap/bin:/usr/local/go/bin:/home/bwhe/gocode/bin:/sbin PWD=/home/bwhe QT4_IM_MODULE=fcitx QT_ACCESSIBILITY=1 QT_IM_MODULE=fcitx SESSION_MANAGER=local/bwhe-THTF-T-Series:@/tmp/.ICE-unix/1522,unix/bwhe-THTF-T-Series:/tmp/.ICE-unix/1522 SHELL=/bin/zsh SHLVL=0 SSH_AGENT_PID=1613 SSH_AUTH_SOCK=/run/user/1000/keyring/ssh TEXTDOMAIN=im-config TEXTDOMAINDIR=/usr/share/locale/ USER=bwhe USERNAME=bwhe WINDOWPATH=2 XAUTHORITY=/run/user/1000/gdm/Xauthority XDG_CONFIG_DIRS=/etc/xdg/xdg-ubuntu:/etc/xdg XDG_CURRENT_DESKTOP=ubuntu:GNOME XDG_DATA_DIRS=/usr/share/ubuntu:/usr/local/share/:/usr/share/:/var/lib/snapd/desktop XDG_MENU_PREFIX=gnome- XDG_RUNTIME_DIR=/run/user/1000 XDG_SEAT=seat0 XDG_SESSION_DESKTOP=ubuntu XDG_SESSION_ID=2 XDG_SESSION_TYPE=x11 XDG_VTNR=2 XMODIFIERS=@im=fcitx _=/usr/bin/dbus-update-activation-environment MANAGERPID=1492 INVOCATION_ID=86ded9f269dd42bc8656ee4d49acd93c JOURNAL_STREAM=9:37515
bwhe         -  0.0    -      -     - -        Ssl  11:04   0:00 -
bwhe         -  0.0    -      -     - -        Ssl  11:04   0:00 -
bwhe         -  0.0    -      -     - -        Ssl  11:04   0:00 -
bwhe         -  0.0    -      -     - -        Ssl  11:04   0:00 -
bwhe         -  0.0    -      -     - -        Ssl  11:04   0:00 -
bwhe      1962  0.0  0.7 1135768 62420 ?       -    11:04   0:00 /usr/lib/evolution/evolution-calendar-factory-subprocess --factory all --bus-name org.gnome.evolution.dataserver.Subprocess.Backend.Calendarx1941x2 --own-path /org/gnome/evolution/dataserver/Subprocess/Backend/Calendar/1941/2 CLUTTER_IM_MODULE=xim DBUS_SESSION_BUS_ADDRESS=unix:path=/run/user/1000/bus DEFAULTS_PATH=/usr/share/gconf/ubuntu.default.path DESKTOP_SESSION=ubuntu DISPLAY=:0 GDMSESSION=ubuntu GNOME_DESKTOP_SESSION_ID=this-is-deprecated GNOME_SHELL_SESSION_MODE=ubuntu GOPATH=/home/bwhe/gocode GOROOT=/usr/local/go GPG_AGENT_INFO=/run/user/1000/gnupg/S.gpg-agent:0:1 GTK_IM_MODULE=fcitx GTK_MODULES=gail:atk-bridge HOME=/home/bwhe IM_CONFIG_PHASE=2 LANG=en_US.UTF-8 LC_ADDRESS=zh_CN.UTF-8 LC_IDENTIFICATION=zh_CN.UTF-8 LC_MEASUREMENT=zh_CN.UTF-8 LC_MONETARY=zh_CN.UTF-8 LC_NAME=zh_CN.UTF-8 LC_NUMERIC=zh_CN.UTF-8 LC_PAPER=zh_CN.UTF-8 LC_TELEPHONE=zh_CN.UTF-8 LC_TIME=zh_CN.UTF-8 LOGNAME=bwhe MANDATORY_PATH=/usr/share/gconf/ubuntu.mandatory.path PATH=/usr/local/sbin:/usr/local/bin:/usr/sbin:/usr/bin:/sbin:/bin:/usr/games:/usr/local/games:/snap/bin:/usr/local/go/bin:/home/bwhe/gocode/bin:/sbin PWD=/home/bwhe QT4_IM_MODULE=fcitx QT_ACCESSIBILITY=1 QT_IM_MODULE=fcitx SESSION_MANAGER=local/bwhe-THTF-T-Series:@/tmp/.ICE-unix/1522,unix/bwhe-THTF-T-Series:/tmp/.ICE-unix/1522 SHELL=/bin/zsh SHLVL=0 SSH_AGENT_PID=1613 SSH_AUTH_SOCK=/run/user/1000/keyring/ssh TEXTDOMAIN=im-config TEXTDOMAINDIR=/usr/share/locale/ USER=bwhe USERNAME=bwhe WINDOWPATH=2 XAUTHORITY=/run/user/1000/gdm/Xauthority XDG_CONFIG_DIRS=/etc/xdg/xdg-ubuntu:/etc/xdg XDG_CURRENT_DESKTOP=ubuntu:GNOME XDG_DATA_DIRS=/usr/share/ubuntu:/usr/local/share/:/usr/share/:/var/lib/snapd/desktop XDG_MENU_PREFIX=gnome- XDG_RUNTIME_DIR=/run/user/1000 XDG_SEAT=seat0 XDG_SESSION_DESKTOP=ubuntu XDG_SESSION_ID=2 XDG_SESSION_TYPE=x11 XDG_VTNR=2 XMODIFIERS=@im=fcitx _=/usr/bin/dbus-update-activation-environment MANAGERPID=1492 INVOCATION_ID=86ded9f269dd42bc8656ee4d49acd93c JOURNAL_STREAM=9:37515
bwhe         -  0.0    -      -     - -        Sl   11:04   0:00 -
bwhe         -  0.0    -      -     - -        Sl   11:04   0:00 -
bwhe         -  0.0    -      -     - -        Sl   11:04   0:00 -
bwhe         -  0.0    -      -     - -        Sl   11:04   0:00 -
bwhe         -  0.0    -      -     - -        Sl   11:04   0:00 -
bwhe         -  0.0    -      -     - -        Sl   11:04   0:00 -
bwhe         -  0.0    -      -     - -        Sl   11:04   0:00 -
bwhe         -  0.0    -      -     - -        Sl   11:04   0:00 -
bwhe         -  0.0    -      -     - -        Sl   11:04   0:00 -
bwhe      1973  0.0  0.0 188024  5164 ?        -    11:04   0:00 /usr/lib/dconf/dconf-service XDG_RUNTIME_DIR=/run/user/1000 SESSION_MANAGER=local/bwhe-THTF-T-Series:@/tmp/.ICE-unix/1522,unix/bwhe-THTF-T-Series:/tmp/.ICE-unix/1522 XMODIFIERS=@im=fcitx XDG_SESSION_TYPE=x11 DBUS_SESSION_BUS_ADDRESS=unix:path=/run/user/1000/bus,guid=625ec6c06ac17a6785e4eb365ea79d46 GOROOT=/usr/local/go USER=bwhe XAUTHORITY=/run/user/1000/gdm/Xauthority QT_IM_MODULE=fcitx DBUS_STARTER_BUS_TYPE=session LC_ADDRESS=zh_CN.UTF-8 GOPATH=/home/bwhe/gocode SHLVL=0 XDG_MENU_PREFIX=gnome- XDG_SESSION_DESKTOP=ubuntu SHELL=/bin/zsh QT_ACCESSIBILITY=1 LC_NAME=zh_CN.UTF-8 LC_MEASUREMENT=zh_CN.UTF-8 LC_TIME=zh_CN.UTF-8 LC_MONETARY=zh_CN.UTF-8 WINDOWPATH=2 USERNAME=bwhe XDG_DATA_DIRS=/usr/share/ubuntu:/usr/local/share/:/usr/share/:/var/lib/snapd/desktop QT4_IM_MODULE=fcitx IM_CONFIG_PHASE=2 GNOME_SHELL_SESSION_MODE=ubuntu LC_TELEPHONE=zh_CN.UTF-8 TEXTDOMAINDIR=/usr/share/locale/ PWD=/home/bwhe _=/usr/bin/dbus-update-activation-environment HOME=/home/bwhe DBUS_STARTER_ADDRESS=unix:path=/run/user/1000/bus,guid=625ec6c06ac17a6785e4eb365ea79d46 CLUTTER_IM_MODULE=xim DISPLAY=:0 SSH_AUTH_SOCK=/run/user/1000/keyring/ssh LC_PAPER=zh_CN.UTF-8 LC_NUMERIC=zh_CN.UTF-8 PATH=/usr/local/sbin:/usr/local/bin:/usr/sbin:/usr/bin:/sbin:/bin:/usr/games:/usr/local/games:/snap/bin:/usr/local/go/bin:/home/bwhe/gocode/bin:/sbin GNOME_DESKTOP_SESSION_ID=this-is-deprecated XDG_VTNR=2 GTK_MODULES=gail:atk-bridge GDMSESSION=ubuntu GTK_IM_MODULE=fcitx XDG_SESSION_ID=2 JOURNAL_STREAM=9:33357 XDG_SEAT=seat0 GPG_AGENT_INFO=/run/user/1000/gnupg/S.gpg-agent:0:1 INVOCATION_ID=0a533cea5fe64e31a16ac97eac219bf3 MANDATORY_PATH=/usr/share/gconf/ubuntu.mandatory.path LANG=en_US.UTF-8 LOGNAME=bwhe TEXTDOMAIN=im-config DEFAULTS_PATH=/usr/share/gconf/ubuntu.default.path XDG_CURRENT_DESKTOP=ubuntu:GNOME DESKTOP_SESSION=ubuntu LC_IDENTIFICATION=zh_CN.UTF-8 SSH_AGENT_PID=1613 MANAGERPID=1492 XDG_CONFIG_DIRS=/etc/xdg/xdg-ubuntu:/etc/xdg
bwhe         -  0.0    -      -     - -        Sl   11:04   0:00 -
bwhe         -  0.0    -      -     - -        Sl   11:04   0:00 -
bwhe         -  0.0    -      -     - -        Sl   11:04   0:00 -
bwhe      1978  0.0  0.3 732692 24684 ?        -    11:04   0:00 /usr/lib/evolution/evolution-addressbook-factory CLUTTER_IM_MODULE=xim DBUS_SESSION_BUS_ADDRESS=unix:path=/run/user/1000/bus DEFAULTS_PATH=/usr/share/gconf/ubuntu.default.path DESKTOP_SESSION=ubuntu DISPLAY=:0 GDMSESSION=ubuntu GNOME_DESKTOP_SESSION_ID=this-is-deprecated GNOME_SHELL_SESSION_MODE=ubuntu GOPATH=/home/bwhe/gocode GOROOT=/usr/local/go GPG_AGENT_INFO=/run/user/1000/gnupg/S.gpg-agent:0:1 GTK_IM_MODULE=fcitx GTK_MODULES=gail:atk-bridge HOME=/home/bwhe IM_CONFIG_PHASE=2 LANG=en_US.UTF-8 LC_ADDRESS=zh_CN.UTF-8 LC_IDENTIFICATION=zh_CN.UTF-8 LC_MEASUREMENT=zh_CN.UTF-8 LC_MONETARY=zh_CN.UTF-8 LC_NAME=zh_CN.UTF-8 LC_NUMERIC=zh_CN.UTF-8 LC_PAPER=zh_CN.UTF-8 LC_TELEPHONE=zh_CN.UTF-8 LC_TIME=zh_CN.UTF-8 LOGNAME=bwhe MANDATORY_PATH=/usr/share/gconf/ubuntu.mandatory.path PATH=/usr/local/sbin:/usr/local/bin:/usr/sbin:/usr/bin:/sbin:/bin:/usr/games:/usr/local/games:/snap/bin:/usr/local/go/bin:/home/bwhe/gocode/bin:/sbin PWD=/home/bwhe QT4_IM_MODULE=fcitx QT_ACCESSIBILITY=1 QT_IM_MODULE=fcitx SESSION_MANAGER=local/bwhe-THTF-T-Series:@/tmp/.ICE-unix/1522,unix/bwhe-THTF-T-Series:/tmp/.ICE-unix/1522 SHELL=/bin/zsh SHLVL=0 SSH_AGENT_PID=1613 SSH_AUTH_SOCK=/run/user/1000/keyring/ssh TEXTDOMAIN=im-config TEXTDOMAINDIR=/usr/share/locale/ USER=bwhe USERNAME=bwhe WINDOWPATH=2 XAUTHORITY=/run/user/1000/gdm/Xauthority XDG_CONFIG_DIRS=/etc/xdg/xdg-ubuntu:/etc/xdg XDG_CURRENT_DESKTOP=ubuntu:GNOME XDG_DATA_DIRS=/usr/share/ubuntu:/usr/local/share/:/usr/share/:/var/lib/snapd/desktop XDG_MENU_PREFIX=gnome- XDG_RUNTIME_DIR=/run/user/1000 XDG_SEAT=seat0 XDG_SESSION_DESKTOP=ubuntu XDG_SESSION_ID=2 XDG_SESSION_TYPE=x11 XDG_VTNR=2 XMODIFIERS=@im=fcitx _=/usr/bin/dbus-update-activation-environment MANAGERPID=1492 INVOCATION_ID=a1c3e41c8cf74d318419d33bf9bd9353 JOURNAL_STREAM=9:40038
bwhe         -  0.0    -      -     - -        Ssl  11:04   0:00 -
bwhe         -  0.0    -      -     - -        Ssl  11:04   0:00 -
bwhe         -  0.0    -      -     - -        Ssl  11:04   0:00 -
bwhe         -  0.0    -      -     - -        Ssl  11:04   0:00 -
bwhe         -  0.0    -      -     - -        Ssl  11:04   0:00 -
bwhe      1992  0.0  0.3 1017200 26816 ?       -    11:04   0:00 /usr/lib/evolution/evolution-addressbook-factory-subprocess --factory all --bus-name org.gnome.evolution.dataserver.Subprocess.Backend.AddressBookx1978x2 --own-path /org/gnome/evolution/dataserver/Subprocess/Backend/AddressBook/1978/2 CLUTTER_IM_MODULE=xim DBUS_SESSION_BUS_ADDRESS=unix:path=/run/user/1000/bus DEFAULTS_PATH=/usr/share/gconf/ubuntu.default.path DESKTOP_SESSION=ubuntu DISPLAY=:0 GDMSESSION=ubuntu GNOME_DESKTOP_SESSION_ID=this-is-deprecated GNOME_SHELL_SESSION_MODE=ubuntu GOPATH=/home/bwhe/gocode GOROOT=/usr/local/go GPG_AGENT_INFO=/run/user/1000/gnupg/S.gpg-agent:0:1 GTK_IM_MODULE=fcitx GTK_MODULES=gail:atk-bridge HOME=/home/bwhe IM_CONFIG_PHASE=2 LANG=en_US.UTF-8 LC_ADDRESS=zh_CN.UTF-8 LC_IDENTIFICATION=zh_CN.UTF-8 LC_MEASUREMENT=zh_CN.UTF-8 LC_MONETARY=zh_CN.UTF-8 LC_NAME=zh_CN.UTF-8 LC_NUMERIC=zh_CN.UTF-8 LC_PAPER=zh_CN.UTF-8 LC_TELEPHONE=zh_CN.UTF-8 LC_TIME=zh_CN.UTF-8 LOGNAME=bwhe MANDATORY_PATH=/usr/share/gconf/ubuntu.mandatory.path PATH=/usr/local/sbin:/usr/local/bin:/usr/sbin:/usr/bin:/sbin:/bin:/usr/games:/usr/local/games:/snap/bin:/usr/local/go/bin:/home/bwhe/gocode/bin:/sbin PWD=/home/bwhe QT4_IM_MODULE=fcitx QT_ACCESSIBILITY=1 QT_IM_MODULE=fcitx SESSION_MANAGER=local/bwhe-THTF-T-Series:@/tmp/.ICE-unix/1522,unix/bwhe-THTF-T-Series:/tmp/.ICE-unix/1522 SHELL=/bin/zsh SHLVL=0 SSH_AGENT_PID=1613 SSH_AUTH_SOCK=/run/user/1000/keyring/ssh TEXTDOMAIN=im-config TEXTDOMAINDIR=/usr/share/locale/ USER=bwhe USERNAME=bwhe WINDOWPATH=2 XAUTHORITY=/run/user/1000/gdm/Xauthority XDG_CONFIG_DIRS=/etc/xdg/xdg-ubuntu:/etc/xdg XDG_CURRENT_DESKTOP=ubuntu:GNOME XDG_DATA_DIRS=/usr/share/ubuntu:/usr/local/share/:/usr/share/:/var/lib/snapd/desktop XDG_MENU_PREFIX=gnome- XDG_RUNTIME_DIR=/run/user/1000 XDG_SEAT=seat0 XDG_SESSION_DESKTOP=ubuntu XDG_SESSION_ID=2 XDG_SESSION_TYPE=x11 XDG_VTNR=2 XMODIFIERS=@im=fcitx _=/usr/bin/dbus-update-activation-environment MANAGERPID=1492 INVOCATION_ID=a1c3e41c8cf74d318419d33bf9bd9353 JOURNAL_STREAM=9:40038
bwhe         -  0.0    -      -     - -        Sl   11:04   0:00 -
bwhe         -  0.0    -      -     - -        Sl   11:04   0:00 -
bwhe         -  0.0    -      -     - -        Sl   11:04   0:00 -
bwhe         -  0.0    -      -     - -        Sl   11:04   0:00 -
bwhe         -  0.0    -      -     - -        Sl   11:04   0:00 -
bwhe         -  0.0    -      -     - -        Sl   11:04   0:00 -
bwhe      1994  0.0  0.0 204888  6860 tty2     -    11:04   0:00 /usr/lib/ibus/ibus-engine-simple USER=bwhe LC_TIME=zh_CN.UTF-8 TEXTDOMAIN=im-config XDG_SEAT=seat0 XDG_SESSION_TYPE=x11 SSH_AGENT_PID=1613 SHLVL=0 QT4_IM_MODULE=fcitx HOME=/home/bwhe DESKTOP_SESSION=ubuntu GTK_MODULES=gail:atk-bridge GNOME_SHELL_SESSION_MODE=ubuntu LC_MONETARY=zh_CN.UTF-8 GOROOT=/usr/local/go DBUS_SESSION_BUS_ADDRESS=unix:path=/run/user/1000/bus MANDATORY_PATH=/usr/share/gconf/ubuntu.mandatory.path IM_CONFIG_PHASE=2 LOGNAME=bwhe GTK_IM_MODULE=fcitx DEFAULTS_PATH=/usr/share/gconf/ubuntu.default.path USERNAME=bwhe XDG_SESSION_ID=2 WINDOWPATH=2 PATH=/usr/local/sbin:/usr/local/bin:/usr/sbin:/usr/bin:/sbin:/bin:/usr/games:/usr/local/games:/snap/bin:/usr/local/go/bin:/home/bwhe/gocode/bin:/sbin LC_ADDRESS=zh_CN.UTF-8 XDG_RUNTIME_DIR=/run/user/1000 DISPLAY=:0 LANG=en_US.UTF-8 XDG_CURRENT_DESKTOP=ubuntu:GNOME LC_TELEPHONE=zh_CN.UTF-8 XDG_SESSION_DESKTOP=ubuntu XMODIFIERS=@im=fcitx XAUTHORITY=/run/user/1000/gdm/Xauthority SSH_AUTH_SOCK=/run/user/1000/keyring/ssh LC_NAME=zh_CN.UTF-8 GOPATH=/home/bwhe/gocode SHELL=/bin/zsh QT_ACCESSIBILITY=1 GDMSESSION=ubuntu LC_MEASUREMENT=zh_CN.UTF-8 TEXTDOMAINDIR=/usr/share/locale/ GPG_AGENT_INFO=/run/user/1000/gnupg/S.gpg-agent:0:1 LC_IDENTIFICATION=zh_CN.UTF-8 XDG_VTNR=2 QT_IM_MODULE=fcitx PWD=/home/bwhe CLUTTER_IM_MODULE=xim XDG_DATA_DIRS=/usr/share/ubuntu:/usr/local/share/:/usr/share/:/var/lib/snapd/desktop XDG_CONFIG_DIRS=/etc/xdg/xdg-ubuntu:/etc/xdg LC_NUMERIC=zh_CN.UTF-8 LC_PAPER=zh_CN.UTF-8 GNOME_DESKTOP_SESSION_ID=this-is-deprecated XDG_MENU_PREFIX=gnome- SESSION_MANAGER=local/bwhe-THTF-T-Series:@/tmp/.ICE-unix/1522,unix/bwhe-THTF-T-Series:/tmp/.ICE-unix/1522 DESKTOP_AUTOSTART_ID=105c50ab1eadd8a31415880430803201900000015220000 GIO_LAUNCHED_DESKTOP_FILE=/usr/share/applications/org.gnome.Shell.desktop GIO_LAUNCHED_DESKTOP_FILE_PID=1652 GJS_DEBUG_OUTPUT=stderr GJS_DEBUG_TOPICS=JS ERROR;JS LOG
bwhe         -  0.0    -      -     - -        Sl   11:04   0:00 -
bwhe         -  0.0    -      -     - -        Sl   11:04   0:00 -
bwhe         -  0.0    -      -     - -        Sl   11:04   0:00 -
bwhe      2019  0.1  1.5 3536728 122532 ?      -    11:04   0:02 sogou-qimpanel USER=bwhe LC_TIME=zh_CN.UTF-8 TEXTDOMAIN=im-config XDG_SEAT=seat0 XDG_SESSION_TYPE=x11 SSH_AGENT_PID=1613 SHLVL=0 QT4_IM_MODULE=fcitx HOME=/home/bwhe DESKTOP_SESSION=ubuntu GTK_MODULES=gail:atk-bridge GNOME_SHELL_SESSION_MODE=ubuntu LC_MONETARY=zh_CN.UTF-8 GOROOT=/usr/local/go DBUS_SESSION_BUS_ADDRESS=unix:path=/run/user/1000/bus MANDATORY_PATH=/usr/share/gconf/ubuntu.mandatory.path IM_CONFIG_PHASE=2 LOGNAME=bwhe GTK_IM_MODULE=fcitx DEFAULTS_PATH=/usr/share/gconf/ubuntu.default.path USERNAME=bwhe XDG_SESSION_ID=2 WINDOWPATH=2 PATH=/usr/local/sbin:/usr/local/bin:/usr/sbin:/usr/bin:/sbin:/bin:/usr/games:/usr/local/games:/snap/bin:/usr/local/go/bin:/home/bwhe/gocode/bin:/sbin LC_ADDRESS=zh_CN.UTF-8 XDG_RUNTIME_DIR=/run/user/1000 DISPLAY=:0 LANG=en_US.UTF-8 XDG_CURRENT_DESKTOP=ubuntu:GNOME LC_TELEPHONE=zh_CN.UTF-8 XDG_SESSION_DESKTOP=ubuntu XMODIFIERS=@im=fcitx XAUTHORITY=/run/user/1000/gdm/Xauthority SSH_AUTH_SOCK=/run/user/1000/keyring/ssh LC_NAME=zh_CN.UTF-8 GOPATH=/home/bwhe/gocode SHELL=/bin/zsh QT_ACCESSIBILITY=1 GDMSESSION=ubuntu LC_MEASUREMENT=zh_CN.UTF-8 TEXTDOMAINDIR=/usr/share/locale/ GPG_AGENT_INFO=/run/user/1000/gnupg/S.gpg-agent:0:1 LC_IDENTIFICATION=zh_CN.UTF-8 XDG_VTNR=2 QT_IM_MODULE=fcitx PWD=/home/bwhe CLUTTER_IM_MODULE=xim XDG_DATA_DIRS=/usr/share/ubuntu:/usr/local/share/:/usr/share/:/var/lib/snapd/desktop XDG_CONFIG_DIRS=/etc/xdg/xdg-ubuntu:/etc/xdg LC_NUMERIC=zh_CN.UTF-8 LC_PAPER=zh_CN.UTF-8 GNOME_DESKTOP_SESSION_ID=this-is-deprecated XDG_MENU_PREFIX=gnome- SESSION_MANAGER=local/bwhe-THTF-T-Series:@/tmp/.ICE-unix/1522,unix/bwhe-THTF-T-Series:/tmp/.ICE-unix/1522 DESKTOP_AUTOSTART_ID=105c50ab1eadd8a31415880430808937200000015220038 GIO_LAUNCHED_DESKTOP_FILE=/etc/xdg/autostart/fcitx-ui-sogou-qimpanel.desktop GIO_LAUNCHED_DESKTOP_FILE_PID=2016
bwhe         -  0.1    -      -     - -        Sl   11:04   0:02 -
bwhe         -  0.0    -      -     - -        Sl   11:04   0:00 -
bwhe         -  0.0    -      -     - -        Sl   11:04   0:00 -
bwhe         -  0.0    -      -     - -        Sl   11:04   0:00 -
bwhe         -  0.0    -      -     - -        Sl   11:04   0:00 -
bwhe         -  0.0    -      -     - -        Sl   11:04   0:00 -
bwhe         -  0.0    -      -     - -        Sl   11:04   0:00 -
bwhe         -  0.0    -      -     - -        Sl   11:04   0:00 -
bwhe         -  0.0    -      -     - -        Sl   11:04   0:00 -
bwhe         -  0.0    -      -     - -        Sl   11:04   0:00 -
bwhe         -  0.0    -      -     - -        Sl   11:04   0:00 -
bwhe         -  0.0    -      -     - -        Sl   11:04   0:00 -
bwhe         -  0.0    -      -     - -        Sl   11:04   0:00 -
bwhe         -  0.0    -      -     - -        Sl   11:04   0:00 -
bwhe      2022  0.0  0.0  79916  6008 ?        -    11:04   0:00 /usr/lib/x86_64-linux-gnu/gconf/gconfd-2 XDG_RUNTIME_DIR=/run/user/1000 SESSION_MANAGER=local/bwhe-THTF-T-Series:@/tmp/.ICE-unix/1522,unix/bwhe-THTF-T-Series:/tmp/.ICE-unix/1522 XMODIFIERS=@im=fcitx XDG_SESSION_TYPE=x11 DBUS_SESSION_BUS_ADDRESS=unix:path=/run/user/1000/bus,guid=625ec6c06ac17a6785e4eb365ea79d46 GOROOT=/usr/local/go USER=bwhe XAUTHORITY=/run/user/1000/gdm/Xauthority QT_IM_MODULE=fcitx DBUS_STARTER_BUS_TYPE=session LC_ADDRESS=zh_CN.UTF-8 GOPATH=/home/bwhe/gocode SHLVL=0 XDG_MENU_PREFIX=gnome- XDG_SESSION_DESKTOP=ubuntu SHELL=/bin/zsh QT_ACCESSIBILITY=1 LC_NAME=zh_CN.UTF-8 LC_MEASUREMENT=zh_CN.UTF-8 LC_TIME=zh_CN.UTF-8 LC_MONETARY=zh_CN.UTF-8 WINDOWPATH=2 USERNAME=bwhe XDG_DATA_DIRS=/usr/share/ubuntu:/usr/local/share/:/usr/share/:/var/lib/snapd/desktop QT4_IM_MODULE=fcitx IM_CONFIG_PHASE=2 GNOME_SHELL_SESSION_MODE=ubuntu LC_TELEPHONE=zh_CN.UTF-8 TEXTDOMAINDIR=/usr/share/locale/ PWD=/home/bwhe _=/usr/bin/dbus-update-activation-environment HOME=/home/bwhe DBUS_STARTER_ADDRESS=unix:path=/run/user/1000/bus,guid=625ec6c06ac17a6785e4eb365ea79d46 CLUTTER_IM_MODULE=xim DISPLAY=:0 SSH_AUTH_SOCK=/run/user/1000/keyring/ssh LC_PAPER=zh_CN.UTF-8 LC_NUMERIC=zh_CN.UTF-8 PATH=/usr/local/sbin:/usr/local/bin:/usr/sbin:/usr/bin:/sbin:/bin:/usr/games:/usr/local/games:/snap/bin:/usr/local/go/bin:/home/bwhe/gocode/bin:/sbin GNOME_DESKTOP_SESSION_ID=this-is-deprecated XDG_VTNR=2 GTK_MODULES=gail:atk-bridge GDMSESSION=ubuntu GTK_IM_MODULE=fcitx XDG_SESSION_ID=2 JOURNAL_STREAM=9:33357 XDG_SEAT=seat0 GPG_AGENT_INFO=/run/user/1000/gnupg/S.gpg-agent:0:1 INVOCATION_ID=0a533cea5fe64e31a16ac97eac219bf3 MANDATORY_PATH=/usr/share/gconf/ubuntu.mandatory.path LANG=en_US.UTF-8 LOGNAME=bwhe TEXTDOMAIN=im-config DEFAULTS_PATH=/usr/share/gconf/ubuntu.default.path XDG_CURRENT_DESKTOP=ubuntu:GNOME DESKTOP_SESSION=ubuntu LC_IDENTIFICATION=zh_CN.UTF-8 SSH_AGENT_PID=1613 MANAGERPID=1492 XDG_CONFIG_DIRS=/etc/xdg/xdg-ubuntu:/etc/xdg
bwhe         -  0.0    -      -     - -        S    11:04   0:00 -
bwhe      2065  0.0  0.0 204492  6368 ?        -    11:04   0:00 /usr/lib/gvfs/gvfsd-metadata CLUTTER_IM_MODULE=xim DBUS_SESSION_BUS_ADDRESS=unix:path=/run/user/1000/bus DEFAULTS_PATH=/usr/share/gconf/ubuntu.default.path DESKTOP_SESSION=ubuntu DISPLAY=:0 GDMSESSION=ubuntu GNOME_DESKTOP_SESSION_ID=this-is-deprecated GNOME_SHELL_SESSION_MODE=ubuntu GOPATH=/home/bwhe/gocode GOROOT=/usr/local/go GPG_AGENT_INFO=/run/user/1000/gnupg/S.gpg-agent:0:1 GTK_IM_MODULE=fcitx GTK_MODULES=gail:atk-bridge HOME=/home/bwhe IM_CONFIG_PHASE=2 LANG=en_US.UTF-8 LC_ADDRESS=zh_CN.UTF-8 LC_IDENTIFICATION=zh_CN.UTF-8 LC_MEASUREMENT=zh_CN.UTF-8 LC_MONETARY=zh_CN.UTF-8 LC_NAME=zh_CN.UTF-8 LC_NUMERIC=zh_CN.UTF-8 LC_PAPER=zh_CN.UTF-8 LC_TELEPHONE=zh_CN.UTF-8 LC_TIME=zh_CN.UTF-8 LOGNAME=bwhe MANDATORY_PATH=/usr/share/gconf/ubuntu.mandatory.path PATH=/usr/local/sbin:/usr/local/bin:/usr/sbin:/usr/bin:/sbin:/bin:/usr/games:/usr/local/games:/snap/bin:/usr/local/go/bin:/home/bwhe/gocode/bin:/sbin PWD=/home/bwhe QT4_IM_MODULE=fcitx QT_ACCESSIBILITY=1 QT_IM_MODULE=fcitx SESSION_MANAGER=local/bwhe-THTF-T-Series:@/tmp/.ICE-unix/1522,unix/bwhe-THTF-T-Series:/tmp/.ICE-unix/1522 SHELL=/bin/zsh SHLVL=0 SSH_AGENT_PID=1613 SSH_AUTH_SOCK=/run/user/1000/keyring/ssh TEXTDOMAIN=im-config TEXTDOMAINDIR=/usr/share/locale/ USER=bwhe USERNAME=bwhe WINDOWPATH=2 XAUTHORITY=/run/user/1000/gdm/Xauthority XDG_CONFIG_DIRS=/etc/xdg/xdg-ubuntu:/etc/xdg XDG_CURRENT_DESKTOP=ubuntu:GNOME XDG_DATA_DIRS=/usr/share/ubuntu:/usr/local/share/:/usr/share/:/var/lib/snapd/desktop XDG_MENU_PREFIX=gnome- XDG_RUNTIME_DIR=/run/user/1000 XDG_SEAT=seat0 XDG_SESSION_DESKTOP=ubuntu XDG_SESSION_ID=2 XDG_SESSION_TYPE=x11 XDG_VTNR=2 XMODIFIERS=@im=fcitx _=/usr/bin/dbus-update-activation-environment MANAGERPID=1492 INVOCATION_ID=814e077b0ad54e88a71458fadf528bc9 JOURNAL_STREAM=9:39135
bwhe         -  0.0    -      -     - -        Ssl  11:04   0:00 -
bwhe         -  0.0    -      -     - -        Ssl  11:04   0:00 -
bwhe         -  0.0    -      -     - -        Ssl  11:04   0:00 -
bwhe      2093  1.2  1.0 452440 83512 tty2     -    11:05   0:17 /usr/local/bin/qq USER=bwhe LC_TIME=zh_CN.UTF-8 TEXTDOMAIN=im-config XDG_SEAT=seat0 XDG_SESSION_TYPE=x11 SSH_AGENT_PID=1613 SHLVL=0 QT4_IM_MODULE=fcitx HOME=/home/bwhe DESKTOP_SESSION=ubuntu GTK_MODULES=gail:atk-bridge GNOME_SHELL_SESSION_MODE=ubuntu LC_MONETARY=zh_CN.UTF-8 GOROOT=/usr/local/go DBUS_SESSION_BUS_ADDRESS=unix:path=/run/user/1000/bus MANDATORY_PATH=/usr/share/gconf/ubuntu.mandatory.path IM_CONFIG_PHASE=2 LOGNAME=bwhe GTK_IM_MODULE=fcitx DEFAULTS_PATH=/usr/share/gconf/ubuntu.default.path USERNAME=bwhe XDG_SESSION_ID=2 WINDOWPATH=2 PATH=/usr/local/sbin:/usr/local/bin:/usr/sbin:/usr/bin:/sbin:/bin:/usr/games:/usr/local/games:/snap/bin:/usr/local/go/bin:/home/bwhe/gocode/bin:/sbin LC_ADDRESS=zh_CN.UTF-8 XDG_RUNTIME_DIR=/run/user/1000 DISPLAY=:0 LANG=en_US.UTF-8 XDG_CURRENT_DESKTOP=ubuntu:GNOME LC_TELEPHONE=zh_CN.UTF-8 XDG_SESSION_DESKTOP=ubuntu XMODIFIERS=@im=fcitx XAUTHORITY=/run/user/1000/gdm/Xauthority SSH_AUTH_SOCK=/run/user/1000/keyring/ssh LC_NAME=zh_CN.UTF-8 GOPATH=/home/bwhe/gocode SHELL=/bin/zsh QT_ACCESSIBILITY=1 GDMSESSION=ubuntu LC_MEASUREMENT=zh_CN.UTF-8 TEXTDOMAINDIR=/usr/share/locale/ GPG_AGENT_INFO=/run/user/1000/gnupg/S.gpg-agent:0:1 LC_IDENTIFICATION=zh_CN.UTF-8 XDG_VTNR=2 QT_IM_MODULE=fcitx PWD=/home/bwhe CLUTTER_IM_MODULE=xim XDG_DATA_DIRS=/usr/share/ubuntu:/usr/local/share/:/usr/share/:/var/lib/snapd/desktop XDG_CONFIG_DIRS=/etc/xdg/xdg-ubuntu:/etc/xdg LC_NUMERIC=zh_CN.UTF-8 LC_PAPER=zh_CN.UTF-8 GNOME_DESKTOP_SESSION_ID=this-is-deprecated XDG_MENU_PREFIX=gnome- SESSION_MANAGER=local/bwhe-THTF-T-Series:@/tmp/.ICE-unix/1522,unix/bwhe-THTF-T-Series:/tmp/.ICE-unix/1522 GIO_LAUNCHED_DESKTOP_FILE=/usr/share/applications/qq.desktop GIO_LAUNCHED_DESKTOP_FILE_PID=2093 GJS_DEBUG_OUTPUT=stderr GJS_DEBUG_TOPICS=JS ERROR;JS LOG DESKTOP_STARTUP_ID=gnome-shell-1652-bwhe-THTF-T-Series-/usr/local/bin/qq-0_TIME260135
bwhe         -  0.9    -      -     - -        SLl+ 11:05   0:14 -
bwhe         -  0.0    -      -     - -        SLl+ 11:05   0:00 -
bwhe         -  0.0    -      -     - -        SLl+ 11:05   0:00 -
bwhe         -  0.0    -      -     - -        SLl+ 11:05   0:01 -
bwhe         -  0.0    -      -     - -        SLl+ 11:05   0:00 -
bwhe         -  0.0    -      -     - -        SLl+ 11:05   0:00 -
bwhe         -  0.0    -      -     - -        SLl+ 11:05   0:00 -
bwhe         -  0.0    -      -     - -        SLl+ 11:05   0:00 -
bwhe         -  0.0    -      -     - -        SLl+ 11:05   0:00 -
bwhe         -  0.0    -      -     - -        SLl+ 11:28   0:00 -
bwhe      2127  0.0  0.3 596800 28176 tty2     -    11:05   0:00 update-notifier USER=bwhe LC_TIME=zh_CN.UTF-8 TEXTDOMAIN=im-config XDG_SEAT=seat0 XDG_SESSION_TYPE=x11 SSH_AGENT_PID=1613 SHLVL=0 QT4_IM_MODULE=fcitx HOME=/home/bwhe DESKTOP_SESSION=ubuntu GTK_MODULES=gail:atk-bridge GNOME_SHELL_SESSION_MODE=ubuntu LC_MONETARY=zh_CN.UTF-8 GOROOT=/usr/local/go DBUS_SESSION_BUS_ADDRESS=unix:path=/run/user/1000/bus MANDATORY_PATH=/usr/share/gconf/ubuntu.mandatory.path IM_CONFIG_PHASE=2 LOGNAME=bwhe GTK_IM_MODULE=fcitx DEFAULTS_PATH=/usr/share/gconf/ubuntu.default.path USERNAME=bwhe XDG_SESSION_ID=2 WINDOWPATH=2 PATH=/usr/local/sbin:/usr/local/bin:/usr/sbin:/usr/bin:/sbin:/bin:/usr/games:/usr/local/games:/snap/bin:/usr/local/go/bin:/home/bwhe/gocode/bin:/sbin LC_ADDRESS=zh_CN.UTF-8 XDG_RUNTIME_DIR=/run/user/1000 DISPLAY=:0 LANG=en_US.UTF-8 XDG_CURRENT_DESKTOP=ubuntu:GNOME LC_TELEPHONE=zh_CN.UTF-8 XDG_SESSION_DESKTOP=ubuntu XMODIFIERS=@im=fcitx XAUTHORITY=/run/user/1000/gdm/Xauthority SSH_AUTH_SOCK=/run/user/1000/keyring/ssh LC_NAME=zh_CN.UTF-8 GOPATH=/home/bwhe/gocode SHELL=/bin/zsh QT_ACCESSIBILITY=1 GDMSESSION=ubuntu LC_MEASUREMENT=zh_CN.UTF-8 TEXTDOMAINDIR=/usr/share/locale/ GPG_AGENT_INFO=/run/user/1000/gnupg/S.gpg-agent:0:1 LC_IDENTIFICATION=zh_CN.UTF-8 XDG_VTNR=2 QT_IM_MODULE=fcitx PWD=/home/bwhe CLUTTER_IM_MODULE=xim XDG_DATA_DIRS=/usr/share/ubuntu:/usr/local/share/:/usr/share/:/var/lib/snapd/desktop XDG_CONFIG_DIRS=/etc/xdg/xdg-ubuntu:/etc/xdg LC_NUMERIC=zh_CN.UTF-8 LC_PAPER=zh_CN.UTF-8 GNOME_DESKTOP_SESSION_ID=this-is-deprecated XDG_MENU_PREFIX=gnome- SESSION_MANAGER=local/bwhe-THTF-T-Series:@/tmp/.ICE-unix/1522,unix/bwhe-THTF-T-Series:/tmp/.ICE-unix/1522 DESKTOP_AUTOSTART_ID=105c50ab1eadd8a31415880430809149400000015220041 GIO_LAUNCHED_DESKTOP_FILE=/etc/xdg/autostart/update-notifier.desktop GIO_LAUNCHED_DESKTOP_FILE_PID=2127
bwhe         -  0.0    -      -     - -        Sl+  11:05   0:00 -
bwhe         -  0.0    -      -     - -        Sl+  11:05   0:00 -
bwhe         -  0.0    -      -     - -        Sl+  11:05   0:00 -
bwhe         -  0.0    -      -     - -        Sl+  11:05   0:00 -
bwhe      2130  0.1  1.4 1314888 113504 tty2   -    11:05   0:02 /usr/bin/gnome-software --gapplication-service USER=bwhe LC_TIME=zh_CN.UTF-8 TEXTDOMAIN=im-config XDG_SEAT=seat0 XDG_SESSION_TYPE=x11 SSH_AGENT_PID=1613 SHLVL=0 QT4_IM_MODULE=fcitx HOME=/home/bwhe DESKTOP_SESSION=ubuntu GTK_MODULES=gail:atk-bridge GNOME_SHELL_SESSION_MODE=ubuntu LC_MONETARY=zh_CN.UTF-8 GOROOT=/usr/local/go DBUS_SESSION_BUS_ADDRESS=unix:path=/run/user/1000/bus MANDATORY_PATH=/usr/share/gconf/ubuntu.mandatory.path IM_CONFIG_PHASE=2 LOGNAME=bwhe GTK_IM_MODULE=fcitx DEFAULTS_PATH=/usr/share/gconf/ubuntu.default.path USERNAME=bwhe XDG_SESSION_ID=2 WINDOWPATH=2 PATH=/usr/local/sbin:/usr/local/bin:/usr/sbin:/usr/bin:/sbin:/bin:/usr/games:/usr/local/games:/snap/bin:/usr/local/go/bin:/home/bwhe/gocode/bin:/sbin LC_ADDRESS=zh_CN.UTF-8 XDG_RUNTIME_DIR=/run/user/1000 DISPLAY=:0 LANG=en_US.UTF-8 XDG_CURRENT_DESKTOP=ubuntu:GNOME LC_TELEPHONE=zh_CN.UTF-8 XDG_SESSION_DESKTOP=ubuntu XMODIFIERS=@im=fcitx XAUTHORITY=/run/user/1000/gdm/Xauthority SSH_AUTH_SOCK=/run/user/1000/keyring/ssh LC_NAME=zh_CN.UTF-8 GOPATH=/home/bwhe/gocode SHELL=/bin/zsh QT_ACCESSIBILITY=1 GDMSESSION=ubuntu LC_MEASUREMENT=zh_CN.UTF-8 TEXTDOMAINDIR=/usr/share/locale/ GPG_AGENT_INFO=/run/user/1000/gnupg/S.gpg-agent:0:1 LC_IDENTIFICATION=zh_CN.UTF-8 XDG_VTNR=2 QT_IM_MODULE=fcitx PWD=/home/bwhe CLUTTER_IM_MODULE=xim XDG_DATA_DIRS=/usr/share/ubuntu:/usr/local/share/:/usr/share/:/var/lib/snapd/desktop XDG_CONFIG_DIRS=/etc/xdg/xdg-ubuntu:/etc/xdg LC_NUMERIC=zh_CN.UTF-8 LC_PAPER=zh_CN.UTF-8 GNOME_DESKTOP_SESSION_ID=this-is-deprecated XDG_MENU_PREFIX=gnome- SESSION_MANAGER=local/bwhe-THTF-T-Series:@/tmp/.ICE-unix/1522,unix/bwhe-THTF-T-Series:/tmp/.ICE-unix/1522 DESKTOP_AUTOSTART_ID=105c50ab1eadd8a31415880430808539900000015220033 GIO_LAUNCHED_DESKTOP_FILE=/etc/xdg/autostart/gnome-software-service.desktop GIO_LAUNCHED_DESKTOP_FILE_PID=2130
bwhe         -  0.1    -      -     - -        SLl+ 11:05   0:01 -
bwhe         -  0.0    -      -     - -        SLl+ 11:05   0:00 -
bwhe         -  0.0    -      -     - -        SLl+ 11:05   0:00 -
bwhe         -  0.0    -      -     - -        SLl+ 11:05   0:00 -
root      2148  0.0  0.3 560488 25764 ?        -    11:05   0:00 /usr/lib/fwupd/fwupd
root         -  0.0    -      -     - -        Ssl  11:05   0:00 -
root         -  0.0    -      -     - -        Ssl  11:05   0:00 -
root         -  0.0    -      -     - -        Ssl  11:05   0:00 -
root         -  0.0    -      -     - -        Ssl  11:05   0:00 -
root         -  0.0    -      -     - -        Ssl  11:05   0:00 -
bwhe      2495  1.9  0.5 684656 45112 ?        -    11:06   0:27 /usr/lib/gnome-terminal/gnome-terminal-server CLUTTER_IM_MODULE=xim DBUS_SESSION_BUS_ADDRESS=unix:path=/run/user/1000/bus DEFAULTS_PATH=/usr/share/gconf/ubuntu.default.path DESKTOP_SESSION=ubuntu DISPLAY=:0 GDMSESSION=ubuntu GNOME_DESKTOP_SESSION_ID=this-is-deprecated GNOME_SHELL_SESSION_MODE=ubuntu GOPATH=/home/bwhe/gocode GOROOT=/usr/local/go GPG_AGENT_INFO=/run/user/1000/gnupg/S.gpg-agent:0:1 GTK_IM_MODULE=fcitx GTK_MODULES=gail:atk-bridge HOME=/home/bwhe IM_CONFIG_PHASE=2 LANG=en_US.UTF-8 LC_ADDRESS=zh_CN.UTF-8 LC_IDENTIFICATION=zh_CN.UTF-8 LC_MEASUREMENT=zh_CN.UTF-8 LC_MONETARY=zh_CN.UTF-8 LC_NAME=zh_CN.UTF-8 LC_NUMERIC=zh_CN.UTF-8 LC_PAPER=zh_CN.UTF-8 LC_TELEPHONE=zh_CN.UTF-8 LC_TIME=zh_CN.UTF-8 LOGNAME=bwhe MANDATORY_PATH=/usr/share/gconf/ubuntu.mandatory.path PATH=/usr/local/sbin:/usr/local/bin:/usr/sbin:/usr/bin:/sbin:/bin:/usr/games:/usr/local/games:/snap/bin:/usr/local/go/bin:/home/bwhe/gocode/bin:/sbin PWD=/home/bwhe QT4_IM_MODULE=fcitx QT_ACCESSIBILITY=1 QT_IM_MODULE=fcitx SESSION_MANAGER=local/bwhe-THTF-T-Series:@/tmp/.ICE-unix/1522,unix/bwhe-THTF-T-Series:/tmp/.ICE-unix/1522 SHELL=/bin/zsh SHLVL=0 SSH_AGENT_PID=1613 SSH_AUTH_SOCK=/run/user/1000/keyring/ssh TEXTDOMAIN=im-config TEXTDOMAINDIR=/usr/share/locale/ USER=bwhe USERNAME=bwhe WINDOWPATH=2 XAUTHORITY=/run/user/1000/gdm/Xauthority XDG_CONFIG_DIRS=/etc/xdg/xdg-ubuntu:/etc/xdg XDG_CURRENT_DESKTOP=ubuntu:GNOME XDG_DATA_DIRS=/usr/share/ubuntu:/usr/local/share/:/usr/share/:/var/lib/snapd/desktop XDG_MENU_PREFIX=gnome- XDG_RUNTIME_DIR=/run/user/1000 XDG_SEAT=seat0 XDG_SESSION_DESKTOP=ubuntu XDG_SESSION_ID=2 XDG_SESSION_TYPE=x11 XDG_VTNR=2 XMODIFIERS=@im=fcitx _=/usr/bin/dbus-update-activation-environment MANAGERPID=1492 INVOCATION_ID=b843045f3ff9441988ad903041d0ccb7 JOURNAL_STREAM=9:45650
bwhe         -  1.5    -      -     - -        Ssl  11:06   0:22 -
bwhe         -  0.0    -      -     - -        Ssl  11:06   0:00 -
bwhe         -  0.3    -      -     - -        Ssl  11:06   0:04 -
bwhe         -  0.0    -      -     - -        Ssl  11:06   0:00 -
bwhe      2502  0.1  0.0  63708  7524 pts/0    -    11:06   0:01 zsh LC_ADDRESS=zh_CN.UTF-8 XDG_CONFIG_DIRS=/etc/xdg/xdg-ubuntu:/etc/xdg LC_TELEPHONE=zh_CN.UTF-8 GOROOT=/usr/local/go LANG=en_US.UTF-8 DISPLAY=:0 SHLVL=0 LOGNAME=bwhe XDG_VTNR=2 MANDATORY_PATH=/usr/share/gconf/ubuntu.mandatory.path LC_NAME=zh_CN.UTF-8 PWD=/home/bwhe USER=bwhe XAUTHORITY=/run/user/1000/gdm/Xauthority DESKTOP_AUTOSTART_ID=105c50ab1eadd8a31415880430803861700000015220007 GTK_IM_MODULE=fcitx COLORTERM=truecolor XDG_SESSION_ID=2 GNOME_TERMINAL_SCREEN=/org/gnome/Terminal/screen/e272c2ee_decb_407e_8b9b_13395989fe5e GOPATH=/home/bwhe/gocode XDG_SESSION_DESKTOP=ubuntu TEXTDOMAIN=im-config GDMSESSION=ubuntu DEFAULTS_PATH=/usr/share/gconf/ubuntu.default.path WINDOWPATH=2 LC_MEASUREMENT=zh_CN.UTF-8 LC_PAPER=zh_CN.UTF-8 LC_NUMERIC=zh_CN.UTF-8 LC_MONETARY=zh_CN.UTF-8 IM_CONFIG_PHASE=2 DBUS_SESSION_BUS_ADDRESS=unix:path=/run/user/1000/bus GNOME_DESKTOP_SESSION_ID=this-is-deprecated USERNAME=bwhe DESKTOP_SESSION=ubuntu CLUTTER_IM_MODULE=xim QT4_IM_MODULE=fcitx XDG_DATA_DIRS=/usr/share/ubuntu:/usr/local/share/:/usr/share/:/var/lib/snapd/desktop TEXTDOMAINDIR=/usr/share/locale/ XDG_MENU_PREFIX=gnome- LC_IDENTIFICATION=zh_CN.UTF-8 GNOME_SHELL_SESSION_MODE=ubuntu SHELL=/bin/zsh XDG_SESSION_TYPE=x11 QT_IM_MODULE=fcitx LC_TIME=zh_CN.UTF-8 TERM=xterm-256color SESSION_MANAGER=local/bwhe-THTF-T-Series:@/tmp/.ICE-unix/1522,unix/bwhe-THTF-T-Series:/tmp/.ICE-unix/1522 GTK_MODULES=gail:atk-bridge SSH_AGENT_PID=1613 GNOME_TERMINAL_SERVICE=:1.88 XDG_CURRENT_DESKTOP=ubuntu:GNOME PATH=/usr/local/sbin:/usr/local/bin:/usr/sbin:/usr/bin:/sbin:/bin:/usr/games:/usr/local/games:/snap/bin:/usr/local/go/bin:/home/bwhe/gocode/bin:/sbin SSH_AUTH_SOCK=/run/user/1000/keyring/ssh XMODIFIERS=@im=fcitx HOME=/home/bwhe XDG_RUNTIME_DIR=/run/user/1000 GPG_AGENT_INFO=/run/user/1000/gnupg/S.gpg-agent:0:1 XDG_SEAT=seat0 VTE_VERSION=5202 QT_ACCESSIBILITY=1
bwhe         -  0.1    -      -     - -        Ss   11:06   0:01 -
root      2650  0.1  0.0      0     0 ?        -    11:06   0:01 [kworker/u8:4-ev]
root         -  0.1    -      -     - -        I    11:06   0:01 -
root      2652  0.1  0.0      0     0 ?        -    11:06   0:02 [kworker/u8:5-i9]
root         -  0.1    -      -     - -        I    11:06   0:02 -
root      2711  0.0  0.0      0     0 ?        -    11:08   0:00 [kworker/2:2-eve]
root         -  0.0    -      -     - -        I    11:08   0:00 -
root      4341  0.0  0.0      0     0 ?        -    11:15   0:00 [kworker/2:0-eve]
root         -  0.0    -      -     - -        I    11:15   0:00 -
root      4404  0.1  0.0      0     0 ?        -    11:20   0:01 [kworker/u8:0-i9]
root         -  0.1    -      -     - -        I    11:20   0:01 -
root      4413  0.0  0.0      0     0 ?        -    11:21   0:00 [kworker/0:1-eve]
root         -  0.0    -      -     - -        I    11:21   0:00 -
root      5375  0.2  0.0      0     0 ?        -    11:27   0:00 [kworker/u8:1-i9]
root         -  0.2    -      -     - -        I    11:27   0:00 -
root      5806  0.0  0.0      0     0 ?        -    11:27   0:00 [kworker/0:0-eve]
root         -  0.0    -      -     - -        I    11:27   0:00 -
bwhe      6273  0.0  0.0   4624  1628 pts/0    -    11:29   0:00 sh ./test.sh LC_ADDRESS=zh_CN.UTF-8 XDG_CONFIG_DIRS=/etc/xdg/xdg-ubuntu:/etc/xdg LC_TELEPHONE=zh_CN.UTF-8 GOROOT=/usr/local/go LANG=en_US.UTF-8 DISPLAY=:0 SHLVL=1 LOGNAME=bwhe XDG_VTNR=2 MANDATORY_PATH=/usr/share/gconf/ubuntu.mandatory.path LC_NAME=zh_CN.UTF-8 PWD=/home/bwhe/idshwk USER=bwhe XAUTHORITY=/run/user/1000/gdm/Xauthority DESKTOP_AUTOSTART_ID=105c50ab1eadd8a31415880430803861700000015220007 GTK_IM_MODULE=fcitx COLORTERM=truecolor XDG_SESSION_ID=2 GNOME_TERMINAL_SCREEN=/org/gnome/Terminal/screen/e272c2ee_decb_407e_8b9b_13395989fe5e GOPATH=/home/bwhe/gocode XDG_SESSION_DESKTOP=ubuntu TEXTDOMAIN=im-config GDMSESSION=ubuntu DEFAULTS_PATH=/usr/share/gconf/ubuntu.default.path WINDOWPATH=2 LC_MEASUREMENT=zh_CN.UTF-8 LC_PAPER=zh_CN.UTF-8 LC_NUMERIC=zh_CN.UTF-8 LC_MONETARY=zh_CN.UTF-8 IM_CONFIG_PHASE=2 DBUS_SESSION_BUS_ADDRESS=unix:path=/run/user/1000/bus GNOME_DESKTOP_SESSION_ID=this-is-deprecated USERNAME=bwhe DESKTOP_SESSION=ubuntu CLUTTER_IM_MODULE=xim QT4_IM_MODULE=fcitx XDG_DATA_DIRS=/usr/share/ubuntu:/usr/local/share/:/usr/share/:/var/lib/snapd/desktop TEXTDOMAINDIR=/usr/share/locale/ XDG_MENU_PREFIX=gnome- LC_IDENTIFICATION=zh_CN.UTF-8 GNOME_SHELL_SESSION_MODE=ubuntu SHELL=/bin/zsh XDG_SESSION_TYPE=x11 QT_IM_MODULE=fcitx LC_TIME=zh_CN.UTF-8 TERM=xterm-256color SESSION_MANAGER=local/bwhe-THTF-T-Series:@/tmp/.ICE-unix/1522,unix/bwhe-THTF-T-Series:/tmp/.ICE-unix/1522 GTK_MODULES=gail:atk-bridge SSH_AGENT_PID=1613 GNOME_TERMINAL_SERVICE=:1.88 XDG_CURRENT_DESKTOP=ubuntu:GNOME PATH=/home/bwhe/anaconda3/bin:/home/bwhe/anaconda3/condabin:/home/bwhe/anaconda3/bin:/usr/local/sbin:/usr/local/bin:/usr/sbin:/usr/bin:/sbin:/bin:/usr/games:/usr/local/games:/snap/bin:/usr/local/go/bin:/home/bwhe/gocode/bin:/sbin:/usr/local/go/bin SSH_AUTH_SOCK=/run/user/1000/keyring/ssh XMODIFIERS=@im=fcitx HOME=/home/bwhe XDG_RUNTIME_DIR=/run/user/1000 GPG_AGENT_INFO=/run/user/1000/gnupg/S.gpg-agent:0:1 XDG_SEAT=seat0 VTE_VERSION=5202 QT_ACCESSIBILITY=1 OLDPWD=/home/bwhe ZSH=/home/bwhe/.oh-my-zsh PAGER=less LESS=-R LSCOLORS=Gxfxcxdxbxegedabagacad LS_COLORS=rs=0:di=01;34:ln=01;36:mh=00:pi=40;33:so=01;35:do=01;35:bd=40;33;01:cd=40;33;01:or=40;31;01:mi=00:su=37;41:sg=30;43:ca=30;41:tw=30;42:ow=34;42:st=37;44:ex=01;32:*.tar=01;31:*.tgz=01;31:*.arc=01;31:*.arj=01;31:*.taz=01;31:*.lha=01;31:*.lz4=01;31:*.lzh=01;31:*.lzma=01;31:*.tlz=01;31:*.txz=01;31:*.tzo=01;31:*.t7z=01;31:*.zip=01;31:*.z=01;31:*.Z=01;31:*.dz=01;31:*.gz=01;31:*.lrz=01;31:*.lz=01;31:*.lzo=01;31:*.xz=01;31:*.zst=01;31:*.tzst=01;31:*.bz2=01;31:*.bz=01;31:*.tbz=01;31:*.tbz2=01;31:*.tz=01;31:*.deb=01;31:*.rpm=01;31:*.jar=01;31:*.war=01;31:*.ear=01;31:*.sar=01;31:*.rar=01;31:*.alz=01;31:*.ace=01;31:*.zoo=01;31:*.cpio=01;31:*.7z=01;31:*.rz=01;31:*.cab=01;31:*.wim=01;31:*.swm=01;31:*.dwm=01;31:*.esd=01;31:*.jpg=01;35:*.jpeg=01;35:*.mjpg=01;35:*.mjpeg=01;35:*.gif=01;35:*.bmp=01;35:*.pbm=01;35:*.pgm=01;35:*.ppm=01;35:*.tga=01;35:*.xbm=01;35:*.xpm=01;35:*.tif=01;35:*.tiff=01;35:*.png=01;35:*.svg=01;35:*.svgz=01;35:*.mng=01;35:*.pcx=01;35:*.mov=01;35:*.mpg=01;35:*.mpeg=01;35:*.m2v=01;35:*.mkv=01;35:*.webm=01;35:*.ogm=01;35:*.mp4=01;35:*.m4v=01;35:*.mp4v=01;35:*.vob=01;35:*.qt=01;35:*.nuv=01;35:*.wmv=01;35:*.asf=01;35:*.rm=01;35:*.rmvb=01;35:*.flc=01;35:*.avi=01;35:*.fli=01;35:*.flv=01;35:*.gl=01;35:*.dl=01;35:*.xcf=01;35:*.xwd=01;35:*.yuv=01;35:*.cgm=01;35:*.emf=01;35:*.ogv=01;35:*.ogx=01;35:*.aac=00;36:*.au=00;36:*.flac=00;36:*.m4a=00;36:*.mid=00;36:*.midi=00;36:*.mka=00;36:*.mp3=00;36:*.mpc=00;36:*.ogg=00;36:*.ra=00;36:*.wav=00;36:*.oga=00;36:*.opus=00;36:*.spx=00;36:*.xspf=00;36: CONDA_EXE=/home/bwhe/anaconda3/bin/conda _CE_M= _CE_CONDA= CONDA_PYTHON_EXE=/home/bwhe/anaconda3/bin/python CONDA_SHLVL=1 CONDA_PREFIX=/home/bwhe/anaconda3 CONDA_DEFAULT_ENV=base CONDA_PROMPT_MODIFIER=(base)  _=/home/bwhe/idshwk/./test.sh
bwhe         -  0.0    -      -     - -        S+   11:29   0:00 -
bwhe      6615  0.0  0.0  46896  3892 pts/0    -    11:29   0:00 ps auxwwem CONDA_PROMPT_MODIFIER=(base)  USER=bwhe LC_TIME=zh_CN.UTF-8 TEXTDOMAIN=im-config XDG_SEAT=seat0 XDG_SESSION_TYPE=x11 SSH_AGENT_PID=1613 SHLVL=1 QT4_IM_MODULE=fcitx HOME=/home/bwhe OLDPWD=/home/bwhe LESS=-R CONDA_SHLVL=1 DESKTOP_SESSION=ubuntu ZSH=/home/bwhe/.oh-my-zsh LSCOLORS=Gxfxcxdxbxegedabagacad GNOME_SHELL_SESSION_MODE=ubuntu GTK_MODULES=gail:atk-bridge PAGER=less LC_MONETARY=zh_CN.UTF-8 GOROOT=/usr/local/go DBUS_SESSION_BUS_ADDRESS=unix:path=/run/user/1000/bus COLORTERM=truecolor _CE_M= MANDATORY_PATH=/usr/share/gconf/ubuntu.mandatory.path IM_CONFIG_PHASE=2 LOGNAME=bwhe GTK_IM_MODULE=fcitx DESKTOP_AUTOSTART_ID=105c50ab1eadd8a31415880430803861700000015220007 _=/home/bwhe/idshwk/./test.sh DEFAULTS_PATH=/usr/share/gconf/ubuntu.default.path XDG_SESSION_ID=2 USERNAME=bwhe TERM=xterm-256color GNOME_DESKTOP_SESSION_ID=this-is-deprecated _CE_CONDA= WINDOWPATH=2 PATH=/home/bwhe/anaconda3/bin:/home/bwhe/anaconda3/condabin:/home/bwhe/anaconda3/bin:/usr/local/sbin:/usr/local/bin:/usr/sbin:/usr/bin:/sbin:/bin:/usr/games:/usr/local/games:/snap/bin:/usr/local/go/bin:/home/bwhe/gocode/bin:/sbin:/usr/local/go/bin SESSION_MANAGER=local/bwhe-THTF-T-Series:@/tmp/.ICE-unix/1522,unix/bwhe-THTF-T-Series:/tmp/.ICE-unix/1522 LC_ADDRESS=zh_CN.UTF-8 GNOME_TERMINAL_SCREEN=/org/gnome/Terminal/screen/e272c2ee_decb_407e_8b9b_13395989fe5e XDG_MENU_PREFIX=gnome- XDG_RUNTIME_DIR=/run/user/1000 DISPLAY=:0 LC_TELEPHONE=zh_CN.UTF-8 LANG=en_US.UTF-8 XDG_CURRENT_DESKTOP=ubuntu:GNOME XAUTHORITY=/run/user/1000/gdm/Xauthority XDG_SESSION_DESKTOP=ubuntu GNOME_TERMINAL_SERVICE=:1.88 XMODIFIERS=@im=fcitx LS_COLORS=rs=0:di=01;34:ln=01;36:mh=00:pi=40;33:so=01;35:do=01;35:bd=40;33;01:cd=40;33;01:or=40;31;01:mi=00:su=37;41:sg=30;43:ca=30;41:tw=30;42:ow=34;42:st=37;44:ex=01;32:*.tar=01;31:*.tgz=01;31:*.arc=01;31:*.arj=01;31:*.taz=01;31:*.lha=01;31:*.lz4=01;31:*.lzh=01;31:*.lzma=01;31:*.tlz=01;31:*.txz=01;31:*.tzo=01;31:*.t7z=01;31:*.zip=01;31:*.z=01;31:*.Z=01;31:*.dz=01;31:*.gz=01;31:*.lrz=01;31:*.lz=01;31:*.lzo=01;31:*.xz=01;31:*.zst=01;31:*.tzst=01;31:*.bz2=01;31:*.bz=01;31:*.tbz=01;31:*.tbz2=01;31:*.tz=01;31:*.deb=01;31:*.rpm=01;31:*.jar=01;31:*.war=01;31:*.ear=01;31:*.sar=01;31:*.rar=01;31:*.alz=01;31:*.ace=01;31:*.zoo=01;31:*.cpio=01;31:*.7z=01;31:*.rz=01;31:*.cab=01;31:*.wim=01;31:*.swm=01;31:*.dwm=01;31:*.esd=01;31:*.jpg=01;35:*.jpeg=01;35:*.mjpg=01;35:*.mjpeg=01;35:*.gif=01;35:*.bmp=01;35:*.pbm=01;35:*.pgm=01;35:*.ppm=01;35:*.tga=01;35:*.xbm=01;35:*.xpm=01;35:*.tif=01;35:*.tiff=01;35:*.png=01;35:*.svg=01;35:*.svgz=01;35:*.mng=01;35:*.pcx=01;35:*.mov=01;35:*.mpg=01;35:*.mpeg=01;35:*.m2v=01;35:*.mkv=01;35:*.webm=01;35:*.ogm=01;35:*.mp4=01;35:*.m4v=01;35:*.mp4v=01;35:*.vob=01;35:*.qt=01;35:*.nuv=01;35:*.wmv=01;35:*.asf=01;35:*.rm=01;35:*.rmvb=01;35:*.flc=01;35:*.avi=01;35:*.fli=01;35:*.flv=01;35:*.gl=01;35:*.dl=01;35:*.xcf=01;35:*.xwd=01;35:*.yuv=01;35:*.cgm=01;35:*.emf=01;35:*.ogv=01;35:*.ogx=01;35:*.aac=00;36:*.au=00;36:*.flac=00;36:*.m4a=00;36:*.mid=00;36:*.midi=00;36:*.mka=00;36:*.mp3=00;36:*.mpc=00;36:*.ogg=00;36:*.ra=00;36:*.wav=00;36:*.oga=00;36:*.opus=00;36:*.spx=00;36:*.xspf=00;36: SSH_AUTH_SOCK=/run/user/1000/keyring/ssh CONDA_PYTHON_EXE=/home/bwhe/anaconda3/bin/python LC_NAME=zh_CN.UTF-8 GOPATH=/home/bwhe/gocode SHELL=/bin/zsh GDMSESSION=ubuntu QT_ACCESSIBILITY=1 CONDA_DEFAULT_ENV=base LC_MEASUREMENT=zh_CN.UTF-8 TEXTDOMAINDIR=/usr/share/locale/ LC_IDENTIFICATION=zh_CN.UTF-8 GPG_AGENT_INFO=/run/user/1000/gnupg/S.gpg-agent:0:1 XDG_VTNR=2 QT_IM_MODULE=fcitx PWD=/home/bwhe/idshwk XDG_CONFIG_DIRS=/etc/xdg/xdg-ubuntu:/etc/xdg CLUTTER_IM_MODULE=xim XDG_DATA_DIRS=/usr/share/ubuntu:/usr/local/share/:/usr/share/:/var/lib/snapd/desktop CONDA_EXE=/home/bwhe/anaconda3/bin/conda LC_NUMERIC=zh_CN.UTF-8 LC_PAPER=zh_CN.UTF-8 CONDA_PREFIX=/home/bwhe/anaconda3 VTE_VERSION=5202
bwhe         -  0.0    -      -     - -        R+   11:29   0:00 -
